14.0808 	WARNING 	User requested fullscreen with size [1024  768], but screen is actually [1920, 1200]. Using actual size
14.9708 	EXP 	Created window1 = Window(allowGUI=False, allowStencil=False, autoLog=True, backendConf=UNKNOWN, backgroundFit=<method-wrapper '__getattribute__' of attributeSetter object at 0x0000024A29A1D000>, backgroundImage=<method-wrapper '__getattribute__' of attributeSetter object at 0x0000024A29A1CFA0>, bitsMode=UNKNOWN, blendMode='avg', bpc=(8, 8, 8), color=array([0, 0, 0]), colorSpace='rgb', depthBits=8, fullscr=True, gamma=None, gammaErrorPolicy='raise', infoMsg=UNKNOWN, lms=UNKNOWN, monitor=<psychopy.monitors.calibTools.Monitor object at 0x0000024A29ACAAA0>, multiSample=False, name='window1', numSamples=2, pos=[np.float64(0.0), np.float64(0.0)], screen=0, size=array([1920, 1200]), stencilBits=0, stereo=False, title='PsychoPy', units='height', useFBO=True, useRetina=False, viewOri=0.0, viewPos=None, viewScale=None, waitBlanking=True, winType='pyglet')
14.9710 	EXP 	window1: backgroundImage = ''
14.9710 	EXP 	window1: backgroundFit = 'none'
15.4357 	EXP 	window1: Attempting to measure frame rate of screen (0) ...
15.4358 	EXP 	window1: recordFrameIntervals = False
15.5974 	EXP 	window1: recordFrameIntervals = True
16.4401 	EXP 	window1: recordFrameIntervals = False
16.4402 	EXP 	Screen (0) actual frame rate measured at 121.06Hz
16.6526 	EXP 	untitled: status = STARTED
16.8016 	EXP 	Created instructions_2 = TextStim(__class__=<class 'psychopy.visual.text.TextStim'>, alignHoriz=method-wrapper(...), alignText='center', alignVert=method-wrapper(...), anchorHoriz='center', anchorVert='center', antialias=True, autoDraw=False, autoLog=True, bold=False, color=array([1., 1., 1.]), colorSpace='rgb', contrast=1.0, depth=0.0, draggable=False, flipHoriz=False, flipVert=False, font='Arial', fontFiles=[], height=np.float64(0.05), italic=False, languageStyle='LTR', name='instructions_2', opacity=1, ori=0, pos=array([0., 0.]), rgb=UNKNOWN, text=str(...), units='height', win=Window(...), wrapWidth=1)
16.8085 	EXP 	Created fixation_1 = TextStim(__class__=<class 'psychopy.visual.text.TextStim'>, alignHoriz=method-wrapper(...), alignText='center', alignVert=method-wrapper(...), anchorHoriz='center', anchorVert='center', antialias=True, autoDraw=False, autoLog=True, bold=False, color=array([1., 1., 1.]), colorSpace='rgb', contrast=1.0, depth=0.0, draggable=False, flipHoriz=False, flipVert=False, font='Arial', fontFiles=[], height=np.float64(0.05), italic=False, languageStyle='LTR', name='fixation_1', opacity=1, ori=0, pos=array([0., 0.]), rgb=UNKNOWN, text='+', units='height', win=Window(...), wrapWidth=1)
16.8097 	WARNING 	Requested image 'grid' not found but similar filename 'grid.png' exists. This will be used instead but changing the filename is advised.
16.8629 	EXP 	Created grid_lines_2 = ImageStim(__class__=<class 'psychopy.visual.image.ImageStim'>, anchor=('center', 'center'), autoLog=True, color=array([1., 1., 1.]), colorSpace='rgb', contrast=1.0, depth=0.0, draggable=False, flipHoriz=np.False_, flipVert=np.False_, image='grid', interpolate=True, mask=None, maskParams=None, name='grid_lines_2', opacity=1, ori=0.0, pos=array([0., 0.]), size=array([0.6, 0.6]), texRes=128, units='height', win=Window(...))
16.8671 	EXP 	Created target_square_2 = Rect(__class__=<class 'psychopy.visual.rect.Rect'>, anchor=('center', 'center'), autoDraw=False, autoLog=True, closeShape=True, color=method-wrapper(...), colorSpace='rgb', contrast=None, depth=-1.0, draggable=False, fillColor=array([1., 1., 1.]), fillColorSpace='rgb', fillRGB=array([1., 1., 1.]), interpolate=True, lineColor=array([0., 0., 0.]), lineColorSpace='rgb', lineRGB=array([0, 0, 0]), lineWidth=1, name='target_square_2', opacity=1, ori=0.0, pos=array([0., 0.]), size=array([0.15, 0.15]), units='height', vertices=ndarray(...), win=Window(...))
16.8714 	EXP 	Created fixation_3 = TextStim(__class__=<class 'psychopy.visual.text.TextStim'>, alignHoriz=method-wrapper(...), alignText='center', alignVert=method-wrapper(...), anchorHoriz='center', anchorVert='center', antialias=True, autoDraw=False, autoLog=True, bold=False, color=array([1., 1., 1.]), colorSpace='rgb', contrast=1.0, depth=-2.0, draggable=False, flipHoriz=False, flipVert=False, font='Arial', fontFiles=[], height=np.float64(0.05), italic=False, languageStyle='LTR', name='fixation_3', opacity=1, ori=0, pos=array([0., 0.]), rgb=UNKNOWN, text='+', units='height', win=Window(...), wrapWidth=1)
16.9713 	EXP 	Created thank_you = TextStim(__class__=<class 'psychopy.visual.text.TextStim'>, alignHoriz=method-wrapper(...), alignText='center', alignVert=method-wrapper(...), anchorHoriz='center', anchorVert='center', antialias=True, autoDraw=False, autoLog=True, bold=False, color=array([1., 1., 1.]), colorSpace='rgb', contrast=1.0, depth=0.0, draggable=False, flipHoriz=False, flipVert=False, font='Arial', fontFiles=[], height=np.float64(0.1), italic=False, languageStyle='LTR', name='thank_you', opacity=1, ori=0, pos=array([0., 0.]), rgb=UNKNOWN, text=str(...), units='height', win=Window(...), wrapWidth=1)
0.0209 	EXP 	instructions_2: autoDraw = True
8.8144 	DATA 	Mouse: Left button down, pos=(1259,979)
8.8152 	DATA 	Mouse:  Left button up, pos=(1259,979)
9.8494 	EXP 	Device response: <KeyPress from None: t=9.829280100297183, value=space, duration=None>
9.8519 	DATA 	Keypress: space
9.8565 	EXP 	instructions_2: autoDraw = False
9.8565 	EXP 	fixation_1: autoDraw = True
9.8936 	EXP 	Device response: <KeyPress from None: t=9.829280100297183, value=space, duration=0.06358770001679659>
10.8673 	EXP 	Imported trial_2.xlsx as conditions, 100 conditions, 2 params
10.8694 	EXP 	New trial (rep=0, index=0): <Trial 0 (0 in rep 0) data={'location': [0, 0], 'corrAns': None, 'thisN': 0, 'thisTrialN': 0, 'thisRepN': 0}>
10.8839 	EXP 	fixation_1: autoDraw = False
10.8839 	EXP 	fixation_1: autoDraw = False
10.8839 	EXP 	grid_lines_2: autoDraw = True
10.8839 	EXP 	target_square_2: autoDraw = True
11.8449 	EXP 	fixation_3: autoDraw = True
11.8783 	EXP 	target_square_2: autoDraw = False
12.8368 	EXP 	fixation_3: autoDraw = False
12.8543 	EXP 	New trial (rep=0, index=1): <Trial 1 (1 in rep 0) data={'location': [0.2, 0], 'corrAns': None, 'thisN': 1, 'thisTrialN': 1, 'thisRepN': 0}>
12.8624 	EXP 	grid_lines_2: autoDraw = False
12.8624 	EXP 	target_square_2: autoDraw = False
12.8624 	EXP 	fixation_3: autoDraw = False
12.8624 	EXP 	grid_lines_2: autoDraw = True
12.8624 	EXP 	target_square_2: autoDraw = True
13.8460 	EXP 	fixation_3: autoDraw = True
13.8546 	EXP 	target_square_2: autoDraw = False
14.8392 	EXP 	fixation_3: autoDraw = False
14.8488 	EXP 	New trial (rep=0, index=2): <Trial 2 (2 in rep 0) data={'location': [-0.2, 0.2], 'corrAns': None, 'thisN': 2, 'thisTrialN': 2, 'thisRepN': 0}>
14.8575 	EXP 	grid_lines_2: autoDraw = False
14.8575 	EXP 	grid_lines_2: autoDraw = False
14.8575 	EXP 	target_square_2: autoDraw = False
14.8575 	EXP 	fixation_3: autoDraw = False
14.8575 	EXP 	grid_lines_2: autoDraw = True
14.8575 	EXP 	target_square_2: autoDraw = True
15.8480 	EXP 	fixation_3: autoDraw = True
15.8563 	EXP 	target_square_2: autoDraw = False
16.8405 	EXP 	fixation_3: autoDraw = False
16.8411 	EXP 	New trial (rep=0, index=3): <Trial 3 (3 in rep 0) data={'location': [-0.2, 0], 'corrAns': None, 'thisN': 3, 'thisTrialN': 3, 'thisRepN': 0}>
16.8488 	EXP 	grid_lines_2: autoDraw = False
16.8488 	EXP 	grid_lines_2: autoDraw = False
16.8488 	EXP 	target_square_2: autoDraw = False
16.8488 	EXP 	fixation_3: autoDraw = False
16.8488 	EXP 	grid_lines_2: autoDraw = True
16.8488 	EXP 	target_square_2: autoDraw = True
17.8417 	EXP 	target_square_2: autoDraw = False
17.8417 	EXP 	fixation_3: autoDraw = True
18.8335 	EXP 	fixation_3: autoDraw = False
18.8343 	EXP 	New trial (rep=0, index=4): <Trial 4 (4 in rep 0) data={'location': [-0.2, 0.2], 'corrAns': 'space', 'thisN': 4, 'thisTrialN': 4, 'thisRepN': 0}>
18.8421 	EXP 	grid_lines_2: autoDraw = False
18.8421 	EXP 	grid_lines_2: autoDraw = False
18.8421 	EXP 	target_square_2: autoDraw = False
18.8421 	EXP 	fixation_3: autoDraw = False
18.8421 	EXP 	grid_lines_2: autoDraw = True
18.8421 	EXP 	target_square_2: autoDraw = True
19.8347 	EXP 	target_square_2: autoDraw = False
19.8434 	EXP 	fixation_3: autoDraw = True
20.8279 	EXP 	New trial (rep=0, index=5): <Trial 5 (5 in rep 0) data={'location': [0.2, -0.2], 'corrAns': None, 'thisN': 5, 'thisTrialN': 5, 'thisRepN': 0}>
20.8356 	EXP 	grid_lines_2: autoDraw = False
20.8356 	EXP 	fixation_3: autoDraw = False
20.8356 	EXP 	grid_lines_2: autoDraw = False
20.8356 	EXP 	target_square_2: autoDraw = False
20.8356 	EXP 	fixation_3: autoDraw = False
20.8438 	EXP 	grid_lines_2: autoDraw = True
20.8438 	EXP 	target_square_2: autoDraw = True
21.8362 	EXP 	target_square_2: autoDraw = False
21.8441 	EXP 	fixation_3: autoDraw = True
22.8294 	EXP 	New trial (rep=0, index=6): <Trial 6 (6 in rep 0) data={'location': [0, -0.2], 'corrAns': None, 'thisN': 6, 'thisTrialN': 6, 'thisRepN': 0}>
22.8365 	EXP 	grid_lines_2: autoDraw = False
22.8365 	EXP 	fixation_3: autoDraw = False
22.8365 	EXP 	grid_lines_2: autoDraw = False
22.8365 	EXP 	target_square_2: autoDraw = False
22.8365 	EXP 	fixation_3: autoDraw = False
22.8459 	EXP 	grid_lines_2: autoDraw = True
22.8459 	EXP 	target_square_2: autoDraw = True
23.8382 	EXP 	target_square_2: autoDraw = False
23.8457 	EXP 	fixation_3: autoDraw = True
24.8311 	EXP 	New trial (rep=0, index=7): <Trial 7 (7 in rep 0) data={'location': [0.2, 0.2], 'corrAns': None, 'thisN': 7, 'thisTrialN': 7, 'thisRepN': 0}>
24.8383 	EXP 	grid_lines_2: autoDraw = False
24.8383 	EXP 	fixation_3: autoDraw = False
24.8383 	EXP 	grid_lines_2: autoDraw = False
24.8383 	EXP 	target_square_2: autoDraw = False
24.8383 	EXP 	fixation_3: autoDraw = False
24.8467 	EXP 	grid_lines_2: autoDraw = True
24.8467 	EXP 	target_square_2: autoDraw = True
25.8394 	EXP 	target_square_2: autoDraw = False
25.8477 	EXP 	fixation_3: autoDraw = True
26.8333 	EXP 	New trial (rep=0, index=8): <Trial 8 (8 in rep 0) data={'location': [0, -0.2], 'corrAns': 'space', 'thisN': 8, 'thisTrialN': 8, 'thisRepN': 0}>
26.8405 	EXP 	grid_lines_2: autoDraw = False
26.8405 	EXP 	fixation_3: autoDraw = False
26.8405 	EXP 	grid_lines_2: autoDraw = False
26.8405 	EXP 	target_square_2: autoDraw = False
26.8405 	EXP 	fixation_3: autoDraw = False
26.8405 	EXP 	grid_lines_2: autoDraw = True
26.8405 	EXP 	target_square_2: autoDraw = True
27.8327 	EXP 	target_square_2: autoDraw = False
27.8412 	EXP 	fixation_3: autoDraw = True
28.8258 	EXP 	New trial (rep=0, index=9): <Trial 9 (9 in rep 0) data={'location': [0.2, 0.2], 'corrAns': 'space', 'thisN': 9, 'thisTrialN': 9, 'thisRepN': 0}>
28.8332 	EXP 	grid_lines_2: autoDraw = False
28.8332 	EXP 	fixation_3: autoDraw = False
28.8332 	EXP 	grid_lines_2: autoDraw = False
28.8332 	EXP 	target_square_2: autoDraw = False
28.8332 	EXP 	fixation_3: autoDraw = False
28.8417 	EXP 	grid_lines_2: autoDraw = True
28.8417 	EXP 	target_square_2: autoDraw = True
29.8344 	EXP 	target_square_2: autoDraw = False
29.8424 	EXP 	fixation_3: autoDraw = True
30.8278 	EXP 	New trial (rep=0, index=10): <Trial 10 (10 in rep 0) data={'location': [0.2, 0], 'corrAns': None, 'thisN': 10, 'thisTrialN': 10, 'thisRepN': 0}>
30.8351 	EXP 	grid_lines_2: autoDraw = False
30.8351 	EXP 	fixation_3: autoDraw = False
30.8351 	EXP 	grid_lines_2: autoDraw = False
30.8351 	EXP 	target_square_2: autoDraw = False
30.8351 	EXP 	fixation_3: autoDraw = False
30.8445 	EXP 	grid_lines_2: autoDraw = True
30.8445 	EXP 	target_square_2: autoDraw = True
31.8359 	EXP 	target_square_2: autoDraw = False
31.8461 	EXP 	fixation_3: autoDraw = True
32.8294 	EXP 	New trial (rep=0, index=11): <Trial 11 (11 in rep 0) data={'location': [0, 0], 'corrAns': None, 'thisN': 11, 'thisTrialN': 11, 'thisRepN': 0}>
32.8369 	EXP 	grid_lines_2: autoDraw = False
32.8369 	EXP 	fixation_3: autoDraw = False
32.8369 	EXP 	grid_lines_2: autoDraw = False
32.8369 	EXP 	target_square_2: autoDraw = False
32.8369 	EXP 	fixation_3: autoDraw = False
32.8452 	EXP 	grid_lines_2: autoDraw = True
32.8452 	EXP 	target_square_2: autoDraw = True
33.8373 	EXP 	target_square_2: autoDraw = False
33.8457 	EXP 	fixation_3: autoDraw = True
34.8308 	EXP 	New trial (rep=0, index=12): <Trial 12 (12 in rep 0) data={'location': [0.2, -0.2], 'corrAns': None, 'thisN': 12, 'thisTrialN': 12, 'thisRepN': 0}>
34.8383 	EXP 	grid_lines_2: autoDraw = False
34.8383 	EXP 	fixation_3: autoDraw = False
34.8383 	EXP 	grid_lines_2: autoDraw = False
34.8383 	EXP 	target_square_2: autoDraw = False
34.8383 	EXP 	fixation_3: autoDraw = False
34.8472 	EXP 	grid_lines_2: autoDraw = True
34.8472 	EXP 	target_square_2: autoDraw = True
35.8390 	EXP 	target_square_2: autoDraw = False
35.8474 	EXP 	fixation_3: autoDraw = True
36.8322 	EXP 	New trial (rep=0, index=13): <Trial 13 (13 in rep 0) data={'location': [-0.2, -0.2], 'corrAns': None, 'thisN': 13, 'thisTrialN': 13, 'thisRepN': 0}>
36.8394 	EXP 	grid_lines_2: autoDraw = False
36.8394 	EXP 	fixation_3: autoDraw = False
36.8394 	EXP 	grid_lines_2: autoDraw = False
36.8394 	EXP 	target_square_2: autoDraw = False
36.8394 	EXP 	fixation_3: autoDraw = False
36.8480 	EXP 	grid_lines_2: autoDraw = True
36.8480 	EXP 	target_square_2: autoDraw = True
37.8403 	EXP 	target_square_2: autoDraw = False
37.8403 	EXP 	fixation_3: autoDraw = True
38.8325 	EXP 	New trial (rep=0, index=14): <Trial 14 (14 in rep 0) data={'location': [0.2, -0.2], 'corrAns': 'space', 'thisN': 14, 'thisTrialN': 14, 'thisRepN': 0}>
38.8384 	EXP 	grid_lines_2: autoDraw = False
38.8384 	EXP 	fixation_3: autoDraw = False
38.8384 	EXP 	grid_lines_2: autoDraw = False
38.8384 	EXP 	target_square_2: autoDraw = False
38.8384 	EXP 	fixation_3: autoDraw = False
38.8487 	EXP 	grid_lines_2: autoDraw = True
38.8487 	EXP 	target_square_2: autoDraw = True
39.8427 	EXP 	target_square_2: autoDraw = False
39.8427 	EXP 	fixation_3: autoDraw = True
40.8347 	EXP 	fixation_3: autoDraw = False
40.8353 	EXP 	New trial (rep=0, index=15): <Trial 15 (15 in rep 0) data={'location': [0, 0.2], 'corrAns': None, 'thisN': 15, 'thisTrialN': 15, 'thisRepN': 0}>
40.8434 	EXP 	grid_lines_2: autoDraw = False
40.8434 	EXP 	grid_lines_2: autoDraw = False
40.8434 	EXP 	target_square_2: autoDraw = False
40.8434 	EXP 	fixation_3: autoDraw = False
40.8434 	EXP 	grid_lines_2: autoDraw = True
40.8434 	EXP 	target_square_2: autoDraw = True
41.8359 	EXP 	target_square_2: autoDraw = False
41.8443 	EXP 	fixation_3: autoDraw = True
42.8285 	EXP 	New trial (rep=0, index=16): <Trial 16 (16 in rep 0) data={'location': [0.2, 0.2], 'corrAns': None, 'thisN': 16, 'thisTrialN': 16, 'thisRepN': 0}>
42.8363 	EXP 	grid_lines_2: autoDraw = False
42.8363 	EXP 	fixation_3: autoDraw = False
42.8363 	EXP 	grid_lines_2: autoDraw = False
42.8363 	EXP 	target_square_2: autoDraw = False
42.8363 	EXP 	fixation_3: autoDraw = False
42.8446 	EXP 	grid_lines_2: autoDraw = True
42.8446 	EXP 	target_square_2: autoDraw = True
43.8370 	EXP 	target_square_2: autoDraw = False
43.8453 	EXP 	fixation_3: autoDraw = True
44.8306 	EXP 	New trial (rep=0, index=17): <Trial 17 (17 in rep 0) data={'location': [0, 0], 'corrAns': None, 'thisN': 17, 'thisTrialN': 17, 'thisRepN': 0}>
44.8382 	EXP 	grid_lines_2: autoDraw = False
44.8382 	EXP 	fixation_3: autoDraw = False
44.8382 	EXP 	grid_lines_2: autoDraw = False
44.8382 	EXP 	target_square_2: autoDraw = False
44.8382 	EXP 	fixation_3: autoDraw = False
44.8470 	EXP 	grid_lines_2: autoDraw = True
44.8470 	EXP 	target_square_2: autoDraw = True
45.8384 	EXP 	target_square_2: autoDraw = False
45.8470 	EXP 	fixation_3: autoDraw = True
46.8319 	EXP 	New trial (rep=0, index=18): <Trial 18 (18 in rep 0) data={'location': [0, -0.2], 'corrAns': None, 'thisN': 18, 'thisTrialN': 18, 'thisRepN': 0}>
46.8393 	EXP 	grid_lines_2: autoDraw = False
46.8393 	EXP 	fixation_3: autoDraw = False
46.8393 	EXP 	grid_lines_2: autoDraw = False
46.8393 	EXP 	target_square_2: autoDraw = False
46.8393 	EXP 	fixation_3: autoDraw = False
46.8479 	EXP 	grid_lines_2: autoDraw = True
46.8479 	EXP 	target_square_2: autoDraw = True
47.8404 	EXP 	target_square_2: autoDraw = False
47.8404 	EXP 	fixation_3: autoDraw = True
48.8336 	EXP 	fixation_3: autoDraw = False
48.8343 	EXP 	New trial (rep=0, index=19): <Trial 19 (19 in rep 0) data={'location': [0.2, 0], 'corrAns': None, 'thisN': 19, 'thisTrialN': 19, 'thisRepN': 0}>
48.8408 	EXP 	grid_lines_2: autoDraw = False
48.8408 	EXP 	grid_lines_2: autoDraw = False
48.8408 	EXP 	target_square_2: autoDraw = False
48.8408 	EXP 	fixation_3: autoDraw = False
48.8408 	EXP 	grid_lines_2: autoDraw = True
48.8408 	EXP 	target_square_2: autoDraw = True
49.8343 	EXP 	target_square_2: autoDraw = False
49.8419 	EXP 	fixation_3: autoDraw = True
50.8269 	EXP 	New trial (rep=0, index=20): <Trial 20 (20 in rep 0) data={'location': [0, -0.2], 'corrAns': 'space', 'thisN': 20, 'thisTrialN': 20, 'thisRepN': 0}>
50.8341 	EXP 	grid_lines_2: autoDraw = False
50.8341 	EXP 	fixation_3: autoDraw = False
50.8341 	EXP 	grid_lines_2: autoDraw = False
50.8341 	EXP 	target_square_2: autoDraw = False
50.8341 	EXP 	fixation_3: autoDraw = False
50.8426 	EXP 	grid_lines_2: autoDraw = True
50.8426 	EXP 	target_square_2: autoDraw = True
51.8352 	EXP 	target_square_2: autoDraw = False
51.8436 	EXP 	fixation_3: autoDraw = True
52.8282 	EXP 	New trial (rep=0, index=21): <Trial 21 (21 in rep 0) data={'location': [-0.2, 0.2], 'corrAns': None, 'thisN': 21, 'thisTrialN': 21, 'thisRepN': 0}>
52.8360 	EXP 	grid_lines_2: autoDraw = False
52.8360 	EXP 	fixation_3: autoDraw = False
52.8360 	EXP 	grid_lines_2: autoDraw = False
52.8360 	EXP 	target_square_2: autoDraw = False
52.8360 	EXP 	fixation_3: autoDraw = False
52.8441 	EXP 	grid_lines_2: autoDraw = True
52.8441 	EXP 	target_square_2: autoDraw = True
53.8367 	EXP 	target_square_2: autoDraw = False
53.8451 	EXP 	fixation_3: autoDraw = True
54.8302 	EXP 	New trial (rep=0, index=22): <Trial 22 (22 in rep 0) data={'location': [0.2, -0.2], 'corrAns': None, 'thisN': 22, 'thisTrialN': 22, 'thisRepN': 0}>
54.8373 	EXP 	grid_lines_2: autoDraw = False
54.8373 	EXP 	fixation_3: autoDraw = False
54.8373 	EXP 	grid_lines_2: autoDraw = False
54.8373 	EXP 	target_square_2: autoDraw = False
54.8373 	EXP 	fixation_3: autoDraw = False
54.8459 	EXP 	grid_lines_2: autoDraw = True
54.8459 	EXP 	target_square_2: autoDraw = True
55.8386 	EXP 	target_square_2: autoDraw = False
55.8467 	EXP 	fixation_3: autoDraw = True
56.8318 	EXP 	New trial (rep=0, index=23): <Trial 23 (23 in rep 0) data={'location': [-0.2, 0.2], 'corrAns': 'space', 'thisN': 23, 'thisTrialN': 23, 'thisRepN': 0}>
56.8397 	EXP 	grid_lines_2: autoDraw = False
56.8397 	EXP 	fixation_3: autoDraw = False
56.8397 	EXP 	grid_lines_2: autoDraw = False
56.8397 	EXP 	target_square_2: autoDraw = False
56.8397 	EXP 	fixation_3: autoDraw = False
56.8477 	EXP 	grid_lines_2: autoDraw = True
56.8477 	EXP 	target_square_2: autoDraw = True
57.8403 	EXP 	target_square_2: autoDraw = False
57.8486 	EXP 	fixation_3: autoDraw = True
58.8333 	EXP 	New trial (rep=0, index=24): <Trial 24 (24 in rep 0) data={'location': [0, 0], 'corrAns': None, 'thisN': 24, 'thisTrialN': 24, 'thisRepN': 0}>
58.8405 	EXP 	grid_lines_2: autoDraw = False
58.8405 	EXP 	fixation_3: autoDraw = False
58.8405 	EXP 	grid_lines_2: autoDraw = False
58.8405 	EXP 	target_square_2: autoDraw = False
58.8405 	EXP 	fixation_3: autoDraw = False
58.8405 	EXP 	grid_lines_2: autoDraw = True
58.8405 	EXP 	target_square_2: autoDraw = True
59.8330 	EXP 	target_square_2: autoDraw = False
59.8413 	EXP 	fixation_3: autoDraw = True
60.8262 	EXP 	New trial (rep=0, index=25): <Trial 25 (25 in rep 0) data={'location': [0.2, 0.2], 'corrAns': None, 'thisN': 25, 'thisTrialN': 25, 'thisRepN': 0}>
60.8346 	EXP 	grid_lines_2: autoDraw = False
60.8346 	EXP 	fixation_3: autoDraw = False
60.8346 	EXP 	grid_lines_2: autoDraw = False
60.8346 	EXP 	target_square_2: autoDraw = False
60.8346 	EXP 	fixation_3: autoDraw = False
60.8423 	EXP 	grid_lines_2: autoDraw = True
60.8423 	EXP 	target_square_2: autoDraw = True
61.8353 	EXP 	target_square_2: autoDraw = False
61.8428 	EXP 	fixation_3: autoDraw = True
62.8281 	EXP 	New trial (rep=0, index=26): <Trial 26 (26 in rep 0) data={'location': [-0.2, -0.2], 'corrAns': None, 'thisN': 26, 'thisTrialN': 26, 'thisRepN': 0}>
62.8357 	EXP 	grid_lines_2: autoDraw = False
62.8357 	EXP 	fixation_3: autoDraw = False
62.8357 	EXP 	grid_lines_2: autoDraw = False
62.8357 	EXP 	target_square_2: autoDraw = False
62.8357 	EXP 	fixation_3: autoDraw = False
62.8439 	EXP 	grid_lines_2: autoDraw = True
62.8439 	EXP 	target_square_2: autoDraw = True
63.8365 	EXP 	target_square_2: autoDraw = False
63.8451 	EXP 	fixation_3: autoDraw = True
64.8304 	EXP 	New trial (rep=0, index=27): <Trial 27 (27 in rep 0) data={'location': [0.2, 0], 'corrAns': None, 'thisN': 27, 'thisTrialN': 27, 'thisRepN': 0}>
64.8374 	EXP 	grid_lines_2: autoDraw = False
64.8374 	EXP 	fixation_3: autoDraw = False
64.8374 	EXP 	grid_lines_2: autoDraw = False
64.8374 	EXP 	target_square_2: autoDraw = False
64.8374 	EXP 	fixation_3: autoDraw = False
64.8467 	EXP 	grid_lines_2: autoDraw = True
64.8467 	EXP 	target_square_2: autoDraw = True
65.8383 	EXP 	target_square_2: autoDraw = False
65.8463 	EXP 	fixation_3: autoDraw = True
66.8313 	EXP 	New trial (rep=0, index=28): <Trial 28 (28 in rep 0) data={'location': [0, 0.2], 'corrAns': None, 'thisN': 28, 'thisTrialN': 28, 'thisRepN': 0}>
66.8390 	EXP 	grid_lines_2: autoDraw = False
66.8390 	EXP 	fixation_3: autoDraw = False
66.8390 	EXP 	grid_lines_2: autoDraw = False
66.8390 	EXP 	target_square_2: autoDraw = False
66.8390 	EXP 	fixation_3: autoDraw = False
66.8472 	EXP 	grid_lines_2: autoDraw = True
66.8472 	EXP 	target_square_2: autoDraw = True
67.8395 	EXP 	target_square_2: autoDraw = False
67.8395 	EXP 	fixation_3: autoDraw = True
68.8321 	EXP 	fixation_3: autoDraw = False
68.8328 	EXP 	New trial (rep=0, index=29): <Trial 29 (29 in rep 0) data={'location': [0.2, 0], 'corrAns': 'space', 'thisN': 29, 'thisTrialN': 29, 'thisRepN': 0}>
68.8410 	EXP 	grid_lines_2: autoDraw = False
68.8410 	EXP 	grid_lines_2: autoDraw = False
68.8410 	EXP 	target_square_2: autoDraw = False
68.8410 	EXP 	fixation_3: autoDraw = False
68.8410 	EXP 	grid_lines_2: autoDraw = True
68.8410 	EXP 	target_square_2: autoDraw = True
69.8331 	EXP 	target_square_2: autoDraw = False
69.8415 	EXP 	fixation_3: autoDraw = True
70.8260 	EXP 	New trial (rep=0, index=30): <Trial 30 (30 in rep 0) data={'location': [-0.2, -0.2], 'corrAns': None, 'thisN': 30, 'thisTrialN': 30, 'thisRepN': 0}>
70.8338 	EXP 	grid_lines_2: autoDraw = False
70.8338 	EXP 	fixation_3: autoDraw = False
70.8338 	EXP 	grid_lines_2: autoDraw = False
70.8338 	EXP 	target_square_2: autoDraw = False
70.8338 	EXP 	fixation_3: autoDraw = False
70.8418 	EXP 	grid_lines_2: autoDraw = True
70.8418 	EXP 	target_square_2: autoDraw = True
71.8353 	EXP 	target_square_2: autoDraw = False
71.8430 	EXP 	fixation_3: autoDraw = True
72.8276 	EXP 	New trial (rep=0, index=31): <Trial 31 (31 in rep 0) data={'location': [0, -0.2], 'corrAns': None, 'thisN': 31, 'thisTrialN': 31, 'thisRepN': 0}>
72.8356 	EXP 	grid_lines_2: autoDraw = False
72.8356 	EXP 	fixation_3: autoDraw = False
72.8356 	EXP 	grid_lines_2: autoDraw = False
72.8356 	EXP 	target_square_2: autoDraw = False
72.8356 	EXP 	fixation_3: autoDraw = False
72.8436 	EXP 	grid_lines_2: autoDraw = True
72.8436 	EXP 	target_square_2: autoDraw = True
73.8363 	EXP 	target_square_2: autoDraw = False
73.8446 	EXP 	fixation_3: autoDraw = True
74.8292 	EXP 	New trial (rep=0, index=32): <Trial 32 (32 in rep 0) data={'location': [0, 0.2], 'corrAns': None, 'thisN': 32, 'thisTrialN': 32, 'thisRepN': 0}>
74.8371 	EXP 	grid_lines_2: autoDraw = False
74.8371 	EXP 	fixation_3: autoDraw = False
74.8371 	EXP 	grid_lines_2: autoDraw = False
74.8371 	EXP 	target_square_2: autoDraw = False
74.8371 	EXP 	fixation_3: autoDraw = False
74.8450 	EXP 	grid_lines_2: autoDraw = True
74.8450 	EXP 	target_square_2: autoDraw = True
75.8382 	EXP 	target_square_2: autoDraw = False
75.8461 	EXP 	fixation_3: autoDraw = True
76.8315 	EXP 	New trial (rep=0, index=33): <Trial 33 (33 in rep 0) data={'location': [0.2, 0.2], 'corrAns': None, 'thisN': 33, 'thisTrialN': 33, 'thisRepN': 0}>
76.8388 	EXP 	grid_lines_2: autoDraw = False
76.8388 	EXP 	fixation_3: autoDraw = False
76.8388 	EXP 	grid_lines_2: autoDraw = False
76.8388 	EXP 	target_square_2: autoDraw = False
76.8388 	EXP 	fixation_3: autoDraw = False
76.8469 	EXP 	grid_lines_2: autoDraw = True
76.8469 	EXP 	target_square_2: autoDraw = True
77.8401 	EXP 	target_square_2: autoDraw = False
77.8487 	EXP 	fixation_3: autoDraw = True
78.8329 	EXP 	New trial (rep=0, index=34): <Trial 34 (34 in rep 0) data={'location': [0, 0], 'corrAns': None, 'thisN': 34, 'thisTrialN': 34, 'thisRepN': 0}>
78.8414 	EXP 	grid_lines_2: autoDraw = False
78.8414 	EXP 	fixation_3: autoDraw = False
78.8414 	EXP 	grid_lines_2: autoDraw = False
78.8414 	EXP 	target_square_2: autoDraw = False
78.8414 	EXP 	fixation_3: autoDraw = False
78.8414 	EXP 	grid_lines_2: autoDraw = True
78.8414 	EXP 	target_square_2: autoDraw = True
79.8332 	EXP 	target_square_2: autoDraw = False
79.8410 	EXP 	fixation_3: autoDraw = True
80.8257 	EXP 	New trial (rep=0, index=35): <Trial 35 (35 in rep 0) data={'location': [0.2, -0.2], 'corrAns': None, 'thisN': 35, 'thisTrialN': 35, 'thisRepN': 0}>
80.8335 	EXP 	grid_lines_2: autoDraw = False
80.8335 	EXP 	fixation_3: autoDraw = False
80.8335 	EXP 	grid_lines_2: autoDraw = False
80.8335 	EXP 	target_square_2: autoDraw = False
80.8335 	EXP 	fixation_3: autoDraw = False
80.8419 	EXP 	grid_lines_2: autoDraw = True
80.8419 	EXP 	target_square_2: autoDraw = True
81.8346 	EXP 	target_square_2: autoDraw = False
81.8430 	EXP 	fixation_3: autoDraw = True
82.8273 	EXP 	New trial (rep=0, index=36): <Trial 36 (36 in rep 0) data={'location': [0.2, -0.2], 'corrAns': None, 'thisN': 36, 'thisTrialN': 36, 'thisRepN': 0}>
82.8353 	EXP 	grid_lines_2: autoDraw = False
82.8353 	EXP 	fixation_3: autoDraw = False
82.8353 	EXP 	grid_lines_2: autoDraw = False
82.8353 	EXP 	target_square_2: autoDraw = False
82.8353 	EXP 	fixation_3: autoDraw = False
82.8433 	EXP 	grid_lines_2: autoDraw = True
82.8433 	EXP 	target_square_2: autoDraw = True
83.8383 	EXP 	target_square_2: autoDraw = False
83.8493 	EXP 	fixation_3: autoDraw = True
84.8375 	EXP 	grid_lines_2: autoDraw = False
84.8382 	EXP 	New trial (rep=0, index=37): <Trial 37 (37 in rep 0) data={'location': [0, 0.2], 'corrAns': None, 'thisN': 37, 'thisTrialN': 37, 'thisRepN': 0}>
84.8455 	EXP 	fixation_3: autoDraw = False
84.8455 	EXP 	grid_lines_2: autoDraw = False
84.8455 	EXP 	target_square_2: autoDraw = False
84.8455 	EXP 	fixation_3: autoDraw = False
84.8455 	EXP 	grid_lines_2: autoDraw = True
84.8455 	EXP 	target_square_2: autoDraw = True
85.8382 	EXP 	target_square_2: autoDraw = False
85.8464 	EXP 	fixation_3: autoDraw = True
86.8311 	EXP 	New trial (rep=0, index=38): <Trial 38 (38 in rep 0) data={'location': [0.2, -0.2], 'corrAns': 'space', 'thisN': 38, 'thisTrialN': 38, 'thisRepN': 0}>
86.8395 	EXP 	grid_lines_2: autoDraw = False
86.8395 	EXP 	fixation_3: autoDraw = False
86.8395 	EXP 	grid_lines_2: autoDraw = False
86.8395 	EXP 	target_square_2: autoDraw = False
86.8395 	EXP 	fixation_3: autoDraw = False
86.8478 	EXP 	grid_lines_2: autoDraw = True
86.8478 	EXP 	target_square_2: autoDraw = True
87.8407 	EXP 	target_square_2: autoDraw = False
87.8485 	EXP 	fixation_3: autoDraw = True
88.8332 	EXP 	New trial (rep=0, index=39): <Trial 39 (39 in rep 0) data={'location': [-0.2, 0.2], 'corrAns': None, 'thisN': 39, 'thisTrialN': 39, 'thisRepN': 0}>
88.8404 	EXP 	grid_lines_2: autoDraw = False
88.8404 	EXP 	fixation_3: autoDraw = False
88.8404 	EXP 	grid_lines_2: autoDraw = False
88.8404 	EXP 	target_square_2: autoDraw = False
88.8404 	EXP 	fixation_3: autoDraw = False
88.8404 	EXP 	grid_lines_2: autoDraw = True
88.8404 	EXP 	target_square_2: autoDraw = True
89.8329 	EXP 	target_square_2: autoDraw = False
89.8407 	EXP 	fixation_3: autoDraw = True
90.8255 	EXP 	New trial (rep=0, index=40): <Trial 40 (40 in rep 0) data={'location': [0, -0.2], 'corrAns': None, 'thisN': 40, 'thisTrialN': 40, 'thisRepN': 0}>
90.8334 	EXP 	grid_lines_2: autoDraw = False
90.8334 	EXP 	fixation_3: autoDraw = False
90.8334 	EXP 	grid_lines_2: autoDraw = False
90.8334 	EXP 	target_square_2: autoDraw = False
90.8334 	EXP 	fixation_3: autoDraw = False
90.8420 	EXP 	grid_lines_2: autoDraw = True
90.8420 	EXP 	target_square_2: autoDraw = True
91.8349 	EXP 	target_square_2: autoDraw = False
91.8426 	EXP 	fixation_3: autoDraw = True
92.8277 	EXP 	New trial (rep=0, index=41): <Trial 41 (41 in rep 0) data={'location': [-0.2, 0.2], 'corrAns': 'space', 'thisN': 41, 'thisTrialN': 41, 'thisRepN': 0}>
92.8348 	EXP 	grid_lines_2: autoDraw = False
92.8348 	EXP 	fixation_3: autoDraw = False
92.8348 	EXP 	grid_lines_2: autoDraw = False
92.8348 	EXP 	target_square_2: autoDraw = False
92.8348 	EXP 	fixation_3: autoDraw = False
92.8439 	EXP 	grid_lines_2: autoDraw = True
92.8439 	EXP 	target_square_2: autoDraw = True
93.8355 	EXP 	target_square_2: autoDraw = False
93.8442 	EXP 	fixation_3: autoDraw = True
94.8292 	EXP 	New trial (rep=0, index=42): <Trial 42 (42 in rep 0) data={'location': [0.2, 0], 'corrAns': None, 'thisN': 42, 'thisTrialN': 42, 'thisRepN': 0}>
94.8366 	EXP 	grid_lines_2: autoDraw = False
94.8366 	EXP 	fixation_3: autoDraw = False
94.8366 	EXP 	grid_lines_2: autoDraw = False
94.8366 	EXP 	target_square_2: autoDraw = False
94.8366 	EXP 	fixation_3: autoDraw = False
94.8454 	EXP 	grid_lines_2: autoDraw = True
94.8454 	EXP 	target_square_2: autoDraw = True
95.8377 	EXP 	target_square_2: autoDraw = False
95.8457 	EXP 	fixation_3: autoDraw = True
96.8327 	EXP 	New trial (rep=0, index=43): <Trial 43 (43 in rep 0) data={'location': [0, 0], 'corrAns': None, 'thisN': 43, 'thisTrialN': 43, 'thisRepN': 0}>
96.8394 	EXP 	grid_lines_2: autoDraw = False
96.8394 	EXP 	fixation_3: autoDraw = False
96.8394 	EXP 	grid_lines_2: autoDraw = False
96.8394 	EXP 	target_square_2: autoDraw = False
96.8394 	EXP 	fixation_3: autoDraw = False
96.8476 	EXP 	grid_lines_2: autoDraw = True
96.8476 	EXP 	target_square_2: autoDraw = True
97.8394 	EXP 	target_square_2: autoDraw = False
97.8476 	EXP 	fixation_3: autoDraw = True
98.8318 	EXP 	New trial (rep=0, index=44): <Trial 44 (44 in rep 0) data={'location': [0.2, 0], 'corrAns': 'space', 'thisN': 44, 'thisTrialN': 44, 'thisRepN': 0}>
98.8398 	EXP 	grid_lines_2: autoDraw = False
98.8398 	EXP 	fixation_3: autoDraw = False
98.8398 	EXP 	grid_lines_2: autoDraw = False
98.8398 	EXP 	target_square_2: autoDraw = False
98.8398 	EXP 	fixation_3: autoDraw = False
98.8487 	EXP 	grid_lines_2: autoDraw = True
98.8487 	EXP 	target_square_2: autoDraw = True
99.8408 	EXP 	target_square_2: autoDraw = False
99.8488 	EXP 	fixation_3: autoDraw = True
100.8334 	EXP 	New trial (rep=0, index=45): <Trial 45 (45 in rep 0) data={'location': [0, 0.2], 'corrAns': None, 'thisN': 45, 'thisTrialN': 45, 'thisRepN': 0}>
100.8414 	EXP 	grid_lines_2: autoDraw = False
100.8414 	EXP 	fixation_3: autoDraw = False
100.8414 	EXP 	grid_lines_2: autoDraw = False
100.8414 	EXP 	target_square_2: autoDraw = False
100.8414 	EXP 	fixation_3: autoDraw = False
100.8414 	EXP 	grid_lines_2: autoDraw = True
100.8414 	EXP 	target_square_2: autoDraw = True
101.8353 	EXP 	target_square_2: autoDraw = False
101.8421 	EXP 	fixation_3: autoDraw = True
102.8267 	EXP 	New trial (rep=0, index=46): <Trial 46 (46 in rep 0) data={'location': [0.2, 0.2], 'corrAns': None, 'thisN': 46, 'thisTrialN': 46, 'thisRepN': 0}>
102.8348 	EXP 	grid_lines_2: autoDraw = False
102.8348 	EXP 	fixation_3: autoDraw = False
102.8348 	EXP 	grid_lines_2: autoDraw = False
102.8348 	EXP 	target_square_2: autoDraw = False
102.8348 	EXP 	fixation_3: autoDraw = False
102.8428 	EXP 	grid_lines_2: autoDraw = True
102.8428 	EXP 	target_square_2: autoDraw = True
103.8413 	EXP 	target_square_2: autoDraw = False
103.8413 	EXP 	fixation_3: autoDraw = True
104.8310 	EXP 	New trial (rep=0, index=47): <Trial 47 (47 in rep 0) data={'location': [0, 0], 'corrAns': None, 'thisN': 47, 'thisTrialN': 47, 'thisRepN': 0}>
104.8386 	EXP 	grid_lines_2: autoDraw = False
104.8386 	EXP 	fixation_3: autoDraw = False
104.8386 	EXP 	grid_lines_2: autoDraw = False
104.8386 	EXP 	target_square_2: autoDraw = False
104.8386 	EXP 	fixation_3: autoDraw = False
104.8458 	EXP 	grid_lines_2: autoDraw = True
104.8458 	EXP 	target_square_2: autoDraw = True
105.8381 	EXP 	target_square_2: autoDraw = False
105.8526 	EXP 	fixation_3: autoDraw = True
106.8383 	EXP 	grid_lines_2: autoDraw = False
106.8391 	EXP 	New trial (rep=0, index=48): <Trial 48 (48 in rep 0) data={'location': [0, -0.2], 'corrAns': None, 'thisN': 48, 'thisTrialN': 48, 'thisRepN': 0}>
106.8512 	EXP 	fixation_3: autoDraw = False
106.8512 	EXP 	grid_lines_2: autoDraw = False
106.8512 	EXP 	target_square_2: autoDraw = False
106.8512 	EXP 	fixation_3: autoDraw = False
106.8512 	EXP 	grid_lines_2: autoDraw = True
106.8512 	EXP 	target_square_2: autoDraw = True
107.8538 	EXP 	target_square_2: autoDraw = False
107.8538 	EXP 	fixation_3: autoDraw = True
108.8407 	EXP 	New trial (rep=0, index=49): <Trial 49 (49 in rep 0) data={'location': [-0.2, -0.2], 'corrAns': None, 'thisN': 49, 'thisTrialN': 49, 'thisRepN': 0}>
108.8546 	EXP 	grid_lines_2: autoDraw = False
108.8546 	EXP 	fixation_3: autoDraw = False
108.8546 	EXP 	grid_lines_2: autoDraw = False
108.8546 	EXP 	target_square_2: autoDraw = False
108.8546 	EXP 	fixation_3: autoDraw = False
108.8546 	EXP 	grid_lines_2: autoDraw = True
108.8546 	EXP 	target_square_2: autoDraw = True
109.8522 	EXP 	target_square_2: autoDraw = False
109.8522 	EXP 	fixation_3: autoDraw = True
110.8424 	EXP 	New trial (rep=0, index=50): <Trial 50 (50 in rep 0) data={'location': [0, -0.2], 'corrAns': 'space', 'thisN': 50, 'thisTrialN': 50, 'thisRepN': 0}>
110.8533 	EXP 	grid_lines_2: autoDraw = False
110.8533 	EXP 	fixation_3: autoDraw = False
110.8533 	EXP 	grid_lines_2: autoDraw = False
110.8533 	EXP 	target_square_2: autoDraw = False
110.8533 	EXP 	fixation_3: autoDraw = False
110.8533 	EXP 	grid_lines_2: autoDraw = True
110.8533 	EXP 	target_square_2: autoDraw = True
111.8431 	EXP 	fixation_3: autoDraw = True
111.8501 	EXP 	target_square_2: autoDraw = False
112.8347 	EXP 	fixation_3: autoDraw = False
112.8436 	EXP 	New trial (rep=0, index=51): <Trial 51 (51 in rep 0) data={'location': [0, 0.2], 'corrAns': None, 'thisN': 51, 'thisTrialN': 51, 'thisRepN': 0}>
112.8511 	EXP 	grid_lines_2: autoDraw = False
112.8511 	EXP 	grid_lines_2: autoDraw = False
112.8511 	EXP 	target_square_2: autoDraw = False
112.8511 	EXP 	fixation_3: autoDraw = False
112.8511 	EXP 	grid_lines_2: autoDraw = True
112.8511 	EXP 	target_square_2: autoDraw = True
113.8443 	EXP 	target_square_2: autoDraw = False
113.8443 	EXP 	fixation_3: autoDraw = True
113.8618 	DATA 	Mouse: Left button down, pos=(1613,845)
113.8623 	DATA 	Mouse:  Left button up, pos=(1613,845)
114.1888 	EXP 	Device response: <KeyPress from None: t=114.1858820002526, value=escape, duration=None>
114.1903 	DATA 	Keypress: escape
114.2620 	EXP 	Device response: <KeyPress from None: t=114.1858820002526, value=escape, duration=0.07293589971959591>
114.2622 	EXP 	untitled: status = STOPPED
114.2694 	EXP 	grid_lines_2: autoDraw = False
114.2694 	EXP 	fixation_3: autoDraw = False
114.2697 	EXP 	untitled: status = STOPPED
