45.1615 	WARNING 	User requested fullscreen with size [1024  768], but screen is actually [1920, 1200]. Using actual size
45.7494 	EXP 	Created window1 = Window(allowGUI=False, allowStencil=False, autoLog=True, backendConf=UNKNOWN, backgroundFit=<method-wrapper '__getattribute__' of attributeSetter object at 0x000002CD4ACE9000>, backgroundImage=<method-wrapper '__getattribute__' of attributeSetter object at 0x000002CD4ACE8FA0>, bitsMode=UNKNOWN, blendMode='avg', bpc=(8, 8, 8), color=array([0, 0, 0]), colorSpace='rgb', depthBits=8, fullscr=True, gamma=None, gammaErrorPolicy='raise', infoMsg=UNKNOWN, lms=UNKNOWN, monitor=<psychopy.monitors.calibTools.Monitor object at 0x000002CD4AD96AA0>, multiSample=False, name='window1', numSamples=2, pos=[np.float64(0.0), np.float64(0.0)], screen=0, size=array([1920, 1200]), stencilBits=0, stereo=False, title='PsychoPy', units='height', useFBO=True, useRetina=False, viewOri=0.0, viewPos=None, viewScale=None, waitBlanking=True, winType='pyglet')
45.7496 	EXP 	window1: backgroundImage = ''
45.7496 	EXP 	window1: backgroundFit = 'none'
46.2755 	EXP 	window1: Attempting to measure frame rate of screen (0) ...
46.2755 	EXP 	window1: recordFrameIntervals = False
46.4567 	EXP 	window1: recordFrameIntervals = True
47.2990 	EXP 	window1: recordFrameIntervals = False
47.2991 	EXP 	Screen (0) actual frame rate measured at 119.88Hz
47.5430 	EXP 	untitled: status = STARTED
47.6678 	EXP 	Created instructions_2 = TextStim(__class__=<class 'psychopy.visual.text.TextStim'>, alignHoriz=method-wrapper(...), alignText='center', alignVert=method-wrapper(...), anchorHoriz='center', anchorVert='center', antialias=True, autoDraw=False, autoLog=True, bold=False, color=array([1., 1., 1.]), colorSpace='rgb', contrast=1.0, depth=0.0, draggable=False, flipHoriz=False, flipVert=False, font='Arial', fontFiles=[], height=np.float64(0.05), italic=False, languageStyle='LTR', name='instructions_2', opacity=1, ori=0, pos=array([0., 0.]), rgb=UNKNOWN, text=str(...), units='height', win=Window(...), wrapWidth=1)
47.6738 	EXP 	Created fixation_1 = TextStim(__class__=<class 'psychopy.visual.text.TextStim'>, alignHoriz=method-wrapper(...), alignText='center', alignVert=method-wrapper(...), anchorHoriz='center', anchorVert='center', antialias=True, autoDraw=False, autoLog=True, bold=False, color=array([1., 1., 1.]), colorSpace='rgb', contrast=1.0, depth=0.0, draggable=False, flipHoriz=False, flipVert=False, font='Arial', fontFiles=[], height=np.float64(0.05), italic=False, languageStyle='LTR', name='fixation_1', opacity=1, ori=0, pos=array([0., 0.]), rgb=UNKNOWN, text='+', units='height', win=Window(...), wrapWidth=1)
47.6750 	WARNING 	Requested image 'grid' not found but similar filename 'grid.png' exists. This will be used instead but changing the filename is advised.
47.7442 	EXP 	Created grid_lines_2 = ImageStim(__class__=<class 'psychopy.visual.image.ImageStim'>, anchor=('center', 'center'), autoLog=True, color=array([1., 1., 1.]), colorSpace='rgb', contrast=1.0, depth=0.0, draggable=False, flipHoriz=np.False_, flipVert=np.False_, image='grid', interpolate=True, mask=None, maskParams=None, name='grid_lines_2', opacity=1, ori=0.0, pos=array([0., 0.]), size=array([0.6, 0.6]), texRes=128, units='height', win=Window(...))
47.7471 	EXP 	Created target_square_2 = Rect(__class__=<class 'psychopy.visual.rect.Rect'>, anchor=('center', 'center'), autoDraw=False, autoLog=True, closeShape=True, color=method-wrapper(...), colorSpace='rgb', contrast=None, depth=-1.0, draggable=False, fillColor=array([1., 1., 1.]), fillColorSpace='rgb', fillRGB=array([1., 1., 1.]), interpolate=True, lineColor=array([0., 0., 0.]), lineColorSpace='rgb', lineRGB=array([0, 0, 0]), lineWidth=1, name='target_square_2', opacity=1, ori=0.0, pos=array([0., 0.]), size=array([0.15, 0.15]), units='height', vertices=ndarray(...), win=Window(...))
47.7523 	EXP 	Created fixation_3 = TextStim(__class__=<class 'psychopy.visual.text.TextStim'>, alignHoriz=method-wrapper(...), alignText='center', alignVert=method-wrapper(...), anchorHoriz='center', anchorVert='center', antialias=True, autoDraw=False, autoLog=True, bold=False, color=array([1., 1., 1.]), colorSpace='rgb', contrast=1.0, depth=-2.0, draggable=False, flipHoriz=False, flipVert=False, font='Arial', fontFiles=[], height=np.float64(0.05), italic=False, languageStyle='LTR', name='fixation_3', opacity=1, ori=0, pos=array([0., 0.]), rgb=UNKNOWN, text='+', units='height', win=Window(...), wrapWidth=1)
47.8607 	EXP 	Created thank_you = TextStim(__class__=<class 'psychopy.visual.text.TextStim'>, alignHoriz=method-wrapper(...), alignText='center', alignVert=method-wrapper(...), anchorHoriz='center', anchorVert='center', antialias=True, autoDraw=False, autoLog=True, bold=False, color=array([1., 1., 1.]), colorSpace='rgb', contrast=1.0, depth=0.0, draggable=False, flipHoriz=False, flipVert=False, font='Arial', fontFiles=[], height=np.float64(0.1), italic=False, languageStyle='LTR', name='thank_you', opacity=1, ori=0, pos=array([0., 0.]), rgb=UNKNOWN, text=str(...), units='height', win=Window(...), wrapWidth=1)
0.0196 	EXP 	instructions_2: autoDraw = True
21.1164 	DATA 	Mouse: Left button down, pos=(1131,799)
21.1166 	DATA 	Mouse:  Left button up, pos=(1131,799)
25.1604 	EXP 	Device response: <KeyPress from None: t=25.136889799963683, value=space, duration=None>
25.1632 	DATA 	Keypress: space
25.1681 	EXP 	instructions_2: autoDraw = False
25.1681 	EXP 	fixation_1: autoDraw = True
25.2170 	EXP 	Device response: <KeyPress from None: t=25.136889799963683, value=space, duration=0.0715581001713872>
26.1763 	EXP 	Imported trial_2.xlsx as conditions, 100 conditions, 2 params
26.1789 	EXP 	New trial (rep=0, index=0): <Trial 0 (0 in rep 0) data={'location': [0, 0], 'corrAns': None, 'thisN': 0, 'thisTrialN': 0, 'thisRepN': 0}>
26.1920 	EXP 	fixation_1: autoDraw = False
26.1920 	EXP 	fixation_1: autoDraw = False
26.1920 	EXP 	grid_lines_2: autoDraw = True
26.1920 	EXP 	target_square_2: autoDraw = True
27.1509 	EXP 	fixation_3: autoDraw = True
27.1852 	EXP 	target_square_2: autoDraw = False
28.1445 	EXP 	fixation_3: autoDraw = False
28.1697 	EXP 	New trial (rep=0, index=1): <Trial 1 (1 in rep 0) data={'location': [0.2, 0], 'corrAns': None, 'thisN': 1, 'thisTrialN': 1, 'thisRepN': 0}>
28.1782 	EXP 	grid_lines_2: autoDraw = False
28.1782 	EXP 	target_square_2: autoDraw = False
28.1782 	EXP 	fixation_3: autoDraw = False
28.1782 	EXP 	grid_lines_2: autoDraw = True
28.1782 	EXP 	target_square_2: autoDraw = True
29.1523 	EXP 	fixation_3: autoDraw = True
29.1702 	EXP 	target_square_2: autoDraw = False
30.1457 	EXP 	fixation_3: autoDraw = False
30.1631 	EXP 	New trial (rep=0, index=2): <Trial 2 (2 in rep 0) data={'location': [-0.2, 0.2], 'corrAns': None, 'thisN': 2, 'thisTrialN': 2, 'thisRepN': 0}>
30.1699 	EXP 	grid_lines_2: autoDraw = False
30.1699 	EXP 	target_square_2: autoDraw = False
30.1699 	EXP 	fixation_3: autoDraw = False
30.1699 	EXP 	grid_lines_2: autoDraw = True
30.1699 	EXP 	target_square_2: autoDraw = True
31.1541 	EXP 	fixation_3: autoDraw = True
31.1632 	EXP 	target_square_2: autoDraw = False
32.1467 	EXP 	fixation_3: autoDraw = False
32.1569 	EXP 	New trial (rep=0, index=3): <Trial 3 (3 in rep 0) data={'location': [-0.2, 0], 'corrAns': None, 'thisN': 3, 'thisTrialN': 3, 'thisRepN': 0}>
32.1644 	EXP 	grid_lines_2: autoDraw = False
32.1644 	EXP 	grid_lines_2: autoDraw = False
32.1644 	EXP 	target_square_2: autoDraw = False
32.1644 	EXP 	fixation_3: autoDraw = False
32.1644 	EXP 	grid_lines_2: autoDraw = True
32.1644 	EXP 	target_square_2: autoDraw = True
33.1582 	EXP 	target_square_2: autoDraw = False
33.1582 	EXP 	fixation_3: autoDraw = True
34.1495 	EXP 	New trial (rep=0, index=4): <Trial 4 (4 in rep 0) data={'location': [-0.2, 0.2], 'corrAns': 'space', 'thisN': 4, 'thisTrialN': 4, 'thisRepN': 0}>
34.1586 	EXP 	grid_lines_2: autoDraw = False
34.1586 	EXP 	fixation_3: autoDraw = False
34.1586 	EXP 	grid_lines_2: autoDraw = False
34.1586 	EXP 	target_square_2: autoDraw = False
34.1586 	EXP 	fixation_3: autoDraw = False
34.1586 	EXP 	grid_lines_2: autoDraw = True
34.1586 	EXP 	target_square_2: autoDraw = True
35.1497 	EXP 	target_square_2: autoDraw = False
35.1586 	EXP 	fixation_3: autoDraw = True
36.1433 	EXP 	New trial (rep=0, index=5): <Trial 5 (5 in rep 0) data={'location': [0.2, -0.2], 'corrAns': None, 'thisN': 5, 'thisTrialN': 5, 'thisRepN': 0}>
36.1499 	EXP 	grid_lines_2: autoDraw = False
36.1499 	EXP 	fixation_3: autoDraw = False
36.1499 	EXP 	grid_lines_2: autoDraw = False
36.1499 	EXP 	target_square_2: autoDraw = False
36.1499 	EXP 	fixation_3: autoDraw = False
36.1591 	EXP 	grid_lines_2: autoDraw = True
36.1591 	EXP 	target_square_2: autoDraw = True
37.1511 	EXP 	target_square_2: autoDraw = False
37.1602 	EXP 	fixation_3: autoDraw = True
38.1443 	EXP 	New trial (rep=0, index=6): <Trial 6 (6 in rep 0) data={'location': [0, -0.2], 'corrAns': None, 'thisN': 6, 'thisTrialN': 6, 'thisRepN': 0}>
38.1520 	EXP 	grid_lines_2: autoDraw = False
38.1520 	EXP 	fixation_3: autoDraw = False
38.1520 	EXP 	grid_lines_2: autoDraw = False
38.1520 	EXP 	target_square_2: autoDraw = False
38.1520 	EXP 	fixation_3: autoDraw = False
38.1520 	EXP 	grid_lines_2: autoDraw = True
38.1520 	EXP 	target_square_2: autoDraw = True
39.1447 	EXP 	target_square_2: autoDraw = False
39.1531 	EXP 	fixation_3: autoDraw = True
40.1379 	EXP 	New trial (rep=0, index=7): <Trial 7 (7 in rep 0) data={'location': [0.2, 0.2], 'corrAns': None, 'thisN': 7, 'thisTrialN': 7, 'thisRepN': 0}>
40.1452 	EXP 	grid_lines_2: autoDraw = False
40.1452 	EXP 	fixation_3: autoDraw = False
40.1452 	EXP 	grid_lines_2: autoDraw = False
40.1452 	EXP 	target_square_2: autoDraw = False
40.1452 	EXP 	fixation_3: autoDraw = False
40.1527 	EXP 	grid_lines_2: autoDraw = True
40.1527 	EXP 	target_square_2: autoDraw = True
41.1463 	EXP 	target_square_2: autoDraw = False
41.1550 	EXP 	fixation_3: autoDraw = True
42.1399 	EXP 	New trial (rep=0, index=8): <Trial 8 (8 in rep 0) data={'location': [0, -0.2], 'corrAns': 'space', 'thisN': 8, 'thisTrialN': 8, 'thisRepN': 0}>
42.1467 	EXP 	grid_lines_2: autoDraw = False
42.1467 	EXP 	fixation_3: autoDraw = False
42.1467 	EXP 	grid_lines_2: autoDraw = False
42.1467 	EXP 	target_square_2: autoDraw = False
42.1467 	EXP 	fixation_3: autoDraw = False
42.1556 	EXP 	grid_lines_2: autoDraw = True
42.1556 	EXP 	target_square_2: autoDraw = True
43.1480 	EXP 	target_square_2: autoDraw = False
43.1562 	EXP 	fixation_3: autoDraw = True
44.1420 	EXP 	New trial (rep=0, index=9): <Trial 9 (9 in rep 0) data={'location': [0.2, 0.2], 'corrAns': 'space', 'thisN': 9, 'thisTrialN': 9, 'thisRepN': 0}>
44.1477 	EXP 	grid_lines_2: autoDraw = False
44.1477 	EXP 	fixation_3: autoDraw = False
44.1477 	EXP 	grid_lines_2: autoDraw = False
44.1477 	EXP 	target_square_2: autoDraw = False
44.1477 	EXP 	fixation_3: autoDraw = False
44.1569 	EXP 	grid_lines_2: autoDraw = True
44.1569 	EXP 	target_square_2: autoDraw = True
45.1494 	EXP 	target_square_2: autoDraw = False
45.1575 	EXP 	fixation_3: autoDraw = True
46.1428 	EXP 	New trial (rep=0, index=10): <Trial 10 (10 in rep 0) data={'location': [0.2, 0], 'corrAns': None, 'thisN': 10, 'thisTrialN': 10, 'thisRepN': 0}>
46.1502 	EXP 	grid_lines_2: autoDraw = False
46.1502 	EXP 	fixation_3: autoDraw = False
46.1502 	EXP 	grid_lines_2: autoDraw = False
46.1502 	EXP 	target_square_2: autoDraw = False
46.1502 	EXP 	fixation_3: autoDraw = False
46.1585 	EXP 	grid_lines_2: autoDraw = True
46.1585 	EXP 	target_square_2: autoDraw = True
47.1511 	EXP 	target_square_2: autoDraw = False
47.1581 	EXP 	fixation_3: autoDraw = True
48.1451 	EXP 	New trial (rep=0, index=11): <Trial 11 (11 in rep 0) data={'location': [0, 0], 'corrAns': None, 'thisN': 11, 'thisTrialN': 11, 'thisRepN': 0}>
48.1532 	EXP 	grid_lines_2: autoDraw = False
48.1532 	EXP 	fixation_3: autoDraw = False
48.1532 	EXP 	grid_lines_2: autoDraw = False
48.1532 	EXP 	target_square_2: autoDraw = False
48.1532 	EXP 	fixation_3: autoDraw = False
48.1532 	EXP 	grid_lines_2: autoDraw = True
48.1532 	EXP 	target_square_2: autoDraw = True
49.1447 	EXP 	target_square_2: autoDraw = False
49.1523 	EXP 	fixation_3: autoDraw = True
50.1398 	EXP 	New trial (rep=0, index=12): <Trial 12 (12 in rep 0) data={'location': [0.2, -0.2], 'corrAns': None, 'thisN': 12, 'thisTrialN': 12, 'thisRepN': 0}>
50.1468 	EXP 	grid_lines_2: autoDraw = False
50.1468 	EXP 	fixation_3: autoDraw = False
50.1468 	EXP 	grid_lines_2: autoDraw = False
50.1468 	EXP 	target_square_2: autoDraw = False
50.1468 	EXP 	fixation_3: autoDraw = False
50.1553 	EXP 	grid_lines_2: autoDraw = True
50.1553 	EXP 	target_square_2: autoDraw = True
51.1462 	EXP 	target_square_2: autoDraw = False
51.1546 	EXP 	fixation_3: autoDraw = True
52.1388 	EXP 	New trial (rep=0, index=13): <Trial 13 (13 in rep 0) data={'location': [-0.2, -0.2], 'corrAns': None, 'thisN': 13, 'thisTrialN': 13, 'thisRepN': 0}>
52.1467 	EXP 	grid_lines_2: autoDraw = False
52.1467 	EXP 	fixation_3: autoDraw = False
52.1467 	EXP 	grid_lines_2: autoDraw = False
52.1467 	EXP 	target_square_2: autoDraw = False
52.1467 	EXP 	fixation_3: autoDraw = False
52.1538 	EXP 	grid_lines_2: autoDraw = True
52.1538 	EXP 	target_square_2: autoDraw = True
53.3107 	EXP 	target_square_2: autoDraw = False
53.3107 	EXP 	fixation_3: autoDraw = True
54.1480 	EXP 	grid_lines_2: autoDraw = False
54.1661 	EXP 	New trial (rep=0, index=14): <Trial 14 (14 in rep 0) data={'location': [0.2, -0.2], 'corrAns': 'space', 'thisN': 14, 'thisTrialN': 14, 'thisRepN': 0}>
54.1736 	EXP 	grid_lines_2: autoDraw = False
54.1736 	EXP 	target_square_2: autoDraw = False
54.1736 	EXP 	fixation_3: autoDraw = False
54.1736 	EXP 	grid_lines_2: autoDraw = True
54.1736 	EXP 	target_square_2: autoDraw = True
55.1579 	EXP 	fixation_3: autoDraw = True
55.1659 	EXP 	target_square_2: autoDraw = False
56.1506 	EXP 	fixation_3: autoDraw = False
56.1596 	EXP 	New trial (rep=0, index=15): <Trial 15 (15 in rep 0) data={'location': [0, 0.2], 'corrAns': None, 'thisN': 15, 'thisTrialN': 15, 'thisRepN': 0}>
56.1689 	EXP 	grid_lines_2: autoDraw = False
56.1689 	EXP 	grid_lines_2: autoDraw = False
56.1689 	EXP 	target_square_2: autoDraw = False
56.1689 	EXP 	fixation_3: autoDraw = False
56.1689 	EXP 	grid_lines_2: autoDraw = True
56.1689 	EXP 	target_square_2: autoDraw = True
57.1592 	EXP 	fixation_3: autoDraw = True
57.1673 	EXP 	target_square_2: autoDraw = False
58.1532 	EXP 	fixation_3: autoDraw = False
58.1538 	EXP 	New trial (rep=0, index=16): <Trial 16 (16 in rep 0) data={'location': [0.2, 0.2], 'corrAns': None, 'thisN': 16, 'thisTrialN': 16, 'thisRepN': 0}>
58.1593 	EXP 	grid_lines_2: autoDraw = False
58.1593 	EXP 	grid_lines_2: autoDraw = False
58.1593 	EXP 	target_square_2: autoDraw = False
58.1593 	EXP 	fixation_3: autoDraw = False
58.1593 	EXP 	grid_lines_2: autoDraw = True
58.1593 	EXP 	target_square_2: autoDraw = True
59.1526 	EXP 	target_square_2: autoDraw = False
59.1526 	EXP 	fixation_3: autoDraw = True
60.1446 	EXP 	fixation_3: autoDraw = False
60.1455 	EXP 	New trial (rep=0, index=17): <Trial 17 (17 in rep 0) data={'location': [0, 0], 'corrAns': None, 'thisN': 17, 'thisTrialN': 17, 'thisRepN': 0}>
60.1532 	EXP 	grid_lines_2: autoDraw = False
60.1532 	EXP 	grid_lines_2: autoDraw = False
60.1532 	EXP 	target_square_2: autoDraw = False
60.1532 	EXP 	fixation_3: autoDraw = False
60.1532 	EXP 	grid_lines_2: autoDraw = True
60.1532 	EXP 	target_square_2: autoDraw = True
61.1453 	EXP 	target_square_2: autoDraw = False
61.1536 	EXP 	fixation_3: autoDraw = True
62.1388 	EXP 	New trial (rep=0, index=18): <Trial 18 (18 in rep 0) data={'location': [0, -0.2], 'corrAns': None, 'thisN': 18, 'thisTrialN': 18, 'thisRepN': 0}>
62.1468 	EXP 	grid_lines_2: autoDraw = False
62.1468 	EXP 	fixation_3: autoDraw = False
62.1468 	EXP 	grid_lines_2: autoDraw = False
62.1468 	EXP 	target_square_2: autoDraw = False
62.1468 	EXP 	fixation_3: autoDraw = False
62.1543 	EXP 	grid_lines_2: autoDraw = True
62.1543 	EXP 	target_square_2: autoDraw = True
63.1472 	EXP 	target_square_2: autoDraw = False
63.1546 	EXP 	fixation_3: autoDraw = True
64.1392 	EXP 	New trial (rep=0, index=19): <Trial 19 (19 in rep 0) data={'location': [0.2, 0], 'corrAns': None, 'thisN': 19, 'thisTrialN': 19, 'thisRepN': 0}>
64.1473 	EXP 	grid_lines_2: autoDraw = False
64.1473 	EXP 	fixation_3: autoDraw = False
64.1473 	EXP 	grid_lines_2: autoDraw = False
64.1473 	EXP 	target_square_2: autoDraw = False
64.1473 	EXP 	fixation_3: autoDraw = False
64.1552 	EXP 	grid_lines_2: autoDraw = True
64.1552 	EXP 	target_square_2: autoDraw = True
65.1489 	EXP 	target_square_2: autoDraw = False
65.1574 	EXP 	fixation_3: autoDraw = True
66.1419 	EXP 	New trial (rep=0, index=20): <Trial 20 (20 in rep 0) data={'location': [0, -0.2], 'corrAns': 'space', 'thisN': 20, 'thisTrialN': 20, 'thisRepN': 0}>
66.1496 	EXP 	grid_lines_2: autoDraw = False
66.1496 	EXP 	fixation_3: autoDraw = False
66.1496 	EXP 	grid_lines_2: autoDraw = False
66.1496 	EXP 	target_square_2: autoDraw = False
66.1496 	EXP 	fixation_3: autoDraw = False
66.1580 	EXP 	grid_lines_2: autoDraw = True
66.1580 	EXP 	target_square_2: autoDraw = True
67.1508 	EXP 	target_square_2: autoDraw = False
67.1599 	EXP 	fixation_3: autoDraw = True
68.1440 	EXP 	New trial (rep=0, index=21): <Trial 21 (21 in rep 0) data={'location': [-0.2, 0.2], 'corrAns': None, 'thisN': 21, 'thisTrialN': 21, 'thisRepN': 0}>
68.1513 	EXP 	grid_lines_2: autoDraw = False
68.1513 	EXP 	fixation_3: autoDraw = False
68.1513 	EXP 	grid_lines_2: autoDraw = False
68.1513 	EXP 	target_square_2: autoDraw = False
68.1513 	EXP 	fixation_3: autoDraw = False
68.1513 	EXP 	grid_lines_2: autoDraw = True
68.1513 	EXP 	target_square_2: autoDraw = True
69.1440 	EXP 	target_square_2: autoDraw = False
69.1523 	EXP 	fixation_3: autoDraw = True
70.1360 	EXP 	New trial (rep=0, index=22): <Trial 22 (22 in rep 0) data={'location': [0.2, -0.2], 'corrAns': None, 'thisN': 22, 'thisTrialN': 22, 'thisRepN': 0}>
70.1440 	EXP 	grid_lines_2: autoDraw = False
70.1440 	EXP 	fixation_3: autoDraw = False
70.1440 	EXP 	grid_lines_2: autoDraw = False
70.1440 	EXP 	target_square_2: autoDraw = False
70.1440 	EXP 	fixation_3: autoDraw = False
70.1527 	EXP 	grid_lines_2: autoDraw = True
70.1527 	EXP 	target_square_2: autoDraw = True
71.1452 	EXP 	target_square_2: autoDraw = False
71.1529 	EXP 	fixation_3: autoDraw = True
72.1382 	EXP 	New trial (rep=0, index=23): <Trial 23 (23 in rep 0) data={'location': [-0.2, 0.2], 'corrAns': 'space', 'thisN': 23, 'thisTrialN': 23, 'thisRepN': 0}>
72.1457 	EXP 	grid_lines_2: autoDraw = False
72.1457 	EXP 	fixation_3: autoDraw = False
72.1457 	EXP 	grid_lines_2: autoDraw = False
72.1457 	EXP 	target_square_2: autoDraw = False
72.1457 	EXP 	fixation_3: autoDraw = False
72.1546 	EXP 	grid_lines_2: autoDraw = True
72.1546 	EXP 	target_square_2: autoDraw = True
73.1472 	EXP 	target_square_2: autoDraw = False
73.1562 	EXP 	fixation_3: autoDraw = True
74.1410 	EXP 	New trial (rep=0, index=24): <Trial 24 (24 in rep 0) data={'location': [0, 0], 'corrAns': None, 'thisN': 24, 'thisTrialN': 24, 'thisRepN': 0}>
74.1483 	EXP 	grid_lines_2: autoDraw = False
74.1483 	EXP 	fixation_3: autoDraw = False
74.1483 	EXP 	grid_lines_2: autoDraw = False
74.1483 	EXP 	target_square_2: autoDraw = False
74.1483 	EXP 	fixation_3: autoDraw = False
74.1561 	EXP 	grid_lines_2: autoDraw = True
74.1561 	EXP 	target_square_2: autoDraw = True
75.1489 	EXP 	target_square_2: autoDraw = False
75.1601 	EXP 	fixation_3: autoDraw = True
76.1496 	EXP 	grid_lines_2: autoDraw = False
76.1507 	EXP 	New trial (rep=0, index=25): <Trial 25 (25 in rep 0) data={'location': [0.2, 0.2], 'corrAns': None, 'thisN': 25, 'thisTrialN': 25, 'thisRepN': 0}>
76.1594 	EXP 	fixation_3: autoDraw = False
76.1594 	EXP 	grid_lines_2: autoDraw = False
76.1594 	EXP 	target_square_2: autoDraw = False
76.1594 	EXP 	fixation_3: autoDraw = False
76.1594 	EXP 	grid_lines_2: autoDraw = True
76.1594 	EXP 	target_square_2: autoDraw = True
77.1504 	EXP 	target_square_2: autoDraw = False
77.1585 	EXP 	fixation_3: autoDraw = True
78.1441 	EXP 	New trial (rep=0, index=26): <Trial 26 (26 in rep 0) data={'location': [-0.2, -0.2], 'corrAns': None, 'thisN': 26, 'thisTrialN': 26, 'thisRepN': 0}>
78.1506 	EXP 	grid_lines_2: autoDraw = False
78.1506 	EXP 	fixation_3: autoDraw = False
78.1506 	EXP 	grid_lines_2: autoDraw = False
78.1506 	EXP 	target_square_2: autoDraw = False
78.1506 	EXP 	fixation_3: autoDraw = False
78.1594 	EXP 	grid_lines_2: autoDraw = True
78.1594 	EXP 	target_square_2: autoDraw = True
79.1521 	EXP 	target_square_2: autoDraw = False
79.1521 	EXP 	fixation_3: autoDraw = True
80.1444 	EXP 	fixation_3: autoDraw = False
80.1455 	EXP 	New trial (rep=0, index=27): <Trial 27 (27 in rep 0) data={'location': [0.2, 0], 'corrAns': None, 'thisN': 27, 'thisTrialN': 27, 'thisRepN': 0}>
80.1543 	EXP 	grid_lines_2: autoDraw = False
80.1543 	EXP 	grid_lines_2: autoDraw = False
80.1543 	EXP 	target_square_2: autoDraw = False
80.1543 	EXP 	fixation_3: autoDraw = False
80.1543 	EXP 	grid_lines_2: autoDraw = True
80.1543 	EXP 	target_square_2: autoDraw = True
81.1749 	EXP 	target_square_2: autoDraw = False
81.1857 	EXP 	fixation_3: autoDraw = True
82.1463 	EXP 	grid_lines_2: autoDraw = False
82.1631 	EXP 	New trial (rep=0, index=28): <Trial 28 (28 in rep 0) data={'location': [0, 0.2], 'corrAns': None, 'thisN': 28, 'thisTrialN': 28, 'thisRepN': 0}>
82.1705 	EXP 	grid_lines_2: autoDraw = False
82.1705 	EXP 	target_square_2: autoDraw = False
82.1705 	EXP 	fixation_3: autoDraw = False
82.1705 	EXP 	grid_lines_2: autoDraw = True
82.1705 	EXP 	target_square_2: autoDraw = True
83.1548 	EXP 	fixation_3: autoDraw = True
83.1623 	EXP 	target_square_2: autoDraw = False
84.1471 	EXP 	fixation_3: autoDraw = False
84.1566 	EXP 	New trial (rep=0, index=29): <Trial 29 (29 in rep 0) data={'location': [0.2, 0], 'corrAns': 'space', 'thisN': 29, 'thisTrialN': 29, 'thisRepN': 0}>
84.1638 	EXP 	grid_lines_2: autoDraw = False
84.1638 	EXP 	grid_lines_2: autoDraw = False
84.1638 	EXP 	target_square_2: autoDraw = False
84.1638 	EXP 	fixation_3: autoDraw = False
84.1638 	EXP 	grid_lines_2: autoDraw = True
84.1638 	EXP 	target_square_2: autoDraw = True
85.1562 	EXP 	target_square_2: autoDraw = False
85.1562 	EXP 	fixation_3: autoDraw = True
86.1493 	EXP 	fixation_3: autoDraw = False
86.1505 	EXP 	New trial (rep=0, index=30): <Trial 30 (30 in rep 0) data={'location': [-0.2, -0.2], 'corrAns': None, 'thisN': 30, 'thisTrialN': 30, 'thisRepN': 0}>
86.1584 	EXP 	grid_lines_2: autoDraw = False
86.1584 	EXP 	grid_lines_2: autoDraw = False
86.1584 	EXP 	target_square_2: autoDraw = False
86.1584 	EXP 	fixation_3: autoDraw = False
86.1584 	EXP 	grid_lines_2: autoDraw = True
86.1584 	EXP 	target_square_2: autoDraw = True
87.1510 	EXP 	target_square_2: autoDraw = False
87.1582 	EXP 	fixation_3: autoDraw = True
88.1427 	EXP 	New trial (rep=0, index=31): <Trial 31 (31 in rep 0) data={'location': [0, -0.2], 'corrAns': None, 'thisN': 31, 'thisTrialN': 31, 'thisRepN': 0}>
88.1508 	EXP 	grid_lines_2: autoDraw = False
88.1508 	EXP 	fixation_3: autoDraw = False
88.1508 	EXP 	grid_lines_2: autoDraw = False
88.1508 	EXP 	target_square_2: autoDraw = False
88.1508 	EXP 	fixation_3: autoDraw = False
88.1579 	EXP 	grid_lines_2: autoDraw = True
88.1579 	EXP 	target_square_2: autoDraw = True
89.1513 	EXP 	target_square_2: autoDraw = False
89.1593 	EXP 	fixation_3: autoDraw = True
90.1442 	EXP 	New trial (rep=0, index=32): <Trial 32 (32 in rep 0) data={'location': [0, 0.2], 'corrAns': None, 'thisN': 32, 'thisTrialN': 32, 'thisRepN': 0}>
90.1524 	EXP 	grid_lines_2: autoDraw = False
90.1524 	EXP 	fixation_3: autoDraw = False
90.1524 	EXP 	grid_lines_2: autoDraw = False
90.1524 	EXP 	target_square_2: autoDraw = False
90.1524 	EXP 	fixation_3: autoDraw = False
90.1524 	EXP 	grid_lines_2: autoDraw = True
90.1524 	EXP 	target_square_2: autoDraw = True
