17.4908 	WARNING 	User requested fullscreen with size [1024  768], but screen is actually [1920, 1200]. Using actual size
18.2032 	EXP 	Created window1 = Window(allowGUI=False, allowStencil=False, autoLog=True, backendConf=UNKNOWN, backgroundFit=<method-wrapper '__getattribute__' of attributeSetter object at 0x0000021101435660>, backgroundImage=<method-wrapper '__getattribute__' of attributeSetter object at 0x0000021101435600>, bitsMode=UNKNOWN, blendMode='avg', bpc=(8, 8, 8), color=array([0, 0, 0]), colorSpace='rgb', depthBits=8, fullscr=True, gamma=None, gammaErrorPolicy='raise', infoMsg=UNKNOWN, lms=UNKNOWN, monitor=<psychopy.monitors.calibTools.Monitor object at 0x00000211014E3100>, multiSample=False, name='window1', numSamples=2, pos=[np.float64(0.0), np.float64(0.0)], screen=0, size=array([1920, 1200]), stencilBits=0, stereo=False, title='PsychoPy', units='height', useFBO=True, useRetina=False, viewOri=0.0, viewPos=None, viewScale=None, waitBlanking=True, winType='pyglet')
18.2034 	EXP 	window1: backgroundImage = ''
18.2034 	EXP 	window1: backgroundFit = 'none'
18.6328 	EXP 	window1: Attempting to measure frame rate of screen (0) ...
18.6328 	EXP 	window1: recordFrameIntervals = False
18.8350 	EXP 	window1: recordFrameIntervals = True
19.6682 	EXP 	window1: recordFrameIntervals = False
19.6682 	EXP 	Screen (0) actual frame rate measured at 120.31Hz
19.8601 	EXP 	untitled: status = STARTED
19.9577 	EXP 	Created instructions_2 = TextStim(__class__=<class 'psychopy.visual.text.TextStim'>, alignHoriz=method-wrapper(...), alignText='center', alignVert=method-wrapper(...), anchorHoriz='center', anchorVert='center', antialias=True, autoDraw=False, autoLog=True, bold=False, color=array([1., 1., 1.]), colorSpace='rgb', contrast=1.0, depth=0.0, draggable=False, flipHoriz=False, flipVert=False, font='Arial', fontFiles=[], height=np.float64(0.05), italic=False, languageStyle='LTR', name='instructions_2', opacity=1, ori=0, pos=array([0., 0.]), rgb=UNKNOWN, text=str(...), units='height', win=Window(...), wrapWidth=1)
19.9606 	EXP 	Created fixation_1 = TextStim(__class__=<class 'psychopy.visual.text.TextStim'>, alignHoriz=method-wrapper(...), alignText='center', alignVert=method-wrapper(...), anchorHoriz='center', anchorVert='center', antialias=True, autoDraw=False, autoLog=True, bold=False, color=array([1., 1., 1.]), colorSpace='rgb', contrast=1.0, depth=0.0, draggable=False, flipHoriz=False, flipVert=False, font='Arial', fontFiles=[], height=np.float64(0.05), italic=False, languageStyle='LTR', name='fixation_1', opacity=1, ori=0, pos=array([0., 0.]), rgb=UNKNOWN, text='+', units='height', win=Window(...), wrapWidth=1)
19.9619 	WARNING 	Requested image 'grid' not found but similar filename 'grid.png' exists. This will be used instead but changing the filename is advised.
20.0260 	EXP 	Created grid_lines_2 = ImageStim(__class__=<class 'psychopy.visual.image.ImageStim'>, anchor=('center', 'center'), autoLog=True, color=array([1., 1., 1.]), colorSpace='rgb', contrast=1.0, depth=0.0, draggable=False, flipHoriz=np.False_, flipVert=np.False_, image='grid', interpolate=True, mask=None, maskParams=None, name='grid_lines_2', opacity=1, ori=0.0, pos=array([0., 0.]), size=array([0.6, 0.6]), texRes=128, units='height', win=Window(...))
20.0276 	EXP 	Created target_square_2 = Rect(__class__=<class 'psychopy.visual.rect.Rect'>, anchor=('center', 'center'), autoDraw=False, autoLog=True, closeShape=True, color=method-wrapper(...), colorSpace='rgb', contrast=None, depth=-1.0, draggable=False, fillColor=array([1., 1., 1.]), fillColorSpace='rgb', fillRGB=array([1., 1., 1.]), interpolate=True, lineColor=array([0., 0., 0.]), lineColorSpace='rgb', lineRGB=array([0, 0, 0]), lineWidth=1, name='target_square_2', opacity=1, ori=0.0, pos=array([0., 0.]), size=array([0.15, 0.15]), units='height', vertices=ndarray(...), win=Window(...))
20.0297 	EXP 	Created fixation_3 = TextStim(__class__=<class 'psychopy.visual.text.TextStim'>, alignHoriz=method-wrapper(...), alignText='center', alignVert=method-wrapper(...), anchorHoriz='center', anchorVert='center', antialias=True, autoDraw=False, autoLog=True, bold=False, color=array([1., 1., 1.]), colorSpace='rgb', contrast=1.0, depth=-2.0, draggable=False, flipHoriz=False, flipVert=False, font='Arial', fontFiles=[], height=np.float64(0.05), italic=False, languageStyle='LTR', name='fixation_3', opacity=1, ori=0, pos=array([0., 0.]), rgb=UNKNOWN, text='+', units='height', win=Window(...), wrapWidth=1)
50.1538 	EXP 	Created thank_you = TextStim(__class__=<class 'psychopy.visual.text.TextStim'>, alignHoriz=method-wrapper(...), alignText='center', alignVert=method-wrapper(...), anchorHoriz='center', anchorVert='center', antialias=True, autoDraw=False, autoLog=True, bold=False, color=array([1., 1., 1.]), colorSpace='rgb', contrast=1.0, depth=0.0, draggable=False, flipHoriz=False, flipVert=False, font='Arial', fontFiles=[], height=np.float64(0.1), italic=False, languageStyle='LTR', name='thank_you', opacity=1, ori=0, pos=array([0., 0.]), rgb=UNKNOWN, text=str(...), units='height', win=Window(...), wrapWidth=1)
0.0113 	EXP 	instructions_2: autoDraw = True
14.8226 	EXP 	Device response: <KeyPress from None: t=14.760686200112104, value=space, duration=None>
14.8250 	DATA 	Keypress: space
14.8313 	EXP 	instructions_2: autoDraw = False
14.8313 	EXP 	fixation_1: autoDraw = True
14.8455 	EXP 	Device response: <KeyPress from None: t=14.760686200112104, value=space, duration=0.0796857001259923>
15.8317 	EXP 	Imported trial_2.xlsx as conditions, 100 conditions, 2 params
15.8738 	EXP 	New trial (rep=0, index=0): <Trial 0 (0 in rep 0) data={'location': [0, 0], 'corrAns': None, 'thisN': 0, 'thisTrialN': 0, 'thisRepN': 0}>
15.8861 	EXP 	fixation_1: autoDraw = False
15.8861 	EXP 	fixation_1: autoDraw = False
15.8861 	EXP 	grid_lines_2: autoDraw = True
15.8861 	EXP 	target_square_2: autoDraw = True
16.8170 	EXP 	fixation_3: autoDraw = True
16.8839 	EXP 	target_square_2: autoDraw = False
17.8090 	EXP 	fixation_3: autoDraw = False
17.8258 	EXP 	New trial (rep=0, index=1): <Trial 1 (1 in rep 0) data={'location': [0.2, 0], 'corrAns': None, 'thisN': 1, 'thisTrialN': 1, 'thisRepN': 0}>
17.8336 	EXP 	grid_lines_2: autoDraw = False
17.8336 	EXP 	target_square_2: autoDraw = False
17.8336 	EXP 	fixation_3: autoDraw = False
17.8336 	EXP 	grid_lines_2: autoDraw = True
17.8336 	EXP 	target_square_2: autoDraw = True
18.8171 	EXP 	fixation_3: autoDraw = True
18.8254 	EXP 	target_square_2: autoDraw = False
19.8088 	EXP 	fixation_3: autoDraw = False
19.8180 	EXP 	New trial (rep=0, index=2): <Trial 2 (2 in rep 0) data={'location': [-0.2, 0.2], 'corrAns': None, 'thisN': 2, 'thisTrialN': 2, 'thisRepN': 0}>
19.8252 	EXP 	grid_lines_2: autoDraw = False
19.8252 	EXP 	grid_lines_2: autoDraw = False
19.8252 	EXP 	target_square_2: autoDraw = False
19.8252 	EXP 	fixation_3: autoDraw = False
19.8252 	EXP 	grid_lines_2: autoDraw = True
19.8252 	EXP 	target_square_2: autoDraw = True
20.8171 	EXP 	target_square_2: autoDraw = False
20.8171 	EXP 	fixation_3: autoDraw = True
21.8088 	EXP 	fixation_3: autoDraw = False
21.8093 	EXP 	New trial (rep=0, index=3): <Trial 3 (3 in rep 0) data={'location': [-0.2, 0], 'corrAns': None, 'thisN': 3, 'thisTrialN': 3, 'thisRepN': 0}>
21.8171 	EXP 	grid_lines_2: autoDraw = False
21.8171 	EXP 	grid_lines_2: autoDraw = False
21.8171 	EXP 	target_square_2: autoDraw = False
21.8171 	EXP 	fixation_3: autoDraw = False
21.8171 	EXP 	grid_lines_2: autoDraw = True
21.8171 	EXP 	target_square_2: autoDraw = True
22.8089 	EXP 	target_square_2: autoDraw = False
22.8171 	EXP 	fixation_3: autoDraw = True
23.8010 	EXP 	New trial (rep=0, index=4): <Trial 4 (4 in rep 0) data={'location': [-0.2, 0.2], 'corrAns': 'space', 'thisN': 4, 'thisTrialN': 4, 'thisRepN': 0}>
23.8088 	EXP 	grid_lines_2: autoDraw = False
23.8088 	EXP 	fixation_3: autoDraw = False
23.8088 	EXP 	grid_lines_2: autoDraw = False
23.8088 	EXP 	target_square_2: autoDraw = False
23.8088 	EXP 	fixation_3: autoDraw = False
23.8171 	EXP 	grid_lines_2: autoDraw = True
23.8171 	EXP 	target_square_2: autoDraw = True
24.8089 	EXP 	target_square_2: autoDraw = False
24.8171 	EXP 	fixation_3: autoDraw = True
25.8012 	EXP 	New trial (rep=0, index=5): <Trial 5 (5 in rep 0) data={'location': [0.2, -0.2], 'corrAns': None, 'thisN': 5, 'thisTrialN': 5, 'thisRepN': 0}>
25.8090 	EXP 	grid_lines_2: autoDraw = False
25.8090 	EXP 	fixation_3: autoDraw = False
25.8090 	EXP 	grid_lines_2: autoDraw = False
25.8090 	EXP 	target_square_2: autoDraw = False
25.8090 	EXP 	fixation_3: autoDraw = False
25.8171 	EXP 	grid_lines_2: autoDraw = True
25.8171 	EXP 	target_square_2: autoDraw = True
26.8089 	EXP 	target_square_2: autoDraw = False
26.8173 	EXP 	fixation_3: autoDraw = True
27.8013 	EXP 	New trial (rep=0, index=6): <Trial 6 (6 in rep 0) data={'location': [0, -0.2], 'corrAns': None, 'thisN': 6, 'thisTrialN': 6, 'thisRepN': 0}>
27.8092 	EXP 	grid_lines_2: autoDraw = False
27.8092 	EXP 	fixation_3: autoDraw = False
27.8092 	EXP 	grid_lines_2: autoDraw = False
27.8092 	EXP 	target_square_2: autoDraw = False
27.8092 	EXP 	fixation_3: autoDraw = False
27.8175 	EXP 	grid_lines_2: autoDraw = True
27.8175 	EXP 	target_square_2: autoDraw = True
28.8091 	EXP 	target_square_2: autoDraw = False
28.8172 	EXP 	fixation_3: autoDraw = True
29.8014 	EXP 	New trial (rep=0, index=7): <Trial 7 (7 in rep 0) data={'location': [0.2, 0.2], 'corrAns': None, 'thisN': 7, 'thisTrialN': 7, 'thisRepN': 0}>
29.8092 	EXP 	grid_lines_2: autoDraw = False
29.8092 	EXP 	fixation_3: autoDraw = False
29.8092 	EXP 	grid_lines_2: autoDraw = False
29.8092 	EXP 	target_square_2: autoDraw = False
29.8092 	EXP 	fixation_3: autoDraw = False
29.8172 	EXP 	grid_lines_2: autoDraw = True
29.8172 	EXP 	target_square_2: autoDraw = True
30.8091 	EXP 	target_square_2: autoDraw = False
30.8180 	EXP 	fixation_3: autoDraw = True
31.8012 	EXP 	New trial (rep=0, index=8): <Trial 8 (8 in rep 0) data={'location': [0, -0.2], 'corrAns': 'space', 'thisN': 8, 'thisTrialN': 8, 'thisRepN': 0}>
31.8091 	EXP 	grid_lines_2: autoDraw = False
31.8091 	EXP 	fixation_3: autoDraw = False
31.8091 	EXP 	grid_lines_2: autoDraw = False
31.8091 	EXP 	target_square_2: autoDraw = False
31.8091 	EXP 	fixation_3: autoDraw = False
31.8174 	EXP 	grid_lines_2: autoDraw = True
31.8174 	EXP 	target_square_2: autoDraw = True
32.8090 	EXP 	target_square_2: autoDraw = False
32.8173 	EXP 	fixation_3: autoDraw = True
33.8012 	EXP 	New trial (rep=0, index=9): <Trial 9 (9 in rep 0) data={'location': [0.2, 0.2], 'corrAns': 'space', 'thisN': 9, 'thisTrialN': 9, 'thisRepN': 0}>
33.8092 	EXP 	grid_lines_2: autoDraw = False
33.8092 	EXP 	fixation_3: autoDraw = False
33.8092 	EXP 	grid_lines_2: autoDraw = False
33.8092 	EXP 	target_square_2: autoDraw = False
33.8092 	EXP 	fixation_3: autoDraw = False
33.8175 	EXP 	grid_lines_2: autoDraw = True
33.8175 	EXP 	target_square_2: autoDraw = True
34.8094 	EXP 	target_square_2: autoDraw = False
34.8175 	EXP 	fixation_3: autoDraw = True
35.8014 	EXP 	New trial (rep=0, index=10): <Trial 10 (10 in rep 0) data={'location': [0.2, 0], 'corrAns': None, 'thisN': 10, 'thisTrialN': 10, 'thisRepN': 0}>
35.8095 	EXP 	grid_lines_2: autoDraw = False
35.8095 	EXP 	fixation_3: autoDraw = False
35.8095 	EXP 	grid_lines_2: autoDraw = False
35.8095 	EXP 	target_square_2: autoDraw = False
35.8095 	EXP 	fixation_3: autoDraw = False
35.8173 	EXP 	grid_lines_2: autoDraw = True
35.8173 	EXP 	target_square_2: autoDraw = True
36.8096 	EXP 	target_square_2: autoDraw = False
36.8174 	EXP 	fixation_3: autoDraw = True
37.8016 	EXP 	New trial (rep=0, index=11): <Trial 11 (11 in rep 0) data={'location': [0, 0], 'corrAns': None, 'thisN': 11, 'thisTrialN': 11, 'thisRepN': 0}>
37.8094 	EXP 	grid_lines_2: autoDraw = False
37.8094 	EXP 	fixation_3: autoDraw = False
37.8094 	EXP 	grid_lines_2: autoDraw = False
37.8094 	EXP 	target_square_2: autoDraw = False
37.8094 	EXP 	fixation_3: autoDraw = False
37.8176 	EXP 	grid_lines_2: autoDraw = True
37.8176 	EXP 	target_square_2: autoDraw = True
38.8092 	EXP 	target_square_2: autoDraw = False
38.8176 	EXP 	fixation_3: autoDraw = True
39.8014 	EXP 	New trial (rep=0, index=12): <Trial 12 (12 in rep 0) data={'location': [0.2, -0.2], 'corrAns': None, 'thisN': 12, 'thisTrialN': 12, 'thisRepN': 0}>
39.8091 	EXP 	grid_lines_2: autoDraw = False
39.8091 	EXP 	fixation_3: autoDraw = False
39.8091 	EXP 	grid_lines_2: autoDraw = False
39.8091 	EXP 	target_square_2: autoDraw = False
39.8091 	EXP 	fixation_3: autoDraw = False
39.8176 	EXP 	grid_lines_2: autoDraw = True
39.8176 	EXP 	target_square_2: autoDraw = True
40.8095 	EXP 	target_square_2: autoDraw = False
40.8178 	EXP 	fixation_3: autoDraw = True
41.8014 	EXP 	New trial (rep=0, index=13): <Trial 13 (13 in rep 0) data={'location': [-0.2, -0.2], 'corrAns': None, 'thisN': 13, 'thisTrialN': 13, 'thisRepN': 0}>
41.8092 	EXP 	grid_lines_2: autoDraw = False
41.8092 	EXP 	fixation_3: autoDraw = False
41.8092 	EXP 	grid_lines_2: autoDraw = False
41.8092 	EXP 	target_square_2: autoDraw = False
41.8092 	EXP 	fixation_3: autoDraw = False
41.8178 	EXP 	grid_lines_2: autoDraw = True
41.8178 	EXP 	target_square_2: autoDraw = True
42.8217 	EXP 	target_square_2: autoDraw = False
42.8217 	EXP 	fixation_3: autoDraw = True
43.8054 	EXP 	New trial (rep=0, index=14): <Trial 14 (14 in rep 0) data={'location': [0.2, -0.2], 'corrAns': 'space', 'thisN': 14, 'thisTrialN': 14, 'thisRepN': 0}>
43.8132 	EXP 	grid_lines_2: autoDraw = False
43.8132 	EXP 	fixation_3: autoDraw = False
43.8132 	EXP 	grid_lines_2: autoDraw = False
43.8132 	EXP 	target_square_2: autoDraw = False
43.8132 	EXP 	fixation_3: autoDraw = False
43.8212 	EXP 	grid_lines_2: autoDraw = True
43.8212 	EXP 	target_square_2: autoDraw = True
44.8134 	EXP 	target_square_2: autoDraw = False
44.8213 	EXP 	fixation_3: autoDraw = True
45.8054 	EXP 	New trial (rep=0, index=15): <Trial 15 (15 in rep 0) data={'location': [0, 0.2], 'corrAns': None, 'thisN': 15, 'thisTrialN': 15, 'thisRepN': 0}>
45.8131 	EXP 	grid_lines_2: autoDraw = False
45.8131 	EXP 	fixation_3: autoDraw = False
45.8131 	EXP 	grid_lines_2: autoDraw = False
45.8131 	EXP 	target_square_2: autoDraw = False
45.8131 	EXP 	fixation_3: autoDraw = False
45.8214 	EXP 	grid_lines_2: autoDraw = True
45.8214 	EXP 	target_square_2: autoDraw = True
46.8132 	EXP 	target_square_2: autoDraw = False
46.8216 	EXP 	fixation_3: autoDraw = True
47.8054 	EXP 	New trial (rep=0, index=16): <Trial 16 (16 in rep 0) data={'location': [0.2, 0.2], 'corrAns': None, 'thisN': 16, 'thisTrialN': 16, 'thisRepN': 0}>
47.8132 	EXP 	grid_lines_2: autoDraw = False
47.8132 	EXP 	fixation_3: autoDraw = False
47.8132 	EXP 	grid_lines_2: autoDraw = False
47.8132 	EXP 	target_square_2: autoDraw = False
47.8132 	EXP 	fixation_3: autoDraw = False
47.8214 	EXP 	grid_lines_2: autoDraw = True
47.8214 	EXP 	target_square_2: autoDraw = True
48.8132 	EXP 	target_square_2: autoDraw = False
48.8214 	EXP 	fixation_3: autoDraw = True
49.8056 	EXP 	New trial (rep=0, index=17): <Trial 17 (17 in rep 0) data={'location': [0, 0], 'corrAns': None, 'thisN': 17, 'thisTrialN': 17, 'thisRepN': 0}>
49.8133 	EXP 	grid_lines_2: autoDraw = False
49.8133 	EXP 	fixation_3: autoDraw = False
49.8133 	EXP 	grid_lines_2: autoDraw = False
49.8133 	EXP 	target_square_2: autoDraw = False
49.8133 	EXP 	fixation_3: autoDraw = False
49.8216 	EXP 	grid_lines_2: autoDraw = True
49.8216 	EXP 	target_square_2: autoDraw = True
50.8133 	EXP 	target_square_2: autoDraw = False
50.8216 	EXP 	fixation_3: autoDraw = True
51.8056 	EXP 	New trial (rep=0, index=18): <Trial 18 (18 in rep 0) data={'location': [0, -0.2], 'corrAns': None, 'thisN': 18, 'thisTrialN': 18, 'thisRepN': 0}>
51.8133 	EXP 	grid_lines_2: autoDraw = False
51.8133 	EXP 	fixation_3: autoDraw = False
51.8133 	EXP 	grid_lines_2: autoDraw = False
51.8133 	EXP 	target_square_2: autoDraw = False
51.8133 	EXP 	fixation_3: autoDraw = False
51.8216 	EXP 	grid_lines_2: autoDraw = True
51.8216 	EXP 	target_square_2: autoDraw = True
52.8133 	EXP 	target_square_2: autoDraw = False
52.8217 	EXP 	fixation_3: autoDraw = True
53.8056 	EXP 	New trial (rep=0, index=19): <Trial 19 (19 in rep 0) data={'location': [0.2, 0], 'corrAns': None, 'thisN': 19, 'thisTrialN': 19, 'thisRepN': 0}>
53.8131 	EXP 	grid_lines_2: autoDraw = False
53.8131 	EXP 	fixation_3: autoDraw = False
53.8131 	EXP 	grid_lines_2: autoDraw = False
53.8131 	EXP 	target_square_2: autoDraw = False
53.8131 	EXP 	fixation_3: autoDraw = False
53.8220 	EXP 	grid_lines_2: autoDraw = True
53.8220 	EXP 	target_square_2: autoDraw = True
54.8132 	EXP 	target_square_2: autoDraw = False
54.8236 	EXP 	fixation_3: autoDraw = True
55.8134 	EXP 	grid_lines_2: autoDraw = False
55.8189 	EXP 	New trial (rep=0, index=20): <Trial 20 (20 in rep 0) data={'location': [0, -0.2], 'corrAns': 'space', 'thisN': 20, 'thisTrialN': 20, 'thisRepN': 0}>
55.8253 	EXP 	fixation_3: autoDraw = False
55.8253 	EXP 	grid_lines_2: autoDraw = False
55.8253 	EXP 	target_square_2: autoDraw = False
55.8253 	EXP 	fixation_3: autoDraw = False
55.8253 	EXP 	grid_lines_2: autoDraw = True
55.8253 	EXP 	target_square_2: autoDraw = True
56.8214 	EXP 	target_square_2: autoDraw = False
56.8214 	EXP 	fixation_3: autoDraw = True
57.8155 	EXP 	fixation_3: autoDraw = False
57.8161 	EXP 	New trial (rep=0, index=21): <Trial 21 (21 in rep 0) data={'location': [-0.2, 0.2], 'corrAns': None, 'thisN': 21, 'thisTrialN': 21, 'thisRepN': 0}>
57.8216 	EXP 	grid_lines_2: autoDraw = False
57.8216 	EXP 	grid_lines_2: autoDraw = False
57.8216 	EXP 	target_square_2: autoDraw = False
57.8216 	EXP 	fixation_3: autoDraw = False
57.8216 	EXP 	grid_lines_2: autoDraw = True
57.8216 	EXP 	target_square_2: autoDraw = True
58.8133 	EXP 	target_square_2: autoDraw = False
58.8215 	EXP 	fixation_3: autoDraw = True
59.8058 	EXP 	New trial (rep=0, index=22): <Trial 22 (22 in rep 0) data={'location': [0.2, -0.2], 'corrAns': None, 'thisN': 22, 'thisTrialN': 22, 'thisRepN': 0}>
59.8135 	EXP 	grid_lines_2: autoDraw = False
59.8135 	EXP 	fixation_3: autoDraw = False
59.8135 	EXP 	grid_lines_2: autoDraw = False
59.8135 	EXP 	target_square_2: autoDraw = False
59.8135 	EXP 	fixation_3: autoDraw = False
59.8216 	EXP 	grid_lines_2: autoDraw = True
59.8216 	EXP 	target_square_2: autoDraw = True
60.8135 	EXP 	target_square_2: autoDraw = False
60.8228 	EXP 	fixation_3: autoDraw = True
61.8057 	EXP 	New trial (rep=0, index=23): <Trial 23 (23 in rep 0) data={'location': [-0.2, 0.2], 'corrAns': 'space', 'thisN': 23, 'thisTrialN': 23, 'thisRepN': 0}>
61.8134 	EXP 	grid_lines_2: autoDraw = False
61.8134 	EXP 	fixation_3: autoDraw = False
61.8134 	EXP 	grid_lines_2: autoDraw = False
61.8134 	EXP 	target_square_2: autoDraw = False
61.8134 	EXP 	fixation_3: autoDraw = False
61.8221 	EXP 	grid_lines_2: autoDraw = True
61.8221 	EXP 	target_square_2: autoDraw = True
62.8134 	EXP 	target_square_2: autoDraw = False
62.8220 	EXP 	fixation_3: autoDraw = True
63.8059 	EXP 	New trial (rep=0, index=24): <Trial 24 (24 in rep 0) data={'location': [0, 0], 'corrAns': None, 'thisN': 24, 'thisTrialN': 24, 'thisRepN': 0}>
63.8134 	EXP 	grid_lines_2: autoDraw = False
63.8134 	EXP 	fixation_3: autoDraw = False
63.8134 	EXP 	grid_lines_2: autoDraw = False
63.8134 	EXP 	target_square_2: autoDraw = False
63.8134 	EXP 	fixation_3: autoDraw = False
63.8221 	EXP 	grid_lines_2: autoDraw = True
63.8221 	EXP 	target_square_2: autoDraw = True
64.8136 	EXP 	target_square_2: autoDraw = False
64.8136 	EXP 	fixation_3: autoDraw = True
65.8055 	EXP 	fixation_3: autoDraw = False
65.8060 	EXP 	New trial (rep=0, index=25): <Trial 25 (25 in rep 0) data={'location': [0.2, 0.2], 'corrAns': None, 'thisN': 25, 'thisTrialN': 25, 'thisRepN': 0}>
65.8133 	EXP 	grid_lines_2: autoDraw = False
65.8133 	EXP 	grid_lines_2: autoDraw = False
65.8133 	EXP 	target_square_2: autoDraw = False
65.8133 	EXP 	fixation_3: autoDraw = False
65.8133 	EXP 	grid_lines_2: autoDraw = True
65.8133 	EXP 	target_square_2: autoDraw = True
66.8055 	EXP 	target_square_2: autoDraw = False
66.8134 	EXP 	fixation_3: autoDraw = True
67.7975 	EXP 	New trial (rep=0, index=26): <Trial 26 (26 in rep 0) data={'location': [-0.2, -0.2], 'corrAns': None, 'thisN': 26, 'thisTrialN': 26, 'thisRepN': 0}>
67.8055 	EXP 	grid_lines_2: autoDraw = False
67.8055 	EXP 	fixation_3: autoDraw = False
67.8055 	EXP 	grid_lines_2: autoDraw = False
67.8055 	EXP 	target_square_2: autoDraw = False
67.8055 	EXP 	fixation_3: autoDraw = False
67.8135 	EXP 	grid_lines_2: autoDraw = True
67.8135 	EXP 	target_square_2: autoDraw = True
68.8058 	EXP 	target_square_2: autoDraw = False
68.8135 	EXP 	fixation_3: autoDraw = True
69.7975 	EXP 	New trial (rep=0, index=27): <Trial 27 (27 in rep 0) data={'location': [0.2, 0], 'corrAns': None, 'thisN': 27, 'thisTrialN': 27, 'thisRepN': 0}>
69.8056 	EXP 	grid_lines_2: autoDraw = False
69.8056 	EXP 	fixation_3: autoDraw = False
69.8056 	EXP 	grid_lines_2: autoDraw = False
69.8056 	EXP 	target_square_2: autoDraw = False
69.8056 	EXP 	fixation_3: autoDraw = False
69.8136 	EXP 	grid_lines_2: autoDraw = True
69.8136 	EXP 	target_square_2: autoDraw = True
70.8055 	EXP 	target_square_2: autoDraw = False
70.8138 	EXP 	fixation_3: autoDraw = True
71.7975 	EXP 	New trial (rep=0, index=28): <Trial 28 (28 in rep 0) data={'location': [0, 0.2], 'corrAns': None, 'thisN': 28, 'thisTrialN': 28, 'thisRepN': 0}>
71.8056 	EXP 	grid_lines_2: autoDraw = False
71.8056 	EXP 	fixation_3: autoDraw = False
71.8056 	EXP 	grid_lines_2: autoDraw = False
71.8056 	EXP 	target_square_2: autoDraw = False
71.8056 	EXP 	fixation_3: autoDraw = False
71.8136 	EXP 	grid_lines_2: autoDraw = True
71.8136 	EXP 	target_square_2: autoDraw = True
72.8056 	EXP 	target_square_2: autoDraw = False
72.8137 	EXP 	fixation_3: autoDraw = True
73.7980 	EXP 	New trial (rep=0, index=29): <Trial 29 (29 in rep 0) data={'location': [0.2, 0], 'corrAns': 'space', 'thisN': 29, 'thisTrialN': 29, 'thisRepN': 0}>
73.8055 	EXP 	grid_lines_2: autoDraw = False
73.8055 	EXP 	fixation_3: autoDraw = False
73.8055 	EXP 	grid_lines_2: autoDraw = False
73.8055 	EXP 	target_square_2: autoDraw = False
73.8055 	EXP 	fixation_3: autoDraw = False
73.8142 	EXP 	grid_lines_2: autoDraw = True
73.8142 	EXP 	target_square_2: autoDraw = True
74.8055 	EXP 	target_square_2: autoDraw = False
74.8141 	EXP 	fixation_3: autoDraw = True
75.8012 	EXP 	New trial (rep=0, index=30): <Trial 30 (30 in rep 0) data={'location': [-0.2, -0.2], 'corrAns': None, 'thisN': 30, 'thisTrialN': 30, 'thisRepN': 0}>
75.8090 	EXP 	grid_lines_2: autoDraw = False
75.8090 	EXP 	fixation_3: autoDraw = False
75.8090 	EXP 	grid_lines_2: autoDraw = False
75.8090 	EXP 	target_square_2: autoDraw = False
75.8090 	EXP 	fixation_3: autoDraw = False
75.8168 	EXP 	grid_lines_2: autoDraw = True
75.8168 	EXP 	target_square_2: autoDraw = True
76.8085 	EXP 	target_square_2: autoDraw = False
76.8167 	EXP 	fixation_3: autoDraw = True
77.8053 	EXP 	New trial (rep=0, index=31): <Trial 31 (31 in rep 0) data={'location': [0, -0.2], 'corrAns': None, 'thisN': 31, 'thisTrialN': 31, 'thisRepN': 0}>
77.8132 	EXP 	grid_lines_2: autoDraw = False
77.8132 	EXP 	fixation_3: autoDraw = False
77.8132 	EXP 	grid_lines_2: autoDraw = False
77.8132 	EXP 	target_square_2: autoDraw = False
77.8132 	EXP 	fixation_3: autoDraw = False
77.8215 	EXP 	grid_lines_2: autoDraw = True
77.8215 	EXP 	target_square_2: autoDraw = True
78.8131 	EXP 	target_square_2: autoDraw = False
78.8215 	EXP 	fixation_3: autoDraw = True
79.8053 	EXP 	New trial (rep=0, index=32): <Trial 32 (32 in rep 0) data={'location': [0, 0.2], 'corrAns': None, 'thisN': 32, 'thisTrialN': 32, 'thisRepN': 0}>
79.8132 	EXP 	grid_lines_2: autoDraw = False
79.8132 	EXP 	fixation_3: autoDraw = False
79.8132 	EXP 	grid_lines_2: autoDraw = False
79.8132 	EXP 	target_square_2: autoDraw = False
79.8132 	EXP 	fixation_3: autoDraw = False
79.8215 	EXP 	grid_lines_2: autoDraw = True
79.8215 	EXP 	target_square_2: autoDraw = True
80.8133 	EXP 	target_square_2: autoDraw = False
80.8220 	EXP 	fixation_3: autoDraw = True
81.8054 	EXP 	New trial (rep=0, index=33): <Trial 33 (33 in rep 0) data={'location': [0.2, 0.2], 'corrAns': None, 'thisN': 33, 'thisTrialN': 33, 'thisRepN': 0}>
81.8133 	EXP 	grid_lines_2: autoDraw = False
81.8133 	EXP 	fixation_3: autoDraw = False
81.8133 	EXP 	grid_lines_2: autoDraw = False
81.8133 	EXP 	target_square_2: autoDraw = False
81.8133 	EXP 	fixation_3: autoDraw = False
81.8215 	EXP 	grid_lines_2: autoDraw = True
81.8215 	EXP 	target_square_2: autoDraw = True
82.8130 	EXP 	target_square_2: autoDraw = False
82.8215 	EXP 	fixation_3: autoDraw = True
83.8055 	EXP 	New trial (rep=0, index=34): <Trial 34 (34 in rep 0) data={'location': [0, 0], 'corrAns': None, 'thisN': 34, 'thisTrialN': 34, 'thisRepN': 0}>
83.8131 	EXP 	grid_lines_2: autoDraw = False
83.8131 	EXP 	fixation_3: autoDraw = False
83.8131 	EXP 	grid_lines_2: autoDraw = False
83.8131 	EXP 	target_square_2: autoDraw = False
83.8131 	EXP 	fixation_3: autoDraw = False
83.8216 	EXP 	grid_lines_2: autoDraw = True
83.8216 	EXP 	target_square_2: autoDraw = True
84.8132 	EXP 	target_square_2: autoDraw = False
84.8216 	EXP 	fixation_3: autoDraw = True
85.8059 	EXP 	New trial (rep=0, index=35): <Trial 35 (35 in rep 0) data={'location': [0.2, -0.2], 'corrAns': None, 'thisN': 35, 'thisTrialN': 35, 'thisRepN': 0}>
85.8130 	EXP 	grid_lines_2: autoDraw = False
85.8130 	EXP 	fixation_3: autoDraw = False
85.8130 	EXP 	grid_lines_2: autoDraw = False
85.8130 	EXP 	target_square_2: autoDraw = False
85.8130 	EXP 	fixation_3: autoDraw = False
85.8130 	EXP 	grid_lines_2: autoDraw = True
85.8130 	EXP 	target_square_2: autoDraw = True
86.8050 	EXP 	target_square_2: autoDraw = False
86.8219 	EXP 	fixation_3: autoDraw = True
87.8051 	EXP 	grid_lines_2: autoDraw = False
87.8056 	EXP 	New trial (rep=0, index=36): <Trial 36 (36 in rep 0) data={'location': [0.2, -0.2], 'corrAns': None, 'thisN': 36, 'thisTrialN': 36, 'thisRepN': 0}>
87.8133 	EXP 	fixation_3: autoDraw = False
87.8133 	EXP 	grid_lines_2: autoDraw = False
87.8133 	EXP 	target_square_2: autoDraw = False
87.8133 	EXP 	fixation_3: autoDraw = False
87.8217 	EXP 	grid_lines_2: autoDraw = True
87.8217 	EXP 	target_square_2: autoDraw = True
88.8132 	EXP 	target_square_2: autoDraw = False
88.8217 	EXP 	fixation_3: autoDraw = True
89.8058 	EXP 	New trial (rep=0, index=37): <Trial 37 (37 in rep 0) data={'location': [0, 0.2], 'corrAns': None, 'thisN': 37, 'thisTrialN': 37, 'thisRepN': 0}>
89.8131 	EXP 	grid_lines_2: autoDraw = False
89.8131 	EXP 	fixation_3: autoDraw = False
89.8131 	EXP 	grid_lines_2: autoDraw = False
89.8131 	EXP 	target_square_2: autoDraw = False
89.8131 	EXP 	fixation_3: autoDraw = False
89.8131 	EXP 	grid_lines_2: autoDraw = True
89.8131 	EXP 	target_square_2: autoDraw = True
90.8051 	EXP 	target_square_2: autoDraw = False
90.8217 	EXP 	fixation_3: autoDraw = True
91.8053 	EXP 	grid_lines_2: autoDraw = False
91.8058 	EXP 	New trial (rep=0, index=38): <Trial 38 (38 in rep 0) data={'location': [0.2, -0.2], 'corrAns': 'space', 'thisN': 38, 'thisTrialN': 38, 'thisRepN': 0}>
91.8131 	EXP 	fixation_3: autoDraw = False
91.8131 	EXP 	grid_lines_2: autoDraw = False
91.8131 	EXP 	target_square_2: autoDraw = False
91.8131 	EXP 	fixation_3: autoDraw = False
91.8131 	EXP 	grid_lines_2: autoDraw = True
91.8131 	EXP 	target_square_2: autoDraw = True
92.8052 	EXP 	target_square_2: autoDraw = False
92.8218 	EXP 	fixation_3: autoDraw = True
93.8050 	EXP 	grid_lines_2: autoDraw = False
93.8057 	EXP 	New trial (rep=0, index=39): <Trial 39 (39 in rep 0) data={'location': [-0.2, 0.2], 'corrAns': None, 'thisN': 39, 'thisTrialN': 39, 'thisRepN': 0}>
93.8133 	EXP 	fixation_3: autoDraw = False
93.8133 	EXP 	grid_lines_2: autoDraw = False
93.8133 	EXP 	target_square_2: autoDraw = False
93.8133 	EXP 	fixation_3: autoDraw = False
93.8217 	EXP 	grid_lines_2: autoDraw = True
93.8217 	EXP 	target_square_2: autoDraw = True
94.8133 	EXP 	target_square_2: autoDraw = False
94.8133 	EXP 	fixation_3: autoDraw = True
95.8053 	EXP 	fixation_3: autoDraw = False
95.8059 	EXP 	New trial (rep=0, index=40): <Trial 40 (40 in rep 0) data={'location': [0, -0.2], 'corrAns': None, 'thisN': 40, 'thisTrialN': 40, 'thisRepN': 0}>
95.8132 	EXP 	grid_lines_2: autoDraw = False
95.8132 	EXP 	grid_lines_2: autoDraw = False
95.8132 	EXP 	target_square_2: autoDraw = False
95.8132 	EXP 	fixation_3: autoDraw = False
95.8132 	EXP 	grid_lines_2: autoDraw = True
95.8132 	EXP 	target_square_2: autoDraw = True
96.8049 	EXP 	target_square_2: autoDraw = False
96.8217 	EXP 	fixation_3: autoDraw = True
97.8054 	EXP 	grid_lines_2: autoDraw = False
97.8060 	EXP 	New trial (rep=0, index=41): <Trial 41 (41 in rep 0) data={'location': [-0.2, 0.2], 'corrAns': 'space', 'thisN': 41, 'thisTrialN': 41, 'thisRepN': 0}>
97.8133 	EXP 	fixation_3: autoDraw = False
97.8133 	EXP 	grid_lines_2: autoDraw = False
97.8133 	EXP 	target_square_2: autoDraw = False
97.8133 	EXP 	fixation_3: autoDraw = False
97.8133 	EXP 	grid_lines_2: autoDraw = True
97.8133 	EXP 	target_square_2: autoDraw = True
98.8050 	EXP 	target_square_2: autoDraw = False
98.8219 	EXP 	fixation_3: autoDraw = True
99.8050 	EXP 	grid_lines_2: autoDraw = False
99.8056 	EXP 	New trial (rep=0, index=42): <Trial 42 (42 in rep 0) data={'location': [0.2, 0], 'corrAns': None, 'thisN': 42, 'thisTrialN': 42, 'thisRepN': 0}>
99.8135 	EXP 	fixation_3: autoDraw = False
99.8135 	EXP 	grid_lines_2: autoDraw = False
99.8135 	EXP 	target_square_2: autoDraw = False
99.8135 	EXP 	fixation_3: autoDraw = False
99.8220 	EXP 	grid_lines_2: autoDraw = True
99.8220 	EXP 	target_square_2: autoDraw = True
100.8137 	EXP 	target_square_2: autoDraw = False
100.8218 	EXP 	fixation_3: autoDraw = True
101.8057 	EXP 	New trial (rep=0, index=43): <Trial 43 (43 in rep 0) data={'location': [0, 0], 'corrAns': None, 'thisN': 43, 'thisTrialN': 43, 'thisRepN': 0}>
101.8134 	EXP 	grid_lines_2: autoDraw = False
101.8134 	EXP 	fixation_3: autoDraw = False
101.8134 	EXP 	grid_lines_2: autoDraw = False
101.8134 	EXP 	target_square_2: autoDraw = False
101.8134 	EXP 	fixation_3: autoDraw = False
101.8134 	EXP 	grid_lines_2: autoDraw = True
101.8134 	EXP 	target_square_2: autoDraw = True
102.8052 	EXP 	target_square_2: autoDraw = False
102.8219 	EXP 	fixation_3: autoDraw = True
103.8052 	EXP 	grid_lines_2: autoDraw = False
103.8057 	EXP 	New trial (rep=0, index=44): <Trial 44 (44 in rep 0) data={'location': [0.2, 0], 'corrAns': 'space', 'thisN': 44, 'thisTrialN': 44, 'thisRepN': 0}>
103.8136 	EXP 	fixation_3: autoDraw = False
103.8136 	EXP 	grid_lines_2: autoDraw = False
103.8136 	EXP 	target_square_2: autoDraw = False
103.8136 	EXP 	fixation_3: autoDraw = False
103.8220 	EXP 	grid_lines_2: autoDraw = True
103.8220 	EXP 	target_square_2: autoDraw = True
104.8143 	EXP 	target_square_2: autoDraw = False
104.8143 	EXP 	fixation_3: autoDraw = True
105.8053 	EXP 	fixation_3: autoDraw = False
105.8059 	EXP 	New trial (rep=0, index=45): <Trial 45 (45 in rep 0) data={'location': [0, 0.2], 'corrAns': None, 'thisN': 45, 'thisTrialN': 45, 'thisRepN': 0}>
105.8134 	EXP 	grid_lines_2: autoDraw = False
105.8134 	EXP 	grid_lines_2: autoDraw = False
105.8134 	EXP 	target_square_2: autoDraw = False
105.8134 	EXP 	fixation_3: autoDraw = False
105.8134 	EXP 	grid_lines_2: autoDraw = True
105.8134 	EXP 	target_square_2: autoDraw = True
106.8053 	EXP 	target_square_2: autoDraw = False
106.8137 	EXP 	fixation_3: autoDraw = True
107.7982 	EXP 	New trial (rep=0, index=46): <Trial 46 (46 in rep 0) data={'location': [0.2, 0.2], 'corrAns': None, 'thisN': 46, 'thisTrialN': 46, 'thisRepN': 0}>
107.8058 	EXP 	grid_lines_2: autoDraw = False
107.8058 	EXP 	fixation_3: autoDraw = False
107.8058 	EXP 	grid_lines_2: autoDraw = False
107.8058 	EXP 	target_square_2: autoDraw = False
107.8058 	EXP 	fixation_3: autoDraw = False
107.8140 	EXP 	grid_lines_2: autoDraw = True
107.8140 	EXP 	target_square_2: autoDraw = True
108.8055 	EXP 	target_square_2: autoDraw = False
108.8137 	EXP 	fixation_3: autoDraw = True
109.7977 	EXP 	New trial (rep=0, index=47): <Trial 47 (47 in rep 0) data={'location': [0, 0], 'corrAns': None, 'thisN': 47, 'thisTrialN': 47, 'thisRepN': 0}>
109.8053 	EXP 	grid_lines_2: autoDraw = False
109.8053 	EXP 	fixation_3: autoDraw = False
109.8053 	EXP 	grid_lines_2: autoDraw = False
109.8053 	EXP 	target_square_2: autoDraw = False
109.8053 	EXP 	fixation_3: autoDraw = False
109.8138 	EXP 	grid_lines_2: autoDraw = True
109.8138 	EXP 	target_square_2: autoDraw = True
110.8056 	EXP 	target_square_2: autoDraw = False
110.8138 	EXP 	fixation_3: autoDraw = True
111.7980 	EXP 	New trial (rep=0, index=48): <Trial 48 (48 in rep 0) data={'location': [0, -0.2], 'corrAns': None, 'thisN': 48, 'thisTrialN': 48, 'thisRepN': 0}>
111.8059 	EXP 	grid_lines_2: autoDraw = False
111.8059 	EXP 	fixation_3: autoDraw = False
111.8059 	EXP 	grid_lines_2: autoDraw = False
111.8059 	EXP 	target_square_2: autoDraw = False
111.8059 	EXP 	fixation_3: autoDraw = False
111.8140 	EXP 	grid_lines_2: autoDraw = True
111.8140 	EXP 	target_square_2: autoDraw = True
112.8055 	EXP 	target_square_2: autoDraw = False
112.8140 	EXP 	fixation_3: autoDraw = True
113.7980 	EXP 	New trial (rep=0, index=49): <Trial 49 (49 in rep 0) data={'location': [-0.2, -0.2], 'corrAns': None, 'thisN': 49, 'thisTrialN': 49, 'thisRepN': 0}>
113.8057 	EXP 	grid_lines_2: autoDraw = False
113.8057 	EXP 	fixation_3: autoDraw = False
113.8057 	EXP 	grid_lines_2: autoDraw = False
113.8057 	EXP 	target_square_2: autoDraw = False
113.8057 	EXP 	fixation_3: autoDraw = False
113.8141 	EXP 	grid_lines_2: autoDraw = True
113.8141 	EXP 	target_square_2: autoDraw = True
114.8057 	EXP 	target_square_2: autoDraw = False
114.8139 	EXP 	fixation_3: autoDraw = True
115.7979 	EXP 	New trial (rep=0, index=50): <Trial 50 (50 in rep 0) data={'location': [0, -0.2], 'corrAns': 'space', 'thisN': 50, 'thisTrialN': 50, 'thisRepN': 0}>
115.8054 	EXP 	grid_lines_2: autoDraw = False
115.8054 	EXP 	fixation_3: autoDraw = False
115.8054 	EXP 	grid_lines_2: autoDraw = False
115.8054 	EXP 	target_square_2: autoDraw = False
115.8054 	EXP 	fixation_3: autoDraw = False
115.8138 	EXP 	grid_lines_2: autoDraw = True
115.8138 	EXP 	target_square_2: autoDraw = True
116.8058 	EXP 	target_square_2: autoDraw = False
116.8141 	EXP 	fixation_3: autoDraw = True
117.7979 	EXP 	New trial (rep=0, index=51): <Trial 51 (51 in rep 0) data={'location': [0, 0.2], 'corrAns': None, 'thisN': 51, 'thisTrialN': 51, 'thisRepN': 0}>
117.8056 	EXP 	grid_lines_2: autoDraw = False
117.8056 	EXP 	fixation_3: autoDraw = False
117.8056 	EXP 	grid_lines_2: autoDraw = False
117.8056 	EXP 	target_square_2: autoDraw = False
117.8056 	EXP 	fixation_3: autoDraw = False
117.8138 	EXP 	grid_lines_2: autoDraw = True
117.8138 	EXP 	target_square_2: autoDraw = True
118.8059 	EXP 	target_square_2: autoDraw = False
118.8139 	EXP 	fixation_3: autoDraw = True
119.7977 	EXP 	New trial (rep=0, index=52): <Trial 52 (52 in rep 0) data={'location': [0, 0.2], 'corrAns': None, 'thisN': 52, 'thisTrialN': 52, 'thisRepN': 0}>
119.8054 	EXP 	grid_lines_2: autoDraw = False
119.8054 	EXP 	fixation_3: autoDraw = False
119.8054 	EXP 	grid_lines_2: autoDraw = False
119.8054 	EXP 	target_square_2: autoDraw = False
119.8054 	EXP 	fixation_3: autoDraw = False
119.8140 	EXP 	grid_lines_2: autoDraw = True
119.8140 	EXP 	target_square_2: autoDraw = True
120.8055 	EXP 	target_square_2: autoDraw = False
120.8140 	EXP 	fixation_3: autoDraw = True
121.7981 	EXP 	New trial (rep=0, index=53): <Trial 53 (53 in rep 0) data={'location': [-0.2, -0.2], 'corrAns': None, 'thisN': 53, 'thisTrialN': 53, 'thisRepN': 0}>
121.8056 	EXP 	grid_lines_2: autoDraw = False
121.8056 	EXP 	fixation_3: autoDraw = False
121.8056 	EXP 	grid_lines_2: autoDraw = False
121.8056 	EXP 	target_square_2: autoDraw = False
121.8056 	EXP 	fixation_3: autoDraw = False
121.8141 	EXP 	grid_lines_2: autoDraw = True
121.8141 	EXP 	target_square_2: autoDraw = True
122.8056 	EXP 	target_square_2: autoDraw = False
122.8140 	EXP 	fixation_3: autoDraw = True
123.7979 	EXP 	New trial (rep=0, index=54): <Trial 54 (54 in rep 0) data={'location': [0, 0], 'corrAns': None, 'thisN': 54, 'thisTrialN': 54, 'thisRepN': 0}>
123.8057 	EXP 	grid_lines_2: autoDraw = False
123.8057 	EXP 	fixation_3: autoDraw = False
123.8057 	EXP 	grid_lines_2: autoDraw = False
123.8057 	EXP 	target_square_2: autoDraw = False
123.8057 	EXP 	fixation_3: autoDraw = False
123.8140 	EXP 	grid_lines_2: autoDraw = True
123.8140 	EXP 	target_square_2: autoDraw = True
124.8056 	EXP 	target_square_2: autoDraw = False
124.8141 	EXP 	fixation_3: autoDraw = True
125.7979 	EXP 	New trial (rep=0, index=55): <Trial 55 (55 in rep 0) data={'location': [-0.2, -0.2], 'corrAns': 'space', 'thisN': 55, 'thisTrialN': 55, 'thisRepN': 0}>
125.8056 	EXP 	grid_lines_2: autoDraw = False
125.8056 	EXP 	fixation_3: autoDraw = False
125.8056 	EXP 	grid_lines_2: autoDraw = False
125.8056 	EXP 	target_square_2: autoDraw = False
125.8056 	EXP 	fixation_3: autoDraw = False
125.8139 	EXP 	grid_lines_2: autoDraw = True
125.8139 	EXP 	target_square_2: autoDraw = True
126.8059 	EXP 	target_square_2: autoDraw = False
126.8139 	EXP 	fixation_3: autoDraw = True
127.7982 	EXP 	New trial (rep=0, index=56): <Trial 56 (56 in rep 0) data={'location': [0, 0], 'corrAns': 'space', 'thisN': 56, 'thisTrialN': 56, 'thisRepN': 0}>
127.8058 	EXP 	grid_lines_2: autoDraw = False
127.8058 	EXP 	fixation_3: autoDraw = False
127.8058 	EXP 	grid_lines_2: autoDraw = False
127.8058 	EXP 	target_square_2: autoDraw = False
127.8058 	EXP 	fixation_3: autoDraw = False
127.8140 	EXP 	grid_lines_2: autoDraw = True
127.8140 	EXP 	target_square_2: autoDraw = True
128.8058 	EXP 	target_square_2: autoDraw = False
128.8140 	EXP 	fixation_3: autoDraw = True
129.7980 	EXP 	New trial (rep=0, index=57): <Trial 57 (57 in rep 0) data={'location': [-0.2, 0], 'corrAns': None, 'thisN': 57, 'thisTrialN': 57, 'thisRepN': 0}>
129.8058 	EXP 	grid_lines_2: autoDraw = False
129.8058 	EXP 	fixation_3: autoDraw = False
129.8058 	EXP 	grid_lines_2: autoDraw = False
129.8058 	EXP 	target_square_2: autoDraw = False
129.8058 	EXP 	fixation_3: autoDraw = False
129.8141 	EXP 	grid_lines_2: autoDraw = True
129.8141 	EXP 	target_square_2: autoDraw = True
130.8058 	EXP 	target_square_2: autoDraw = False
130.8142 	EXP 	fixation_3: autoDraw = True
131.7980 	EXP 	New trial (rep=0, index=58): <Trial 58 (58 in rep 0) data={'location': [0.2, 0], 'corrAns': None, 'thisN': 58, 'thisTrialN': 58, 'thisRepN': 0}>
131.8063 	EXP 	grid_lines_2: autoDraw = False
131.8063 	EXP 	fixation_3: autoDraw = False
131.8063 	EXP 	grid_lines_2: autoDraw = False
131.8063 	EXP 	target_square_2: autoDraw = False
131.8063 	EXP 	fixation_3: autoDraw = False
131.8141 	EXP 	grid_lines_2: autoDraw = True
131.8141 	EXP 	target_square_2: autoDraw = True
132.8062 	EXP 	target_square_2: autoDraw = False
132.8145 	EXP 	fixation_3: autoDraw = True
133.7978 	EXP 	New trial (rep=0, index=59): <Trial 59 (59 in rep 0) data={'location': [0, -0.2], 'corrAns': None, 'thisN': 59, 'thisTrialN': 59, 'thisRepN': 0}>
133.8059 	EXP 	grid_lines_2: autoDraw = False
133.8059 	EXP 	fixation_3: autoDraw = False
133.8059 	EXP 	grid_lines_2: autoDraw = False
133.8059 	EXP 	target_square_2: autoDraw = False
133.8059 	EXP 	fixation_3: autoDraw = False
133.8141 	EXP 	grid_lines_2: autoDraw = True
133.8141 	EXP 	target_square_2: autoDraw = True
134.8062 	EXP 	target_square_2: autoDraw = False
134.8142 	EXP 	fixation_3: autoDraw = True
135.7983 	EXP 	New trial (rep=0, index=60): <Trial 60 (60 in rep 0) data={'location': [0.2, 0], 'corrAns': 'space', 'thisN': 60, 'thisTrialN': 60, 'thisRepN': 0}>
135.8063 	EXP 	grid_lines_2: autoDraw = False
135.8063 	EXP 	fixation_3: autoDraw = False
135.8063 	EXP 	grid_lines_2: autoDraw = False
135.8063 	EXP 	target_square_2: autoDraw = False
135.8063 	EXP 	fixation_3: autoDraw = False
135.8144 	EXP 	grid_lines_2: autoDraw = True
135.8144 	EXP 	target_square_2: autoDraw = True
136.8060 	EXP 	target_square_2: autoDraw = False
136.8144 	EXP 	fixation_3: autoDraw = True
137.7984 	EXP 	New trial (rep=0, index=61): <Trial 61 (61 in rep 0) data={'location': [-0.2, 0], 'corrAns': None, 'thisN': 61, 'thisTrialN': 61, 'thisRepN': 0}>
137.8061 	EXP 	grid_lines_2: autoDraw = False
137.8061 	EXP 	fixation_3: autoDraw = False
137.8061 	EXP 	grid_lines_2: autoDraw = False
137.8061 	EXP 	target_square_2: autoDraw = False
137.8061 	EXP 	fixation_3: autoDraw = False
137.8143 	EXP 	grid_lines_2: autoDraw = True
137.8143 	EXP 	target_square_2: autoDraw = True
138.8063 	EXP 	target_square_2: autoDraw = False
138.8144 	EXP 	fixation_3: autoDraw = True
139.7982 	EXP 	New trial (rep=0, index=62): <Trial 62 (62 in rep 0) data={'location': [0, 0.2], 'corrAns': None, 'thisN': 62, 'thisTrialN': 62, 'thisRepN': 0}>
139.8061 	EXP 	grid_lines_2: autoDraw = False
139.8061 	EXP 	fixation_3: autoDraw = False
139.8061 	EXP 	grid_lines_2: autoDraw = False
139.8061 	EXP 	target_square_2: autoDraw = False
139.8061 	EXP 	fixation_3: autoDraw = False
139.8146 	EXP 	grid_lines_2: autoDraw = True
139.8146 	EXP 	target_square_2: autoDraw = True
140.8059 	EXP 	target_square_2: autoDraw = False
140.8144 	EXP 	fixation_3: autoDraw = True
141.7983 	EXP 	New trial (rep=0, index=63): <Trial 63 (63 in rep 0) data={'location': [0, -0.2], 'corrAns': None, 'thisN': 63, 'thisTrialN': 63, 'thisRepN': 0}>
141.8060 	EXP 	grid_lines_2: autoDraw = False
141.8060 	EXP 	fixation_3: autoDraw = False
141.8060 	EXP 	grid_lines_2: autoDraw = False
141.8060 	EXP 	target_square_2: autoDraw = False
141.8060 	EXP 	fixation_3: autoDraw = False
141.8144 	EXP 	grid_lines_2: autoDraw = True
141.8144 	EXP 	target_square_2: autoDraw = True
142.8063 	EXP 	target_square_2: autoDraw = False
142.8145 	EXP 	fixation_3: autoDraw = True
143.7983 	EXP 	New trial (rep=0, index=64): <Trial 64 (64 in rep 0) data={'location': [0, 0], 'corrAns': None, 'thisN': 64, 'thisTrialN': 64, 'thisRepN': 0}>
143.8061 	EXP 	grid_lines_2: autoDraw = False
143.8061 	EXP 	fixation_3: autoDraw = False
143.8061 	EXP 	grid_lines_2: autoDraw = False
143.8061 	EXP 	target_square_2: autoDraw = False
143.8061 	EXP 	fixation_3: autoDraw = False
143.8146 	EXP 	grid_lines_2: autoDraw = True
143.8146 	EXP 	target_square_2: autoDraw = True
144.8063 	EXP 	target_square_2: autoDraw = False
144.8148 	EXP 	fixation_3: autoDraw = True
145.7987 	EXP 	New trial (rep=0, index=65): <Trial 65 (65 in rep 0) data={'location': [0, -0.2], 'corrAns': 'space', 'thisN': 65, 'thisTrialN': 65, 'thisRepN': 0}>
145.8060 	EXP 	grid_lines_2: autoDraw = False
145.8060 	EXP 	fixation_3: autoDraw = False
145.8060 	EXP 	grid_lines_2: autoDraw = False
145.8060 	EXP 	target_square_2: autoDraw = False
145.8060 	EXP 	fixation_3: autoDraw = False
145.8146 	EXP 	grid_lines_2: autoDraw = True
145.8146 	EXP 	target_square_2: autoDraw = True
146.8060 	EXP 	target_square_2: autoDraw = False
146.8148 	EXP 	fixation_3: autoDraw = True
147.7987 	EXP 	New trial (rep=0, index=66): <Trial 66 (66 in rep 0) data={'location': [0, -0.2], 'corrAns': None, 'thisN': 66, 'thisTrialN': 66, 'thisRepN': 0}>
147.8062 	EXP 	grid_lines_2: autoDraw = False
147.8062 	EXP 	fixation_3: autoDraw = False
147.8062 	EXP 	grid_lines_2: autoDraw = False
147.8062 	EXP 	target_square_2: autoDraw = False
147.8062 	EXP 	fixation_3: autoDraw = False
147.8147 	EXP 	grid_lines_2: autoDraw = True
147.8147 	EXP 	target_square_2: autoDraw = True
148.8062 	EXP 	target_square_2: autoDraw = False
148.8146 	EXP 	fixation_3: autoDraw = True
149.7986 	EXP 	New trial (rep=0, index=67): <Trial 67 (67 in rep 0) data={'location': [0, -0.2], 'corrAns': 'space', 'thisN': 67, 'thisTrialN': 67, 'thisRepN': 0}>
149.8063 	EXP 	grid_lines_2: autoDraw = False
149.8063 	EXP 	fixation_3: autoDraw = False
149.8063 	EXP 	grid_lines_2: autoDraw = False
149.8063 	EXP 	target_square_2: autoDraw = False
149.8063 	EXP 	fixation_3: autoDraw = False
149.8146 	EXP 	grid_lines_2: autoDraw = True
149.8146 	EXP 	target_square_2: autoDraw = True
150.8066 	EXP 	target_square_2: autoDraw = False
150.8149 	EXP 	fixation_3: autoDraw = True
151.7985 	EXP 	New trial (rep=0, index=68): <Trial 68 (68 in rep 0) data={'location': [0, 0.2], 'corrAns': None, 'thisN': 68, 'thisTrialN': 68, 'thisRepN': 0}>
151.8063 	EXP 	grid_lines_2: autoDraw = False
151.8063 	EXP 	fixation_3: autoDraw = False
151.8063 	EXP 	grid_lines_2: autoDraw = False
151.8063 	EXP 	target_square_2: autoDraw = False
151.8063 	EXP 	fixation_3: autoDraw = False
151.8145 	EXP 	grid_lines_2: autoDraw = True
151.8145 	EXP 	target_square_2: autoDraw = True
152.8063 	EXP 	target_square_2: autoDraw = False
152.8147 	EXP 	fixation_3: autoDraw = True
153.7987 	EXP 	New trial (rep=0, index=69): <Trial 69 (69 in rep 0) data={'location': [-0.2, 0], 'corrAns': None, 'thisN': 69, 'thisTrialN': 69, 'thisRepN': 0}>
153.8064 	EXP 	grid_lines_2: autoDraw = False
153.8064 	EXP 	fixation_3: autoDraw = False
153.8064 	EXP 	grid_lines_2: autoDraw = False
153.8064 	EXP 	target_square_2: autoDraw = False
153.8064 	EXP 	fixation_3: autoDraw = False
153.8147 	EXP 	grid_lines_2: autoDraw = True
153.8147 	EXP 	target_square_2: autoDraw = True
154.8064 	EXP 	target_square_2: autoDraw = False
154.8146 	EXP 	fixation_3: autoDraw = True
155.7985 	EXP 	New trial (rep=0, index=70): <Trial 70 (70 in rep 0) data={'location': [0, 0], 'corrAns': None, 'thisN': 70, 'thisTrialN': 70, 'thisRepN': 0}>
155.8066 	EXP 	grid_lines_2: autoDraw = False
155.8066 	EXP 	fixation_3: autoDraw = False
155.8066 	EXP 	grid_lines_2: autoDraw = False
155.8066 	EXP 	target_square_2: autoDraw = False
155.8066 	EXP 	fixation_3: autoDraw = False
155.8146 	EXP 	grid_lines_2: autoDraw = True
155.8146 	EXP 	target_square_2: autoDraw = True
156.8065 	EXP 	target_square_2: autoDraw = False
156.8148 	EXP 	fixation_3: autoDraw = True
157.7987 	EXP 	New trial (rep=0, index=71): <Trial 71 (71 in rep 0) data={'location': [0, 0.2], 'corrAns': None, 'thisN': 71, 'thisTrialN': 71, 'thisRepN': 0}>
157.8067 	EXP 	grid_lines_2: autoDraw = False
157.8067 	EXP 	fixation_3: autoDraw = False
157.8067 	EXP 	grid_lines_2: autoDraw = False
157.8067 	EXP 	target_square_2: autoDraw = False
157.8067 	EXP 	fixation_3: autoDraw = False
157.8146 	EXP 	grid_lines_2: autoDraw = True
157.8146 	EXP 	target_square_2: autoDraw = True
158.8067 	EXP 	target_square_2: autoDraw = False
158.8150 	EXP 	fixation_3: autoDraw = True
159.7988 	EXP 	New trial (rep=0, index=72): <Trial 72 (72 in rep 0) data={'location': [0, -0.2], 'corrAns': None, 'thisN': 72, 'thisTrialN': 72, 'thisRepN': 0}>
159.8065 	EXP 	grid_lines_2: autoDraw = False
159.8065 	EXP 	fixation_3: autoDraw = False
159.8065 	EXP 	grid_lines_2: autoDraw = False
159.8065 	EXP 	target_square_2: autoDraw = False
159.8065 	EXP 	fixation_3: autoDraw = False
159.8148 	EXP 	grid_lines_2: autoDraw = True
159.8148 	EXP 	target_square_2: autoDraw = True
160.8067 	EXP 	target_square_2: autoDraw = False
160.8149 	EXP 	fixation_3: autoDraw = True
161.7989 	EXP 	New trial (rep=0, index=73): <Trial 73 (73 in rep 0) data={'location': [0.2, 0.2], 'corrAns': None, 'thisN': 73, 'thisTrialN': 73, 'thisRepN': 0}>
161.8068 	EXP 	grid_lines_2: autoDraw = False
161.8068 	EXP 	fixation_3: autoDraw = False
161.8068 	EXP 	grid_lines_2: autoDraw = False
161.8068 	EXP 	target_square_2: autoDraw = False
161.8068 	EXP 	fixation_3: autoDraw = False
161.8148 	EXP 	grid_lines_2: autoDraw = True
161.8148 	EXP 	target_square_2: autoDraw = True
162.8067 	EXP 	target_square_2: autoDraw = False
162.8149 	EXP 	fixation_3: autoDraw = True
163.7987 	EXP 	New trial (rep=0, index=74): <Trial 74 (74 in rep 0) data={'location': [0.2, 0], 'corrAns': None, 'thisN': 74, 'thisTrialN': 74, 'thisRepN': 0}>
163.8068 	EXP 	grid_lines_2: autoDraw = False
163.8068 	EXP 	fixation_3: autoDraw = False
163.8068 	EXP 	grid_lines_2: autoDraw = False
163.8068 	EXP 	target_square_2: autoDraw = False
163.8068 	EXP 	fixation_3: autoDraw = False
163.8148 	EXP 	grid_lines_2: autoDraw = True
163.8148 	EXP 	target_square_2: autoDraw = True
164.8066 	EXP 	target_square_2: autoDraw = False
164.8150 	EXP 	fixation_3: autoDraw = True
165.7990 	EXP 	New trial (rep=0, index=75): <Trial 75 (75 in rep 0) data={'location': [-0.2, -0.2], 'corrAns': None, 'thisN': 75, 'thisTrialN': 75, 'thisRepN': 0}>
165.8065 	EXP 	grid_lines_2: autoDraw = False
165.8065 	EXP 	fixation_3: autoDraw = False
165.8065 	EXP 	grid_lines_2: autoDraw = False
165.8065 	EXP 	target_square_2: autoDraw = False
165.8065 	EXP 	fixation_3: autoDraw = False
165.8150 	EXP 	grid_lines_2: autoDraw = True
165.8150 	EXP 	target_square_2: autoDraw = True
166.8065 	EXP 	target_square_2: autoDraw = False
166.8149 	EXP 	fixation_3: autoDraw = True
167.7991 	EXP 	New trial (rep=0, index=76): <Trial 76 (76 in rep 0) data={'location': [0.2, 0], 'corrAns': 'space', 'thisN': 76, 'thisTrialN': 76, 'thisRepN': 0}>
167.8066 	EXP 	grid_lines_2: autoDraw = False
167.8066 	EXP 	fixation_3: autoDraw = False
167.8066 	EXP 	grid_lines_2: autoDraw = False
167.8066 	EXP 	target_square_2: autoDraw = False
167.8066 	EXP 	fixation_3: autoDraw = False
167.8150 	EXP 	grid_lines_2: autoDraw = True
167.8150 	EXP 	target_square_2: autoDraw = True
168.8067 	EXP 	target_square_2: autoDraw = False
168.8148 	EXP 	fixation_3: autoDraw = True
169.7989 	EXP 	New trial (rep=0, index=77): <Trial 77 (77 in rep 0) data={'location': [-0.2, -0.2], 'corrAns': 'space', 'thisN': 77, 'thisTrialN': 77, 'thisRepN': 0}>
169.8067 	EXP 	grid_lines_2: autoDraw = False
169.8067 	EXP 	fixation_3: autoDraw = False
169.8067 	EXP 	grid_lines_2: autoDraw = False
169.8067 	EXP 	target_square_2: autoDraw = False
169.8067 	EXP 	fixation_3: autoDraw = False
169.8167 	EXP 	grid_lines_2: autoDraw = True
169.8167 	EXP 	target_square_2: autoDraw = True
170.8149 	EXP 	target_square_2: autoDraw = False
170.8149 	EXP 	fixation_3: autoDraw = True
171.8069 	EXP 	fixation_3: autoDraw = False
171.8074 	EXP 	New trial (rep=0, index=78): <Trial 78 (78 in rep 0) data={'location': [0, 0], 'corrAns': None, 'thisN': 78, 'thisTrialN': 78, 'thisRepN': 0}>
171.8149 	EXP 	grid_lines_2: autoDraw = False
171.8149 	EXP 	grid_lines_2: autoDraw = False
171.8149 	EXP 	target_square_2: autoDraw = False
171.8149 	EXP 	fixation_3: autoDraw = False
171.8149 	EXP 	grid_lines_2: autoDraw = True
171.8149 	EXP 	target_square_2: autoDraw = True
172.8067 	EXP 	target_square_2: autoDraw = False
172.8154 	EXP 	fixation_3: autoDraw = True
173.7992 	EXP 	New trial (rep=0, index=79): <Trial 79 (79 in rep 0) data={'location': [0, -0.2], 'corrAns': None, 'thisN': 79, 'thisTrialN': 79, 'thisRepN': 0}>
173.8068 	EXP 	grid_lines_2: autoDraw = False
173.8068 	EXP 	fixation_3: autoDraw = False
173.8068 	EXP 	grid_lines_2: autoDraw = False
173.8068 	EXP 	target_square_2: autoDraw = False
173.8068 	EXP 	fixation_3: autoDraw = False
173.8150 	EXP 	grid_lines_2: autoDraw = True
173.8150 	EXP 	target_square_2: autoDraw = True
174.8068 	EXP 	target_square_2: autoDraw = False
174.8152 	EXP 	fixation_3: autoDraw = True
175.7992 	EXP 	New trial (rep=0, index=80): <Trial 80 (80 in rep 0) data={'location': [0.2, 0], 'corrAns': None, 'thisN': 80, 'thisTrialN': 80, 'thisRepN': 0}>
175.8068 	EXP 	grid_lines_2: autoDraw = False
175.8068 	EXP 	fixation_3: autoDraw = False
175.8068 	EXP 	grid_lines_2: autoDraw = False
175.8068 	EXP 	target_square_2: autoDraw = False
175.8068 	EXP 	fixation_3: autoDraw = False
175.8153 	EXP 	grid_lines_2: autoDraw = True
175.8153 	EXP 	target_square_2: autoDraw = True
176.8070 	EXP 	target_square_2: autoDraw = False
176.8151 	EXP 	fixation_3: autoDraw = True
177.7989 	EXP 	New trial (rep=0, index=81): <Trial 81 (81 in rep 0) data={'location': [0, -0.2], 'corrAns': 'space', 'thisN': 81, 'thisTrialN': 81, 'thisRepN': 0}>
177.8069 	EXP 	grid_lines_2: autoDraw = False
177.8069 	EXP 	fixation_3: autoDraw = False
177.8069 	EXP 	grid_lines_2: autoDraw = False
177.8069 	EXP 	target_square_2: autoDraw = False
177.8069 	EXP 	fixation_3: autoDraw = False
177.8153 	EXP 	grid_lines_2: autoDraw = True
177.8153 	EXP 	target_square_2: autoDraw = True
178.8069 	EXP 	target_square_2: autoDraw = False
178.8153 	EXP 	fixation_3: autoDraw = True
179.7992 	EXP 	New trial (rep=0, index=82): <Trial 82 (82 in rep 0) data={'location': [0, 0], 'corrAns': None, 'thisN': 82, 'thisTrialN': 82, 'thisRepN': 0}>
179.8070 	EXP 	grid_lines_2: autoDraw = False
179.8070 	EXP 	fixation_3: autoDraw = False
179.8070 	EXP 	grid_lines_2: autoDraw = False
179.8070 	EXP 	target_square_2: autoDraw = False
179.8070 	EXP 	fixation_3: autoDraw = False
179.8153 	EXP 	grid_lines_2: autoDraw = True
179.8153 	EXP 	target_square_2: autoDraw = True
180.8070 	EXP 	target_square_2: autoDraw = False
180.8182 	EXP 	fixation_3: autoDraw = True
181.8072 	EXP 	grid_lines_2: autoDraw = False
181.8077 	EXP 	New trial (rep=0, index=83): <Trial 83 (83 in rep 0) data={'location': [0.2, 0.2], 'corrAns': None, 'thisN': 83, 'thisTrialN': 83, 'thisRepN': 0}>
181.8150 	EXP 	fixation_3: autoDraw = False
181.8150 	EXP 	grid_lines_2: autoDraw = False
181.8150 	EXP 	target_square_2: autoDraw = False
181.8150 	EXP 	fixation_3: autoDraw = False
181.8150 	EXP 	grid_lines_2: autoDraw = True
181.8150 	EXP 	target_square_2: autoDraw = True
182.8070 	EXP 	target_square_2: autoDraw = False
182.8153 	EXP 	fixation_3: autoDraw = True
183.7993 	EXP 	New trial (rep=0, index=84): <Trial 84 (84 in rep 0) data={'location': [0, -0.2], 'corrAns': None, 'thisN': 84, 'thisTrialN': 84, 'thisRepN': 0}>
183.8070 	EXP 	grid_lines_2: autoDraw = False
183.8070 	EXP 	fixation_3: autoDraw = False
183.8070 	EXP 	grid_lines_2: autoDraw = False
183.8070 	EXP 	target_square_2: autoDraw = False
183.8070 	EXP 	fixation_3: autoDraw = False
183.8155 	EXP 	grid_lines_2: autoDraw = True
183.8155 	EXP 	target_square_2: autoDraw = True
184.8072 	EXP 	target_square_2: autoDraw = False
184.8153 	EXP 	fixation_3: autoDraw = True
185.7991 	EXP 	New trial (rep=0, index=85): <Trial 85 (85 in rep 0) data={'location': [0.2, 0], 'corrAns': None, 'thisN': 85, 'thisTrialN': 85, 'thisRepN': 0}>
185.8069 	EXP 	grid_lines_2: autoDraw = False
185.8069 	EXP 	fixation_3: autoDraw = False
185.8069 	EXP 	grid_lines_2: autoDraw = False
185.8069 	EXP 	target_square_2: autoDraw = False
185.8069 	EXP 	fixation_3: autoDraw = False
185.8156 	EXP 	grid_lines_2: autoDraw = True
185.8156 	EXP 	target_square_2: autoDraw = True
186.8070 	EXP 	target_square_2: autoDraw = False
186.8156 	EXP 	fixation_3: autoDraw = True
187.7993 	EXP 	New trial (rep=0, index=86): <Trial 86 (86 in rep 0) data={'location': [0, 0.2], 'corrAns': None, 'thisN': 86, 'thisTrialN': 86, 'thisRepN': 0}>
187.8070 	EXP 	grid_lines_2: autoDraw = False
187.8070 	EXP 	fixation_3: autoDraw = False
187.8070 	EXP 	grid_lines_2: autoDraw = False
187.8070 	EXP 	target_square_2: autoDraw = False
187.8070 	EXP 	fixation_3: autoDraw = False
187.8155 	EXP 	grid_lines_2: autoDraw = True
187.8155 	EXP 	target_square_2: autoDraw = True
188.8070 	EXP 	target_square_2: autoDraw = False
188.8155 	EXP 	fixation_3: autoDraw = True
189.7997 	EXP 	New trial (rep=0, index=87): <Trial 87 (87 in rep 0) data={'location': [0.2, 0], 'corrAns': 'space', 'thisN': 87, 'thisTrialN': 87, 'thisRepN': 0}>
189.8078 	EXP 	grid_lines_2: autoDraw = False
189.8078 	EXP 	fixation_3: autoDraw = False
189.8078 	EXP 	grid_lines_2: autoDraw = False
189.8078 	EXP 	target_square_2: autoDraw = False
189.8078 	EXP 	fixation_3: autoDraw = False
189.8157 	EXP 	grid_lines_2: autoDraw = True
189.8157 	EXP 	target_square_2: autoDraw = True
190.8076 	EXP 	target_square_2: autoDraw = False
190.8159 	EXP 	fixation_3: autoDraw = True
191.7996 	EXP 	New trial (rep=0, index=88): <Trial 88 (88 in rep 0) data={'location': [0, -0.2], 'corrAns': None, 'thisN': 88, 'thisTrialN': 88, 'thisRepN': 0}>
191.8076 	EXP 	grid_lines_2: autoDraw = False
191.8076 	EXP 	fixation_3: autoDraw = False
191.8076 	EXP 	grid_lines_2: autoDraw = False
191.8076 	EXP 	target_square_2: autoDraw = False
191.8076 	EXP 	fixation_3: autoDraw = False
191.8159 	EXP 	grid_lines_2: autoDraw = True
191.8159 	EXP 	target_square_2: autoDraw = True
192.8079 	EXP 	target_square_2: autoDraw = False
192.8159 	EXP 	fixation_3: autoDraw = True
193.8001 	EXP 	New trial (rep=0, index=89): <Trial 89 (89 in rep 0) data={'location': [0.2, 0.2], 'corrAns': None, 'thisN': 89, 'thisTrialN': 89, 'thisRepN': 0}>
193.8078 	EXP 	grid_lines_2: autoDraw = False
193.8078 	EXP 	fixation_3: autoDraw = False
193.8078 	EXP 	grid_lines_2: autoDraw = False
193.8078 	EXP 	target_square_2: autoDraw = False
193.8078 	EXP 	fixation_3: autoDraw = False
193.8161 	EXP 	grid_lines_2: autoDraw = True
193.8161 	EXP 	target_square_2: autoDraw = True
194.8075 	EXP 	target_square_2: autoDraw = False
194.8160 	EXP 	fixation_3: autoDraw = True
195.7999 	EXP 	New trial (rep=0, index=90): <Trial 90 (90 in rep 0) data={'location': [0.2, 0], 'corrAns': None, 'thisN': 90, 'thisTrialN': 90, 'thisRepN': 0}>
195.8076 	EXP 	grid_lines_2: autoDraw = False
195.8076 	EXP 	fixation_3: autoDraw = False
195.8076 	EXP 	grid_lines_2: autoDraw = False
195.8076 	EXP 	target_square_2: autoDraw = False
195.8076 	EXP 	fixation_3: autoDraw = False
195.8159 	EXP 	grid_lines_2: autoDraw = True
195.8159 	EXP 	target_square_2: autoDraw = True
196.8076 	EXP 	target_square_2: autoDraw = False
196.8162 	EXP 	fixation_3: autoDraw = True
197.7999 	EXP 	New trial (rep=0, index=91): <Trial 91 (91 in rep 0) data={'location': [0, 0], 'corrAns': None, 'thisN': 91, 'thisTrialN': 91, 'thisRepN': 0}>
197.8076 	EXP 	grid_lines_2: autoDraw = False
197.8076 	EXP 	fixation_3: autoDraw = False
197.8076 	EXP 	grid_lines_2: autoDraw = False
197.8076 	EXP 	target_square_2: autoDraw = False
197.8076 	EXP 	fixation_3: autoDraw = False
197.8161 	EXP 	grid_lines_2: autoDraw = True
197.8161 	EXP 	target_square_2: autoDraw = True
198.8078 	EXP 	target_square_2: autoDraw = False
198.8163 	EXP 	fixation_3: autoDraw = True
199.8000 	EXP 	New trial (rep=0, index=92): <Trial 92 (92 in rep 0) data={'location': [0, -0.2], 'corrAns': None, 'thisN': 92, 'thisTrialN': 92, 'thisRepN': 0}>
199.8077 	EXP 	grid_lines_2: autoDraw = False
199.8077 	EXP 	fixation_3: autoDraw = False
199.8077 	EXP 	grid_lines_2: autoDraw = False
199.8077 	EXP 	target_square_2: autoDraw = False
199.8077 	EXP 	fixation_3: autoDraw = False
199.8162 	EXP 	grid_lines_2: autoDraw = True
199.8162 	EXP 	target_square_2: autoDraw = True
200.8078 	EXP 	target_square_2: autoDraw = False
200.8160 	EXP 	fixation_3: autoDraw = True
201.8000 	EXP 	New trial (rep=0, index=93): <Trial 93 (93 in rep 0) data={'location': [0, 0], 'corrAns': 'space', 'thisN': 93, 'thisTrialN': 93, 'thisRepN': 0}>
201.8077 	EXP 	grid_lines_2: autoDraw = False
201.8077 	EXP 	fixation_3: autoDraw = False
201.8077 	EXP 	grid_lines_2: autoDraw = False
201.8077 	EXP 	target_square_2: autoDraw = False
201.8077 	EXP 	fixation_3: autoDraw = False
201.8161 	EXP 	grid_lines_2: autoDraw = True
201.8161 	EXP 	target_square_2: autoDraw = True
202.8078 	EXP 	target_square_2: autoDraw = False
202.8161 	EXP 	fixation_3: autoDraw = True
203.8000 	EXP 	New trial (rep=0, index=94): <Trial 94 (94 in rep 0) data={'location': [0.2, 0.2], 'corrAns': None, 'thisN': 94, 'thisTrialN': 94, 'thisRepN': 0}>
203.8081 	EXP 	grid_lines_2: autoDraw = False
203.8081 	EXP 	fixation_3: autoDraw = False
203.8081 	EXP 	grid_lines_2: autoDraw = False
203.8081 	EXP 	target_square_2: autoDraw = False
203.8081 	EXP 	fixation_3: autoDraw = False
203.8160 	EXP 	grid_lines_2: autoDraw = True
203.8160 	EXP 	target_square_2: autoDraw = True
204.8077 	EXP 	target_square_2: autoDraw = False
204.8162 	EXP 	fixation_3: autoDraw = True
205.8003 	EXP 	New trial (rep=0, index=95): <Trial 95 (95 in rep 0) data={'location': [0.2, 0.2], 'corrAns': None, 'thisN': 95, 'thisTrialN': 95, 'thisRepN': 0}>
205.8078 	EXP 	grid_lines_2: autoDraw = False
205.8078 	EXP 	fixation_3: autoDraw = False
205.8078 	EXP 	grid_lines_2: autoDraw = False
205.8078 	EXP 	target_square_2: autoDraw = False
205.8078 	EXP 	fixation_3: autoDraw = False
205.8161 	EXP 	grid_lines_2: autoDraw = True
205.8161 	EXP 	target_square_2: autoDraw = True
206.8081 	EXP 	target_square_2: autoDraw = False
206.8162 	EXP 	fixation_3: autoDraw = True
207.8004 	EXP 	New trial (rep=0, index=96): <Trial 96 (96 in rep 0) data={'location': [0.2, 0], 'corrAns': None, 'thisN': 96, 'thisTrialN': 96, 'thisRepN': 0}>
207.8080 	EXP 	grid_lines_2: autoDraw = False
207.8080 	EXP 	fixation_3: autoDraw = False
207.8080 	EXP 	grid_lines_2: autoDraw = False
207.8080 	EXP 	target_square_2: autoDraw = False
207.8080 	EXP 	fixation_3: autoDraw = False
207.8167 	EXP 	grid_lines_2: autoDraw = True
207.8167 	EXP 	target_square_2: autoDraw = True
208.8081 	EXP 	target_square_2: autoDraw = False
208.8162 	EXP 	fixation_3: autoDraw = True
209.8002 	EXP 	New trial (rep=0, index=97): <Trial 97 (97 in rep 0) data={'location': [-0.2, 0], 'corrAns': None, 'thisN': 97, 'thisTrialN': 97, 'thisRepN': 0}>
209.8080 	EXP 	grid_lines_2: autoDraw = False
209.8080 	EXP 	fixation_3: autoDraw = False
209.8080 	EXP 	grid_lines_2: autoDraw = False
209.8080 	EXP 	target_square_2: autoDraw = False
209.8080 	EXP 	fixation_3: autoDraw = False
209.8163 	EXP 	grid_lines_2: autoDraw = True
209.8163 	EXP 	target_square_2: autoDraw = True
210.8081 	EXP 	target_square_2: autoDraw = False
210.8162 	EXP 	fixation_3: autoDraw = True
211.8003 	EXP 	New trial (rep=0, index=98): <Trial 98 (98 in rep 0) data={'location': [-0.2, -0.2], 'corrAns': None, 'thisN': 98, 'thisTrialN': 98, 'thisRepN': 0}>
211.8080 	EXP 	grid_lines_2: autoDraw = False
211.8080 	EXP 	fixation_3: autoDraw = False
211.8080 	EXP 	grid_lines_2: autoDraw = False
211.8080 	EXP 	target_square_2: autoDraw = False
211.8080 	EXP 	fixation_3: autoDraw = False
211.8163 	EXP 	grid_lines_2: autoDraw = True
211.8163 	EXP 	target_square_2: autoDraw = True
212.8079 	EXP 	target_square_2: autoDraw = False
212.8163 	EXP 	fixation_3: autoDraw = True
213.8001 	EXP 	New trial (rep=0, index=99): <Trial 99 (99 in rep 0) data={'location': [0, -0.2], 'corrAns': None, 'thisN': 99, 'thisTrialN': 99, 'thisRepN': 0}>
213.8082 	EXP 	grid_lines_2: autoDraw = False
213.8082 	EXP 	fixation_3: autoDraw = False
213.8082 	EXP 	grid_lines_2: autoDraw = False
213.8082 	EXP 	target_square_2: autoDraw = False
213.8082 	EXP 	fixation_3: autoDraw = False
213.8164 	EXP 	grid_lines_2: autoDraw = True
213.8164 	EXP 	target_square_2: autoDraw = True
214.8082 	EXP 	target_square_2: autoDraw = False
214.8164 	EXP 	fixation_3: autoDraw = True
215.8081 	EXP 	grid_lines_2: autoDraw = False
215.8081 	EXP 	fixation_3: autoDraw = False
215.8081 	EXP 	grid_lines_2: autoDraw = False
215.8081 	EXP 	target_square_2: autoDraw = False
215.8081 	EXP 	fixation_3: autoDraw = False
215.8164 	EXP 	thank_you: autoDraw = True
218.8080 	EXP 	thank_you: autoDraw = False
218.8080 	EXP 	thank_you: autoDraw = False
218.8082 	EXP 	untitled: status = STOPPED
