39.1419 	WARNING 	User requested fullscreen with size [1024  768], but screen is actually [1920, 1200]. Using actual size
39.7875 	EXP 	Created window1 = Window(allowGUI=False, allowStencil=False, autoLog=True, backendConf=UNKNOWN, backgroundFit=<method-wrapper '__getattribute__' of attributeSetter object at 0x000002F6DDCA5FF0>, backgroundImage=<method-wrapper '__getattribute__' of attributeSetter object at 0x000002F6DDCA5F90>, bitsMode=UNKNOWN, blendMode='avg', bpc=(8, 8, 8), color=array([0, 0, 0]), colorSpace='rgb', depthBits=8, fullscr=True, gamma=None, gammaErrorPolicy='raise', infoMsg=UNKNOWN, lms=UNKNOWN, monitor=<psychopy.monitors.calibTools.Monitor object at 0x000002F6DDD57A90>, multiSample=False, name='window1', numSamples=2, pos=[np.float64(0.0), np.float64(0.0)], screen=0, size=array([1920, 1200]), stencilBits=0, stereo=False, title='PsychoPy', units='height', useFBO=True, useRetina=False, viewOri=0.0, viewPos=None, viewScale=None, waitBlanking=True, winType='pyglet')
39.7876 	EXP 	window1: backgroundImage = ''
39.7876 	EXP 	window1: backgroundFit = 'none'
40.1124 	EXP 	window1: Attempting to measure frame rate of screen (0) ...
40.1125 	EXP 	window1: recordFrameIntervals = False
40.2665 	EXP 	window1: recordFrameIntervals = True
41.1090 	EXP 	window1: recordFrameIntervals = False
41.1091 	EXP 	Screen (0) actual frame rate measured at 119.31Hz
41.2542 	EXP 	untitled: status = STARTED
41.3623 	EXP 	Created instructions_2 = TextStim(__class__=<class 'psychopy.visual.text.TextStim'>, alignHoriz=method-wrapper(...), alignText='center', alignVert=method-wrapper(...), anchorHoriz='center', anchorVert='center', antialias=True, autoDraw=False, autoLog=True, bold=False, color=array([1., 1., 1.]), colorSpace='rgb', contrast=1.0, depth=0.0, draggable=False, flipHoriz=False, flipVert=False, font='Arial', fontFiles=[], height=np.float64(0.05), italic=False, languageStyle='LTR', name='instructions_2', opacity=1, ori=0, pos=array([0., 0.]), rgb=UNKNOWN, text=str(...), units='height', win=Window(...), wrapWidth=1)
41.3651 	EXP 	Created fixation_1 = TextStim(__class__=<class 'psychopy.visual.text.TextStim'>, alignHoriz=method-wrapper(...), alignText='center', alignVert=method-wrapper(...), anchorHoriz='center', anchorVert='center', antialias=True, autoDraw=False, autoLog=True, bold=False, color=array([1., 1., 1.]), colorSpace='rgb', contrast=1.0, depth=0.0, draggable=False, flipHoriz=False, flipVert=False, font='Arial', fontFiles=[], height=np.float64(0.05), italic=False, languageStyle='LTR', name='fixation_1', opacity=1, ori=0, pos=array([0., 0.]), rgb=UNKNOWN, text='+', units='height', win=Window(...), wrapWidth=1)
41.3658 	WARNING 	Requested image 'grid' not found but similar filename 'grid.png' exists. This will be used instead but changing the filename is advised.
41.4175 	EXP 	Created grid_lines_2 = ImageStim(__class__=<class 'psychopy.visual.image.ImageStim'>, anchor=('center', 'center'), autoLog=True, color=array([1., 1., 1.]), colorSpace='rgb', contrast=1.0, depth=0.0, draggable=False, flipHoriz=np.False_, flipVert=np.False_, image='grid', interpolate=True, mask=None, maskParams=None, name='grid_lines_2', opacity=1, ori=0.0, pos=array([0., 0.]), size=array([0.6, 0.6]), texRes=128, units='height', win=Window(...))
41.4191 	EXP 	Created target_square_2 = Rect(__class__=<class 'psychopy.visual.rect.Rect'>, anchor=('center', 'center'), autoDraw=False, autoLog=True, closeShape=True, color=method-wrapper(...), colorSpace='rgb', contrast=None, depth=-1.0, draggable=False, fillColor=array([1., 1., 1.]), fillColorSpace='rgb', fillRGB=array([1., 1., 1.]), interpolate=True, lineColor=array([0., 0., 0.]), lineColorSpace='rgb', lineRGB=array([0, 0, 0]), lineWidth=1, name='target_square_2', opacity=1, ori=0.0, pos=array([0., 0.]), size=array([0.15, 0.15]), units='height', vertices=ndarray(...), win=Window(...))
41.4215 	EXP 	Created fixation_3 = TextStim(__class__=<class 'psychopy.visual.text.TextStim'>, alignHoriz=method-wrapper(...), alignText='center', alignVert=method-wrapper(...), anchorHoriz='center', anchorVert='center', antialias=True, autoDraw=False, autoLog=True, bold=False, color=array([1., 1., 1.]), colorSpace='rgb', contrast=1.0, depth=-2.0, draggable=False, flipHoriz=False, flipVert=False, font='Arial', fontFiles=[], height=np.float64(0.05), italic=False, languageStyle='LTR', name='fixation_3', opacity=1, ori=0, pos=array([0., 0.]), rgb=UNKNOWN, text='+', units='height', win=Window(...), wrapWidth=1)
41.4947 	EXP 	Created thank_you = TextStim(__class__=<class 'psychopy.visual.text.TextStim'>, alignHoriz=method-wrapper(...), alignText='center', alignVert=method-wrapper(...), anchorHoriz='center', anchorVert='center', antialias=True, autoDraw=False, autoLog=True, bold=False, color=array([1., 1., 1.]), colorSpace='rgb', contrast=1.0, depth=0.0, draggable=False, flipHoriz=False, flipVert=False, font='Arial', fontFiles=[], height=np.float64(0.1), italic=False, languageStyle='LTR', name='thank_you', opacity=1, ori=0, pos=array([0., 0.]), rgb=UNKNOWN, text=str(...), units='height', win=Window(...), wrapWidth=1)
0.0159 	EXP 	instructions_2: autoDraw = True
58.3580 	DATA 	Mouse: Left button down, pos=(1059,749)
58.3586 	DATA 	Mouse:  Left button up, pos=(1059,749)
58.6954 	EXP 	Device response: <KeyPress from None: t=58.68396410020068, value=space, duration=None>
58.6976 	DATA 	Keypress: space
58.7017 	EXP 	instructions_2: autoDraw = False
58.7017 	EXP 	fixation_1: autoDraw = True
58.7532 	EXP 	Device response: <KeyPress from None: t=58.68396410020068, value=space, duration=0.06232929974794388>
59.6984 	EXP 	Imported trial_2.xlsx as conditions, 100 conditions, 2 params
59.6998 	EXP 	New trial (rep=0, index=0): <Trial 0 (0 in rep 0) data={'location': [0, 0], 'corrAns': None, 'thisN': 0, 'thisTrialN': 0, 'thisRepN': 0}>
59.7093 	EXP 	fixation_1: autoDraw = False
59.7093 	EXP 	fixation_1: autoDraw = False
59.7093 	EXP 	grid_lines_2: autoDraw = True
59.7093 	EXP 	target_square_2: autoDraw = True
60.6878 	EXP 	fixation_3: autoDraw = True
60.7044 	EXP 	target_square_2: autoDraw = False
61.6804 	EXP 	fixation_3: autoDraw = False
61.6974 	EXP 	New trial (rep=0, index=1): <Trial 1 (1 in rep 0) data={'location': [0.2, 0], 'corrAns': None, 'thisN': 1, 'thisTrialN': 1, 'thisRepN': 0}>
61.7053 	EXP 	grid_lines_2: autoDraw = False
61.7053 	EXP 	target_square_2: autoDraw = False
61.7053 	EXP 	fixation_3: autoDraw = False
61.7053 	EXP 	grid_lines_2: autoDraw = True
61.7053 	EXP 	target_square_2: autoDraw = True
62.6897 	EXP 	fixation_3: autoDraw = True
62.6979 	EXP 	target_square_2: autoDraw = False
63.6821 	EXP 	fixation_3: autoDraw = False
63.6907 	EXP 	New trial (rep=0, index=2): <Trial 2 (2 in rep 0) data={'location': [-0.2, 0.2], 'corrAns': None, 'thisN': 2, 'thisTrialN': 2, 'thisRepN': 0}>
63.6989 	EXP 	grid_lines_2: autoDraw = False
63.6989 	EXP 	grid_lines_2: autoDraw = False
63.6989 	EXP 	target_square_2: autoDraw = False
63.6989 	EXP 	fixation_3: autoDraw = False
63.6989 	EXP 	grid_lines_2: autoDraw = True
63.6989 	EXP 	target_square_2: autoDraw = True
64.6911 	EXP 	target_square_2: autoDraw = False
64.6911 	EXP 	fixation_3: autoDraw = True
65.6841 	EXP 	fixation_3: autoDraw = False
65.6844 	EXP 	New trial (rep=0, index=3): <Trial 3 (3 in rep 0) data={'location': [-0.2, 0], 'corrAns': None, 'thisN': 3, 'thisTrialN': 3, 'thisRepN': 0}>
65.6920 	EXP 	grid_lines_2: autoDraw = False
65.6920 	EXP 	grid_lines_2: autoDraw = False
65.6920 	EXP 	target_square_2: autoDraw = False
65.6920 	EXP 	fixation_3: autoDraw = False
65.6920 	EXP 	grid_lines_2: autoDraw = True
65.6920 	EXP 	target_square_2: autoDraw = True
66.6845 	EXP 	target_square_2: autoDraw = False
66.6928 	EXP 	fixation_3: autoDraw = True
67.6773 	EXP 	New trial (rep=0, index=4): <Trial 4 (4 in rep 0) data={'location': [-0.2, 0.2], 'corrAns': 'space', 'thisN': 4, 'thisTrialN': 4, 'thisRepN': 0}>
67.6852 	EXP 	grid_lines_2: autoDraw = False
67.6852 	EXP 	fixation_3: autoDraw = False
67.6852 	EXP 	grid_lines_2: autoDraw = False
67.6852 	EXP 	target_square_2: autoDraw = False
67.6852 	EXP 	fixation_3: autoDraw = False
67.6935 	EXP 	grid_lines_2: autoDraw = True
67.6935 	EXP 	target_square_2: autoDraw = True
68.6868 	EXP 	target_square_2: autoDraw = False
68.6868 	EXP 	fixation_3: autoDraw = True
69.6784 	EXP 	fixation_3: autoDraw = False
69.6789 	EXP 	New trial (rep=0, index=5): <Trial 5 (5 in rep 0) data={'location': [0.2, -0.2], 'corrAns': None, 'thisN': 5, 'thisTrialN': 5, 'thisRepN': 0}>
69.6867 	EXP 	grid_lines_2: autoDraw = False
69.6867 	EXP 	grid_lines_2: autoDraw = False
69.6867 	EXP 	target_square_2: autoDraw = False
69.6867 	EXP 	fixation_3: autoDraw = False
69.6867 	EXP 	grid_lines_2: autoDraw = True
69.6867 	EXP 	target_square_2: autoDraw = True
70.6800 	EXP 	target_square_2: autoDraw = False
70.6884 	EXP 	fixation_3: autoDraw = True
71.6721 	EXP 	New trial (rep=0, index=6): <Trial 6 (6 in rep 0) data={'location': [0, -0.2], 'corrAns': None, 'thisN': 6, 'thisTrialN': 6, 'thisRepN': 0}>
71.6802 	EXP 	grid_lines_2: autoDraw = False
71.6802 	EXP 	fixation_3: autoDraw = False
71.6802 	EXP 	grid_lines_2: autoDraw = False
71.6802 	EXP 	target_square_2: autoDraw = False
71.6802 	EXP 	fixation_3: autoDraw = False
71.6885 	EXP 	grid_lines_2: autoDraw = True
71.6885 	EXP 	target_square_2: autoDraw = True
72.6809 	EXP 	target_square_2: autoDraw = False
72.6894 	EXP 	fixation_3: autoDraw = True
73.6743 	EXP 	New trial (rep=0, index=7): <Trial 7 (7 in rep 0) data={'location': [0.2, 0.2], 'corrAns': None, 'thisN': 7, 'thisTrialN': 7, 'thisRepN': 0}>
73.6817 	EXP 	grid_lines_2: autoDraw = False
73.6817 	EXP 	fixation_3: autoDraw = False
73.6817 	EXP 	grid_lines_2: autoDraw = False
73.6817 	EXP 	target_square_2: autoDraw = False
73.6817 	EXP 	fixation_3: autoDraw = False
73.6900 	EXP 	grid_lines_2: autoDraw = True
73.6900 	EXP 	target_square_2: autoDraw = True
74.6833 	EXP 	target_square_2: autoDraw = False
74.6914 	EXP 	fixation_3: autoDraw = True
75.6754 	EXP 	New trial (rep=0, index=8): <Trial 8 (8 in rep 0) data={'location': [0, -0.2], 'corrAns': 'space', 'thisN': 8, 'thisTrialN': 8, 'thisRepN': 0}>
75.6834 	EXP 	grid_lines_2: autoDraw = False
75.6834 	EXP 	fixation_3: autoDraw = False
75.6834 	EXP 	grid_lines_2: autoDraw = False
75.6834 	EXP 	target_square_2: autoDraw = False
75.6834 	EXP 	fixation_3: autoDraw = False
75.6917 	EXP 	grid_lines_2: autoDraw = True
75.6917 	EXP 	target_square_2: autoDraw = True
76.6842 	EXP 	target_square_2: autoDraw = False
76.6931 	EXP 	fixation_3: autoDraw = True
77.6767 	EXP 	New trial (rep=0, index=9): <Trial 9 (9 in rep 0) data={'location': [0.2, 0.2], 'corrAns': 'space', 'thisN': 9, 'thisTrialN': 9, 'thisRepN': 0}>
77.6861 	EXP 	grid_lines_2: autoDraw = False
77.6861 	EXP 	fixation_3: autoDraw = False
77.6861 	EXP 	grid_lines_2: autoDraw = False
77.6861 	EXP 	target_square_2: autoDraw = False
77.6861 	EXP 	fixation_3: autoDraw = False
77.6929 	EXP 	grid_lines_2: autoDraw = True
77.6929 	EXP 	target_square_2: autoDraw = True
78.6858 	EXP 	target_square_2: autoDraw = False
78.6858 	EXP 	fixation_3: autoDraw = True
79.6788 	EXP 	fixation_3: autoDraw = False
79.6792 	EXP 	New trial (rep=0, index=10): <Trial 10 (10 in rep 0) data={'location': [0.2, 0], 'corrAns': None, 'thisN': 10, 'thisTrialN': 10, 'thisRepN': 0}>
79.6870 	EXP 	grid_lines_2: autoDraw = False
79.6870 	EXP 	grid_lines_2: autoDraw = False
79.6870 	EXP 	target_square_2: autoDraw = False
79.6870 	EXP 	fixation_3: autoDraw = False
79.6870 	EXP 	grid_lines_2: autoDraw = True
79.6870 	EXP 	target_square_2: autoDraw = True
80.6794 	EXP 	target_square_2: autoDraw = False
80.6874 	EXP 	fixation_3: autoDraw = True
81.6740 	EXP 	New trial (rep=0, index=11): <Trial 11 (11 in rep 0) data={'location': [0, 0], 'corrAns': None, 'thisN': 11, 'thisTrialN': 11, 'thisRepN': 0}>
81.6795 	EXP 	grid_lines_2: autoDraw = False
81.6795 	EXP 	fixation_3: autoDraw = False
81.6795 	EXP 	grid_lines_2: autoDraw = False
81.6795 	EXP 	target_square_2: autoDraw = False
81.6795 	EXP 	fixation_3: autoDraw = False
81.6883 	EXP 	grid_lines_2: autoDraw = True
81.6883 	EXP 	target_square_2: autoDraw = True
82.6817 	EXP 	target_square_2: autoDraw = False
82.6887 	EXP 	fixation_3: autoDraw = True
83.6742 	EXP 	New trial (rep=0, index=12): <Trial 12 (12 in rep 0) data={'location': [0.2, -0.2], 'corrAns': None, 'thisN': 12, 'thisTrialN': 12, 'thisRepN': 0}>
83.6814 	EXP 	grid_lines_2: autoDraw = False
83.6814 	EXP 	fixation_3: autoDraw = False
83.6814 	EXP 	grid_lines_2: autoDraw = False
83.6814 	EXP 	target_square_2: autoDraw = False
83.6814 	EXP 	fixation_3: autoDraw = False
83.6900 	EXP 	grid_lines_2: autoDraw = True
83.6900 	EXP 	target_square_2: autoDraw = True
84.6824 	EXP 	target_square_2: autoDraw = False
84.6913 	EXP 	fixation_3: autoDraw = True
85.6751 	EXP 	New trial (rep=0, index=13): <Trial 13 (13 in rep 0) data={'location': [-0.2, -0.2], 'corrAns': None, 'thisN': 13, 'thisTrialN': 13, 'thisRepN': 0}>
85.6838 	EXP 	grid_lines_2: autoDraw = False
85.6838 	EXP 	fixation_3: autoDraw = False
85.6838 	EXP 	grid_lines_2: autoDraw = False
85.6838 	EXP 	target_square_2: autoDraw = False
85.6838 	EXP 	fixation_3: autoDraw = False
85.6920 	EXP 	grid_lines_2: autoDraw = True
85.6920 	EXP 	target_square_2: autoDraw = True
86.6839 	EXP 	target_square_2: autoDraw = False
86.6924 	EXP 	fixation_3: autoDraw = True
87.6768 	EXP 	New trial (rep=0, index=14): <Trial 14 (14 in rep 0) data={'location': [0.2, -0.2], 'corrAns': 'space', 'thisN': 14, 'thisTrialN': 14, 'thisRepN': 0}>
87.6846 	EXP 	grid_lines_2: autoDraw = False
87.6846 	EXP 	fixation_3: autoDraw = False
87.6846 	EXP 	grid_lines_2: autoDraw = False
87.6846 	EXP 	target_square_2: autoDraw = False
87.6846 	EXP 	fixation_3: autoDraw = False
87.6931 	EXP 	grid_lines_2: autoDraw = True
87.6931 	EXP 	target_square_2: autoDraw = True
88.6856 	EXP 	target_square_2: autoDraw = False
88.6945 	EXP 	fixation_3: autoDraw = True
89.6791 	EXP 	New trial (rep=0, index=15): <Trial 15 (15 in rep 0) data={'location': [0, 0.2], 'corrAns': None, 'thisN': 15, 'thisTrialN': 15, 'thisRepN': 0}>
89.6864 	EXP 	grid_lines_2: autoDraw = False
89.6864 	EXP 	fixation_3: autoDraw = False
89.6864 	EXP 	grid_lines_2: autoDraw = False
89.6864 	EXP 	target_square_2: autoDraw = False
89.6864 	EXP 	fixation_3: autoDraw = False
89.6864 	EXP 	grid_lines_2: autoDraw = True
89.6864 	EXP 	target_square_2: autoDraw = True
90.6789 	EXP 	target_square_2: autoDraw = False
90.6872 	EXP 	fixation_3: autoDraw = True
91.6717 	EXP 	New trial (rep=0, index=16): <Trial 16 (16 in rep 0) data={'location': [0.2, 0.2], 'corrAns': None, 'thisN': 16, 'thisTrialN': 16, 'thisRepN': 0}>
91.6797 	EXP 	grid_lines_2: autoDraw = False
91.6797 	EXP 	fixation_3: autoDraw = False
91.6797 	EXP 	grid_lines_2: autoDraw = False
91.6797 	EXP 	target_square_2: autoDraw = False
91.6797 	EXP 	fixation_3: autoDraw = False
91.6879 	EXP 	grid_lines_2: autoDraw = True
91.6879 	EXP 	target_square_2: autoDraw = True
92.6805 	EXP 	target_square_2: autoDraw = False
92.6887 	EXP 	fixation_3: autoDraw = True
93.6732 	EXP 	New trial (rep=0, index=17): <Trial 17 (17 in rep 0) data={'location': [0, 0], 'corrAns': None, 'thisN': 17, 'thisTrialN': 17, 'thisRepN': 0}>
93.6814 	EXP 	grid_lines_2: autoDraw = False
93.6814 	EXP 	fixation_3: autoDraw = False
93.6814 	EXP 	grid_lines_2: autoDraw = False
93.6814 	EXP 	target_square_2: autoDraw = False
93.6814 	EXP 	fixation_3: autoDraw = False
93.6899 	EXP 	grid_lines_2: autoDraw = True
93.6899 	EXP 	target_square_2: autoDraw = True
94.6824 	EXP 	target_square_2: autoDraw = False
94.6904 	EXP 	fixation_3: autoDraw = True
95.6749 	EXP 	New trial (rep=0, index=18): <Trial 18 (18 in rep 0) data={'location': [0, -0.2], 'corrAns': None, 'thisN': 18, 'thisTrialN': 18, 'thisRepN': 0}>
95.6826 	EXP 	grid_lines_2: autoDraw = False
95.6826 	EXP 	fixation_3: autoDraw = False
95.6826 	EXP 	grid_lines_2: autoDraw = False
95.6826 	EXP 	target_square_2: autoDraw = False
95.6826 	EXP 	fixation_3: autoDraw = False
95.6915 	EXP 	grid_lines_2: autoDraw = True
95.6915 	EXP 	target_square_2: autoDraw = True
96.6835 	EXP 	target_square_2: autoDraw = False
96.6926 	EXP 	fixation_3: autoDraw = True
97.6768 	EXP 	New trial (rep=0, index=19): <Trial 19 (19 in rep 0) data={'location': [0.2, 0], 'corrAns': None, 'thisN': 19, 'thisTrialN': 19, 'thisRepN': 0}>
97.6844 	EXP 	grid_lines_2: autoDraw = False
97.6844 	EXP 	fixation_3: autoDraw = False
97.6844 	EXP 	grid_lines_2: autoDraw = False
97.6844 	EXP 	target_square_2: autoDraw = False
97.6844 	EXP 	fixation_3: autoDraw = False
97.6929 	EXP 	grid_lines_2: autoDraw = True
97.6929 	EXP 	target_square_2: autoDraw = True
98.6853 	EXP 	target_square_2: autoDraw = False
98.6935 	EXP 	fixation_3: autoDraw = True
99.6781 	EXP 	New trial (rep=0, index=20): <Trial 20 (20 in rep 0) data={'location': [0, -0.2], 'corrAns': 'space', 'thisN': 20, 'thisTrialN': 20, 'thisRepN': 0}>
99.6863 	EXP 	grid_lines_2: autoDraw = False
99.6863 	EXP 	fixation_3: autoDraw = False
99.6863 	EXP 	grid_lines_2: autoDraw = False
99.6863 	EXP 	target_square_2: autoDraw = False
99.6863 	EXP 	fixation_3: autoDraw = False
99.6944 	EXP 	grid_lines_2: autoDraw = True
99.6944 	EXP 	target_square_2: autoDraw = True
100.6865 	EXP 	target_square_2: autoDraw = False
100.6865 	EXP 	fixation_3: autoDraw = True
101.6799 	EXP 	fixation_3: autoDraw = False
101.6803 	EXP 	New trial (rep=0, index=21): <Trial 21 (21 in rep 0) data={'location': [-0.2, 0.2], 'corrAns': None, 'thisN': 21, 'thisTrialN': 21, 'thisRepN': 0}>
101.6872 	EXP 	grid_lines_2: autoDraw = False
101.6872 	EXP 	grid_lines_2: autoDraw = False
101.6872 	EXP 	target_square_2: autoDraw = False
101.6872 	EXP 	fixation_3: autoDraw = False
101.6872 	EXP 	grid_lines_2: autoDraw = True
101.6872 	EXP 	target_square_2: autoDraw = True
102.6801 	EXP 	target_square_2: autoDraw = False
102.6882 	EXP 	fixation_3: autoDraw = True
103.6727 	EXP 	New trial (rep=0, index=22): <Trial 22 (22 in rep 0) data={'location': [0.2, -0.2], 'corrAns': None, 'thisN': 22, 'thisTrialN': 22, 'thisRepN': 0}>
103.6810 	EXP 	grid_lines_2: autoDraw = False
103.6810 	EXP 	fixation_3: autoDraw = False
103.6810 	EXP 	grid_lines_2: autoDraw = False
103.6810 	EXP 	target_square_2: autoDraw = False
103.6810 	EXP 	fixation_3: autoDraw = False
103.6890 	EXP 	grid_lines_2: autoDraw = True
103.6890 	EXP 	target_square_2: autoDraw = True
104.6822 	EXP 	target_square_2: autoDraw = False
104.6896 	EXP 	fixation_3: autoDraw = True
105.6750 	EXP 	New trial (rep=0, index=23): <Trial 23 (23 in rep 0) data={'location': [-0.2, 0.2], 'corrAns': 'space', 'thisN': 23, 'thisTrialN': 23, 'thisRepN': 0}>
105.6832 	EXP 	grid_lines_2: autoDraw = False
105.6832 	EXP 	fixation_3: autoDraw = False
105.6832 	EXP 	grid_lines_2: autoDraw = False
105.6832 	EXP 	target_square_2: autoDraw = False
105.6832 	EXP 	fixation_3: autoDraw = False
105.6907 	EXP 	grid_lines_2: autoDraw = True
105.6907 	EXP 	target_square_2: autoDraw = True
106.6839 	EXP 	target_square_2: autoDraw = False
106.6923 	EXP 	fixation_3: autoDraw = True
107.6766 	EXP 	New trial (rep=0, index=24): <Trial 24 (24 in rep 0) data={'location': [0, 0], 'corrAns': None, 'thisN': 24, 'thisTrialN': 24, 'thisRepN': 0}>
107.6848 	EXP 	grid_lines_2: autoDraw = False
107.6848 	EXP 	fixation_3: autoDraw = False
107.6848 	EXP 	grid_lines_2: autoDraw = False
107.6848 	EXP 	target_square_2: autoDraw = False
107.6848 	EXP 	fixation_3: autoDraw = False
107.6923 	EXP 	grid_lines_2: autoDraw = True
107.6923 	EXP 	target_square_2: autoDraw = True
108.6850 	EXP 	target_square_2: autoDraw = False
108.6940 	EXP 	fixation_3: autoDraw = True
109.6794 	EXP 	New trial (rep=0, index=25): <Trial 25 (25 in rep 0) data={'location': [0.2, 0.2], 'corrAns': None, 'thisN': 25, 'thisTrialN': 25, 'thisRepN': 0}>
109.6855 	EXP 	grid_lines_2: autoDraw = False
109.6855 	EXP 	fixation_3: autoDraw = False
109.6855 	EXP 	grid_lines_2: autoDraw = False
109.6855 	EXP 	target_square_2: autoDraw = False
109.6855 	EXP 	fixation_3: autoDraw = False
109.6855 	EXP 	grid_lines_2: autoDraw = True
109.6855 	EXP 	target_square_2: autoDraw = True
110.6859 	EXP 	target_square_2: autoDraw = False
110.6965 	EXP 	fixation_3: autoDraw = True
111.6790 	EXP 	grid_lines_2: autoDraw = False
111.6795 	EXP 	New trial (rep=0, index=26): <Trial 26 (26 in rep 0) data={'location': [-0.2, -0.2], 'corrAns': None, 'thisN': 26, 'thisTrialN': 26, 'thisRepN': 0}>
111.6873 	EXP 	fixation_3: autoDraw = False
111.6873 	EXP 	grid_lines_2: autoDraw = False
111.6873 	EXP 	target_square_2: autoDraw = False
111.6873 	EXP 	fixation_3: autoDraw = False
111.6873 	EXP 	grid_lines_2: autoDraw = True
111.6873 	EXP 	target_square_2: autoDraw = True
112.6342 	EXP 	untitled: status = STOPPED
112.6389 	EXP 	grid_lines_2: autoDraw = False
112.6389 	EXP 	target_square_2: autoDraw = False
112.6393 	EXP 	untitled: status = STOPPED
