146.6791 	WARNING 	User requested fullscreen with size [1024  768], but screen is actually [1920, 1200]. Using actual size
147.3307 	EXP 	Created window1 = Window(allowGUI=False, allowStencil=False, autoLog=True, backendConf=UNKNOWN, backgroundFit=<method-wrapper '__getattribute__' of attributeSetter object at 0x0000025E81C2D000>, backgroundImage=<method-wrapper '__getattribute__' of attributeSetter object at 0x0000025E81C2CFA0>, bitsMode=UNKNOWN, blendMode='avg', bpc=(8, 8, 8), color=array([0, 0, 0]), colorSpace='rgb', depthBits=8, fullscr=True, gamma=None, gammaErrorPolicy='raise', infoMsg=UNKNOWN, lms=UNKNOWN, monitor=<psychopy.monitors.calibTools.Monitor object at 0x0000025E81CD6AA0>, multiSample=False, name='window1', numSamples=2, pos=[np.float64(0.0), np.float64(0.0)], screen=0, size=array([1920, 1200]), stencilBits=0, stereo=False, title='PsychoPy', units='height', useFBO=True, useRetina=False, viewOri=0.0, viewPos=None, viewScale=None, waitBlanking=True, winType='pyglet')
147.3308 	EXP 	window1: backgroundImage = ''
147.3308 	EXP 	window1: backgroundFit = 'none'
147.6490 	EXP 	window1: Attempting to measure frame rate of screen (0) ...
147.6491 	EXP 	window1: recordFrameIntervals = False
147.7789 	EXP 	window1: recordFrameIntervals = True
148.6131 	EXP 	window1: recordFrameIntervals = False
148.6131 	EXP 	Screen (0) actual frame rate measured at 120.73Hz
148.7745 	EXP 	untitled: status = STARTED
148.8838 	EXP 	Created instructions_2 = TextStim(__class__=<class 'psychopy.visual.text.TextStim'>, alignHoriz=method-wrapper(...), alignText='center', alignVert=method-wrapper(...), anchorHoriz='center', anchorVert='center', antialias=True, autoDraw=False, autoLog=True, bold=False, color=array([1., 1., 1.]), colorSpace='rgb', contrast=1.0, depth=0.0, draggable=False, flipHoriz=False, flipVert=False, font='Arial', fontFiles=[], height=np.float64(0.05), italic=False, languageStyle='LTR', name='instructions_2', opacity=1, ori=0, pos=array([0., 0.]), rgb=UNKNOWN, text=str(...), units='height', win=Window(...), wrapWidth=1)
148.8871 	EXP 	Created fixation_1 = TextStim(__class__=<class 'psychopy.visual.text.TextStim'>, alignHoriz=method-wrapper(...), alignText='center', alignVert=method-wrapper(...), anchorHoriz='center', anchorVert='center', antialias=True, autoDraw=False, autoLog=True, bold=False, color=array([1., 1., 1.]), colorSpace='rgb', contrast=1.0, depth=0.0, draggable=False, flipHoriz=False, flipVert=False, font='Arial', fontFiles=[], height=np.float64(0.05), italic=False, languageStyle='LTR', name='fixation_1', opacity=1, ori=0, pos=array([0., 0.]), rgb=UNKNOWN, text='+', units='height', win=Window(...), wrapWidth=1)
148.8880 	WARNING 	Requested image 'grid' not found but similar filename 'grid.png' exists. This will be used instead but changing the filename is advised.
148.9320 	EXP 	Created grid_lines_2 = ImageStim(__class__=<class 'psychopy.visual.image.ImageStim'>, anchor=('center', 'center'), autoLog=True, color=array([1., 1., 1.]), colorSpace='rgb', contrast=1.0, depth=0.0, draggable=False, flipHoriz=np.False_, flipVert=np.False_, image='grid', interpolate=True, mask=None, maskParams=None, name='grid_lines_2', opacity=1, ori=0.0, pos=array([0., 0.]), size=array([0.6, 0.6]), texRes=128, units='height', win=Window(...))
148.9353 	EXP 	Created target_square_2 = Rect(__class__=<class 'psychopy.visual.rect.Rect'>, anchor=('center', 'center'), autoDraw=False, autoLog=True, closeShape=True, color=method-wrapper(...), colorSpace='rgb', contrast=None, depth=-1.0, draggable=False, fillColor=array([1., 1., 1.]), fillColorSpace='rgb', fillRGB=array([1., 1., 1.]), interpolate=True, lineColor=array([0., 0., 0.]), lineColorSpace='rgb', lineRGB=array([0, 0, 0]), lineWidth=1, name='target_square_2', opacity=1, ori=0.0, pos=array([0., 0.]), size=array([0.15, 0.15]), units='height', vertices=ndarray(...), win=Window(...))
148.9396 	EXP 	Created fixation_3 = TextStim(__class__=<class 'psychopy.visual.text.TextStim'>, alignHoriz=method-wrapper(...), alignText='center', alignVert=method-wrapper(...), anchorHoriz='center', anchorVert='center', antialias=True, autoDraw=False, autoLog=True, bold=False, color=array([1., 1., 1.]), colorSpace='rgb', contrast=1.0, depth=-2.0, draggable=False, flipHoriz=False, flipVert=False, font='Arial', fontFiles=[], height=np.float64(0.05), italic=False, languageStyle='LTR', name='fixation_3', opacity=1, ori=0, pos=array([0., 0.]), rgb=UNKNOWN, text='+', units='height', win=Window(...), wrapWidth=1)
149.0131 	EXP 	Created thank_you = TextStim(__class__=<class 'psychopy.visual.text.TextStim'>, alignHoriz=method-wrapper(...), alignText='center', alignVert=method-wrapper(...), anchorHoriz='center', anchorVert='center', antialias=True, autoDraw=False, autoLog=True, bold=False, color=array([1., 1., 1.]), colorSpace='rgb', contrast=1.0, depth=0.0, draggable=False, flipHoriz=False, flipVert=False, font='Arial', fontFiles=[], height=np.float64(0.1), italic=False, languageStyle='LTR', name='thank_you', opacity=1, ori=0, pos=array([0., 0.]), rgb=UNKNOWN, text=str(...), units='height', win=Window(...), wrapWidth=1)
0.0141 	EXP 	instructions_2: autoDraw = True
26.8387 	DATA 	Mouse: Left button down, pos=(1645,518)
26.8390 	DATA 	Mouse:  Left button up, pos=(1645,518)
28.4661 	EXP 	Device response: <KeyPress from None: t=28.455398400314152, value=space, duration=None>
28.4675 	DATA 	Keypress: space
28.4703 	EXP 	instructions_2: autoDraw = False
28.4703 	EXP 	fixation_1: autoDraw = True
28.5822 	EXP 	Device response: <KeyPress from None: t=28.455398400314152, value=space, duration=0.121454699896276>
29.4663 	EXP 	Imported trial_2.xlsx as conditions, 100 conditions, 2 params
29.4680 	EXP 	New trial (rep=0, index=0): <Trial 0 (0 in rep 0) data={'location': [0, 0], 'corrAns': None, 'thisN': 0, 'thisTrialN': 0, 'thisRepN': 0}>
29.4769 	EXP 	fixation_1: autoDraw = False
29.4769 	EXP 	fixation_1: autoDraw = False
29.4769 	EXP 	grid_lines_2: autoDraw = True
29.4769 	EXP 	target_square_2: autoDraw = True
30.4581 	EXP 	fixation_3: autoDraw = True
30.4748 	EXP 	target_square_2: autoDraw = False
31.4502 	EXP 	fixation_3: autoDraw = False
31.4672 	EXP 	New trial (rep=0, index=1): <Trial 1 (1 in rep 0) data={'location': [0.2, 0], 'corrAns': None, 'thisN': 1, 'thisTrialN': 1, 'thisRepN': 0}>
31.4756 	EXP 	grid_lines_2: autoDraw = False
31.4756 	EXP 	target_square_2: autoDraw = False
31.4756 	EXP 	fixation_3: autoDraw = False
31.4756 	EXP 	grid_lines_2: autoDraw = True
31.4756 	EXP 	target_square_2: autoDraw = True
32.4597 	EXP 	fixation_3: autoDraw = True
32.4680 	EXP 	target_square_2: autoDraw = False
33.4521 	EXP 	fixation_3: autoDraw = False
33.4610 	EXP 	New trial (rep=0, index=2): <Trial 2 (2 in rep 0) data={'location': [-0.2, 0.2], 'corrAns': None, 'thisN': 2, 'thisTrialN': 2, 'thisRepN': 0}>
33.4688 	EXP 	grid_lines_2: autoDraw = False
33.4688 	EXP 	grid_lines_2: autoDraw = False
33.4688 	EXP 	target_square_2: autoDraw = False
33.4688 	EXP 	fixation_3: autoDraw = False
33.4688 	EXP 	grid_lines_2: autoDraw = True
33.4688 	EXP 	target_square_2: autoDraw = True
34.4616 	EXP 	target_square_2: autoDraw = False
34.4616 	EXP 	fixation_3: autoDraw = True
35.4536 	EXP 	fixation_3: autoDraw = False
35.4539 	EXP 	New trial (rep=0, index=3): <Trial 3 (3 in rep 0) data={'location': [-0.2, 0], 'corrAns': None, 'thisN': 3, 'thisTrialN': 3, 'thisRepN': 0}>
35.4624 	EXP 	grid_lines_2: autoDraw = False
35.4624 	EXP 	grid_lines_2: autoDraw = False
35.4624 	EXP 	target_square_2: autoDraw = False
35.4624 	EXP 	fixation_3: autoDraw = False
35.4624 	EXP 	grid_lines_2: autoDraw = True
35.4624 	EXP 	target_square_2: autoDraw = True
36.4552 	EXP 	target_square_2: autoDraw = False
36.4629 	EXP 	fixation_3: autoDraw = True
37.4478 	EXP 	New trial (rep=0, index=4): <Trial 4 (4 in rep 0) data={'location': [-0.2, 0.2], 'corrAns': 'space', 'thisN': 4, 'thisTrialN': 4, 'thisRepN': 0}>
37.4551 	EXP 	grid_lines_2: autoDraw = False
37.4551 	EXP 	fixation_3: autoDraw = False
37.4551 	EXP 	grid_lines_2: autoDraw = False
37.4551 	EXP 	target_square_2: autoDraw = False
37.4551 	EXP 	fixation_3: autoDraw = False
37.4636 	EXP 	grid_lines_2: autoDraw = True
37.4636 	EXP 	target_square_2: autoDraw = True
38.4563 	EXP 	target_square_2: autoDraw = False
38.4648 	EXP 	fixation_3: autoDraw = True
39.4509 	EXP 	New trial (rep=0, index=5): <Trial 5 (5 in rep 0) data={'location': [0.2, -0.2], 'corrAns': None, 'thisN': 5, 'thisTrialN': 5, 'thisRepN': 0}>
39.4564 	EXP 	grid_lines_2: autoDraw = False
39.4564 	EXP 	fixation_3: autoDraw = False
39.4564 	EXP 	grid_lines_2: autoDraw = False
39.4564 	EXP 	target_square_2: autoDraw = False
39.4564 	EXP 	fixation_3: autoDraw = False
39.4564 	EXP 	grid_lines_2: autoDraw = True
39.4564 	EXP 	target_square_2: autoDraw = True
40.4498 	EXP 	target_square_2: autoDraw = False
40.4582 	EXP 	fixation_3: autoDraw = True
41.4425 	EXP 	New trial (rep=0, index=6): <Trial 6 (6 in rep 0) data={'location': [0, -0.2], 'corrAns': None, 'thisN': 6, 'thisTrialN': 6, 'thisRepN': 0}>
41.4505 	EXP 	grid_lines_2: autoDraw = False
41.4505 	EXP 	fixation_3: autoDraw = False
41.4505 	EXP 	grid_lines_2: autoDraw = False
41.4505 	EXP 	target_square_2: autoDraw = False
41.4505 	EXP 	fixation_3: autoDraw = False
41.4587 	EXP 	grid_lines_2: autoDraw = True
41.4587 	EXP 	target_square_2: autoDraw = True
42.4518 	EXP 	target_square_2: autoDraw = False
42.4596 	EXP 	fixation_3: autoDraw = True
43.4439 	EXP 	New trial (rep=0, index=7): <Trial 7 (7 in rep 0) data={'location': [0.2, 0.2], 'corrAns': None, 'thisN': 7, 'thisTrialN': 7, 'thisRepN': 0}>
43.4519 	EXP 	grid_lines_2: autoDraw = False
43.4519 	EXP 	fixation_3: autoDraw = False
43.4519 	EXP 	grid_lines_2: autoDraw = False
43.4519 	EXP 	target_square_2: autoDraw = False
43.4519 	EXP 	fixation_3: autoDraw = False
43.4602 	EXP 	grid_lines_2: autoDraw = True
43.4602 	EXP 	target_square_2: autoDraw = True
44.4529 	EXP 	target_square_2: autoDraw = False
44.4613 	EXP 	fixation_3: autoDraw = True
45.4454 	EXP 	New trial (rep=0, index=8): <Trial 8 (8 in rep 0) data={'location': [0, -0.2], 'corrAns': 'space', 'thisN': 8, 'thisTrialN': 8, 'thisRepN': 0}>
45.4538 	EXP 	grid_lines_2: autoDraw = False
45.4538 	EXP 	fixation_3: autoDraw = False
45.4538 	EXP 	grid_lines_2: autoDraw = False
45.4538 	EXP 	target_square_2: autoDraw = False
45.4538 	EXP 	fixation_3: autoDraw = False
45.4620 	EXP 	grid_lines_2: autoDraw = True
45.4620 	EXP 	target_square_2: autoDraw = True
46.4549 	EXP 	target_square_2: autoDraw = False
46.4629 	EXP 	fixation_3: autoDraw = True
47.4473 	EXP 	New trial (rep=0, index=9): <Trial 9 (9 in rep 0) data={'location': [0.2, 0.2], 'corrAns': 'space', 'thisN': 9, 'thisTrialN': 9, 'thisRepN': 0}>
47.4551 	EXP 	grid_lines_2: autoDraw = False
47.4551 	EXP 	fixation_3: autoDraw = False
47.4551 	EXP 	grid_lines_2: autoDraw = False
47.4551 	EXP 	target_square_2: autoDraw = False
47.4551 	EXP 	fixation_3: autoDraw = False
47.4633 	EXP 	grid_lines_2: autoDraw = True
47.4633 	EXP 	target_square_2: autoDraw = True
48.4561 	EXP 	target_square_2: autoDraw = False
48.4646 	EXP 	fixation_3: autoDraw = True
49.4489 	EXP 	New trial (rep=0, index=10): <Trial 10 (10 in rep 0) data={'location': [0.2, 0], 'corrAns': None, 'thisN': 10, 'thisTrialN': 10, 'thisRepN': 0}>
49.4570 	EXP 	grid_lines_2: autoDraw = False
49.4570 	EXP 	fixation_3: autoDraw = False
49.4570 	EXP 	grid_lines_2: autoDraw = False
49.4570 	EXP 	target_square_2: autoDraw = False
49.4570 	EXP 	fixation_3: autoDraw = False
49.4651 	EXP 	grid_lines_2: autoDraw = True
49.4651 	EXP 	target_square_2: autoDraw = True
50.4570 	EXP 	target_square_2: autoDraw = False
50.4570 	EXP 	fixation_3: autoDraw = True
51.4502 	EXP 	fixation_3: autoDraw = False
51.4505 	EXP 	New trial (rep=0, index=11): <Trial 11 (11 in rep 0) data={'location': [0, 0], 'corrAns': None, 'thisN': 11, 'thisTrialN': 11, 'thisRepN': 0}>
51.4582 	EXP 	grid_lines_2: autoDraw = False
51.4582 	EXP 	grid_lines_2: autoDraw = False
51.4582 	EXP 	target_square_2: autoDraw = False
51.4582 	EXP 	fixation_3: autoDraw = False
51.4582 	EXP 	grid_lines_2: autoDraw = True
51.4582 	EXP 	target_square_2: autoDraw = True
52.4510 	EXP 	target_square_2: autoDraw = False
52.4589 	EXP 	fixation_3: autoDraw = True
53.4438 	EXP 	New trial (rep=0, index=12): <Trial 12 (12 in rep 0) data={'location': [0.2, -0.2], 'corrAns': None, 'thisN': 12, 'thisTrialN': 12, 'thisRepN': 0}>
53.4517 	EXP 	grid_lines_2: autoDraw = False
53.4517 	EXP 	fixation_3: autoDraw = False
53.4517 	EXP 	grid_lines_2: autoDraw = False
53.4517 	EXP 	target_square_2: autoDraw = False
53.4517 	EXP 	fixation_3: autoDraw = False
53.4601 	EXP 	grid_lines_2: autoDraw = True
53.4601 	EXP 	target_square_2: autoDraw = True
54.4524 	EXP 	target_square_2: autoDraw = False
54.4607 	EXP 	fixation_3: autoDraw = True
55.4458 	EXP 	New trial (rep=0, index=13): <Trial 13 (13 in rep 0) data={'location': [-0.2, -0.2], 'corrAns': None, 'thisN': 13, 'thisTrialN': 13, 'thisRepN': 0}>
55.4536 	EXP 	grid_lines_2: autoDraw = False
55.4536 	EXP 	fixation_3: autoDraw = False
55.4536 	EXP 	grid_lines_2: autoDraw = False
55.4536 	EXP 	target_square_2: autoDraw = False
55.4536 	EXP 	fixation_3: autoDraw = False
55.4617 	EXP 	grid_lines_2: autoDraw = True
55.4617 	EXP 	target_square_2: autoDraw = True
56.4542 	EXP 	target_square_2: autoDraw = False
56.4628 	EXP 	fixation_3: autoDraw = True
57.4472 	EXP 	New trial (rep=0, index=14): <Trial 14 (14 in rep 0) data={'location': [0.2, -0.2], 'corrAns': 'space', 'thisN': 14, 'thisTrialN': 14, 'thisRepN': 0}>
57.4551 	EXP 	grid_lines_2: autoDraw = False
57.4551 	EXP 	fixation_3: autoDraw = False
57.4551 	EXP 	grid_lines_2: autoDraw = False
57.4551 	EXP 	target_square_2: autoDraw = False
57.4551 	EXP 	fixation_3: autoDraw = False
57.4629 	EXP 	grid_lines_2: autoDraw = True
57.4629 	EXP 	target_square_2: autoDraw = True
57.8896 	DATA 	Keypress: space
57.8971 	EXP 	Device response: <KeyPress from None: t=57.889155600219965, value=space, duration=None>
58.0975 	EXP 	Device response: <KeyPress from None: t=57.889155600219965, value=space, duration=0.20615149987861514>
58.4561 	EXP 	target_square_2: autoDraw = False
58.4639 	EXP 	fixation_3: autoDraw = True
59.4487 	EXP 	New trial (rep=0, index=15): <Trial 15 (15 in rep 0) data={'location': [0, 0.2], 'corrAns': None, 'thisN': 15, 'thisTrialN': 15, 'thisRepN': 0}>
59.4565 	EXP 	grid_lines_2: autoDraw = False
59.4565 	EXP 	fixation_3: autoDraw = False
59.4565 	EXP 	grid_lines_2: autoDraw = False
59.4565 	EXP 	target_square_2: autoDraw = False
59.4565 	EXP 	fixation_3: autoDraw = False
59.4647 	EXP 	grid_lines_2: autoDraw = True
59.4647 	EXP 	target_square_2: autoDraw = True
60.4576 	EXP 	target_square_2: autoDraw = False
60.4576 	EXP 	fixation_3: autoDraw = True
61.4504 	EXP 	fixation_3: autoDraw = False
61.4508 	EXP 	New trial (rep=0, index=16): <Trial 16 (16 in rep 0) data={'location': [0.2, 0.2], 'corrAns': None, 'thisN': 16, 'thisTrialN': 16, 'thisRepN': 0}>
61.4582 	EXP 	grid_lines_2: autoDraw = False
61.4582 	EXP 	grid_lines_2: autoDraw = False
61.4582 	EXP 	target_square_2: autoDraw = False
61.4582 	EXP 	fixation_3: autoDraw = False
61.4582 	EXP 	grid_lines_2: autoDraw = True
61.4582 	EXP 	target_square_2: autoDraw = True
62.4503 	EXP 	target_square_2: autoDraw = False
62.4592 	EXP 	fixation_3: autoDraw = True
63.4437 	EXP 	New trial (rep=0, index=17): <Trial 17 (17 in rep 0) data={'location': [0, 0], 'corrAns': None, 'thisN': 17, 'thisTrialN': 17, 'thisRepN': 0}>
63.4514 	EXP 	grid_lines_2: autoDraw = False
63.4514 	EXP 	fixation_3: autoDraw = False
63.4514 	EXP 	grid_lines_2: autoDraw = False
63.4514 	EXP 	target_square_2: autoDraw = False
63.4514 	EXP 	fixation_3: autoDraw = False
63.4602 	EXP 	grid_lines_2: autoDraw = True
63.4602 	EXP 	target_square_2: autoDraw = True
64.4526 	EXP 	target_square_2: autoDraw = False
64.4609 	EXP 	fixation_3: autoDraw = True
65.4452 	EXP 	New trial (rep=0, index=18): <Trial 18 (18 in rep 0) data={'location': [0, -0.2], 'corrAns': None, 'thisN': 18, 'thisTrialN': 18, 'thisRepN': 0}>
65.4530 	EXP 	grid_lines_2: autoDraw = False
65.4530 	EXP 	fixation_3: autoDraw = False
65.4530 	EXP 	grid_lines_2: autoDraw = False
65.4530 	EXP 	target_square_2: autoDraw = False
65.4530 	EXP 	fixation_3: autoDraw = False
65.4613 	EXP 	grid_lines_2: autoDraw = True
65.4613 	EXP 	target_square_2: autoDraw = True
66.4537 	EXP 	target_square_2: autoDraw = False
66.4625 	EXP 	fixation_3: autoDraw = True
67.4466 	EXP 	New trial (rep=0, index=19): <Trial 19 (19 in rep 0) data={'location': [0.2, 0], 'corrAns': None, 'thisN': 19, 'thisTrialN': 19, 'thisRepN': 0}>
67.4545 	EXP 	grid_lines_2: autoDraw = False
67.4545 	EXP 	fixation_3: autoDraw = False
67.4545 	EXP 	grid_lines_2: autoDraw = False
67.4545 	EXP 	target_square_2: autoDraw = False
67.4545 	EXP 	fixation_3: autoDraw = False
67.4631 	EXP 	grid_lines_2: autoDraw = True
67.4631 	EXP 	target_square_2: autoDraw = True
68.4555 	EXP 	target_square_2: autoDraw = False
68.4639 	EXP 	fixation_3: autoDraw = True
69.4484 	EXP 	New trial (rep=0, index=20): <Trial 20 (20 in rep 0) data={'location': [0, -0.2], 'corrAns': 'space', 'thisN': 20, 'thisTrialN': 20, 'thisRepN': 0}>
69.4564 	EXP 	grid_lines_2: autoDraw = False
69.4564 	EXP 	fixation_3: autoDraw = False
69.4564 	EXP 	grid_lines_2: autoDraw = False
69.4564 	EXP 	target_square_2: autoDraw = False
69.4564 	EXP 	fixation_3: autoDraw = False
69.4649 	EXP 	grid_lines_2: autoDraw = True
69.4649 	EXP 	target_square_2: autoDraw = True
69.9655 	EXP 	Device response: <KeyPress from None: t=69.96170770004392, value=space, duration=None>
69.9663 	DATA 	Keypress: space
70.1823 	EXP 	Device response: <KeyPress from None: t=69.96170770004392, value=space, duration=0.2147007999010384>
70.4571 	EXP 	target_square_2: autoDraw = False
70.4571 	EXP 	fixation_3: autoDraw = True
71.4496 	EXP 	fixation_3: autoDraw = False
71.4500 	EXP 	New trial (rep=0, index=21): <Trial 21 (21 in rep 0) data={'location': [-0.2, 0.2], 'corrAns': None, 'thisN': 21, 'thisTrialN': 21, 'thisRepN': 0}>
71.4579 	EXP 	grid_lines_2: autoDraw = False
71.4579 	EXP 	grid_lines_2: autoDraw = False
71.4579 	EXP 	target_square_2: autoDraw = False
71.4579 	EXP 	fixation_3: autoDraw = False
71.4579 	EXP 	grid_lines_2: autoDraw = True
71.4579 	EXP 	target_square_2: autoDraw = True
72.4505 	EXP 	target_square_2: autoDraw = False
72.4586 	EXP 	fixation_3: autoDraw = True
73.4437 	EXP 	New trial (rep=0, index=22): <Trial 22 (22 in rep 0) data={'location': [0.2, -0.2], 'corrAns': None, 'thisN': 22, 'thisTrialN': 22, 'thisRepN': 0}>
73.4514 	EXP 	grid_lines_2: autoDraw = False
73.4514 	EXP 	fixation_3: autoDraw = False
73.4514 	EXP 	grid_lines_2: autoDraw = False
73.4514 	EXP 	target_square_2: autoDraw = False
73.4514 	EXP 	fixation_3: autoDraw = False
73.4592 	EXP 	grid_lines_2: autoDraw = True
73.4592 	EXP 	target_square_2: autoDraw = True
74.4523 	EXP 	target_square_2: autoDraw = False
74.4601 	EXP 	fixation_3: autoDraw = True
75.4451 	EXP 	New trial (rep=0, index=23): <Trial 23 (23 in rep 0) data={'location': [-0.2, 0.2], 'corrAns': 'space', 'thisN': 23, 'thisTrialN': 23, 'thisRepN': 0}>
75.4532 	EXP 	grid_lines_2: autoDraw = False
75.4532 	EXP 	fixation_3: autoDraw = False
75.4532 	EXP 	grid_lines_2: autoDraw = False
75.4532 	EXP 	target_square_2: autoDraw = False
75.4532 	EXP 	fixation_3: autoDraw = False
75.4611 	EXP 	grid_lines_2: autoDraw = True
75.4611 	EXP 	target_square_2: autoDraw = True
76.0780 	EXP 	Device response: <KeyPress from None: t=76.07120000012219, value=space, duration=None>
76.0785 	DATA 	Keypress: space
76.2622 	EXP 	Device response: <KeyPress from None: t=76.07120000012219, value=space, duration=0.18699949979782104>
76.4534 	EXP 	target_square_2: autoDraw = False
76.4619 	EXP 	fixation_3: autoDraw = True
77.4467 	EXP 	New trial (rep=0, index=24): <Trial 24 (24 in rep 0) data={'location': [0, 0], 'corrAns': None, 'thisN': 24, 'thisTrialN': 24, 'thisRepN': 0}>
77.4545 	EXP 	grid_lines_2: autoDraw = False
77.4545 	EXP 	fixation_3: autoDraw = False
77.4545 	EXP 	grid_lines_2: autoDraw = False
77.4545 	EXP 	target_square_2: autoDraw = False
77.4545 	EXP 	fixation_3: autoDraw = False
77.4628 	EXP 	grid_lines_2: autoDraw = True
77.4628 	EXP 	target_square_2: autoDraw = True
78.4558 	EXP 	target_square_2: autoDraw = False
78.4634 	EXP 	fixation_3: autoDraw = True
79.4484 	EXP 	New trial (rep=0, index=25): <Trial 25 (25 in rep 0) data={'location': [0.2, 0.2], 'corrAns': None, 'thisN': 25, 'thisTrialN': 25, 'thisRepN': 0}>
79.4564 	EXP 	grid_lines_2: autoDraw = False
79.4564 	EXP 	fixation_3: autoDraw = False
79.4564 	EXP 	grid_lines_2: autoDraw = False
79.4564 	EXP 	target_square_2: autoDraw = False
79.4564 	EXP 	fixation_3: autoDraw = False
79.4644 	EXP 	grid_lines_2: autoDraw = True
79.4644 	EXP 	target_square_2: autoDraw = True
80.4571 	EXP 	target_square_2: autoDraw = False
80.4650 	EXP 	fixation_3: autoDraw = True
81.4495 	EXP 	New trial (rep=0, index=26): <Trial 26 (26 in rep 0) data={'location': [-0.2, -0.2], 'corrAns': None, 'thisN': 26, 'thisTrialN': 26, 'thisRepN': 0}>
81.4578 	EXP 	grid_lines_2: autoDraw = False
81.4578 	EXP 	fixation_3: autoDraw = False
81.4578 	EXP 	grid_lines_2: autoDraw = False
81.4578 	EXP 	target_square_2: autoDraw = False
81.4578 	EXP 	fixation_3: autoDraw = False
81.4578 	EXP 	grid_lines_2: autoDraw = True
81.4578 	EXP 	target_square_2: autoDraw = True
82.4502 	EXP 	target_square_2: autoDraw = False
82.4582 	EXP 	fixation_3: autoDraw = True
83.4427 	EXP 	New trial (rep=0, index=27): <Trial 27 (27 in rep 0) data={'location': [0.2, 0], 'corrAns': None, 'thisN': 27, 'thisTrialN': 27, 'thisRepN': 0}>
83.4506 	EXP 	grid_lines_2: autoDraw = False
83.4506 	EXP 	fixation_3: autoDraw = False
83.4506 	EXP 	grid_lines_2: autoDraw = False
83.4506 	EXP 	target_square_2: autoDraw = False
83.4506 	EXP 	fixation_3: autoDraw = False
83.4592 	EXP 	grid_lines_2: autoDraw = True
83.4592 	EXP 	target_square_2: autoDraw = True
84.4518 	EXP 	target_square_2: autoDraw = False
84.4599 	EXP 	fixation_3: autoDraw = True
85.4446 	EXP 	New trial (rep=0, index=28): <Trial 28 (28 in rep 0) data={'location': [0, 0.2], 'corrAns': None, 'thisN': 28, 'thisTrialN': 28, 'thisRepN': 0}>
85.4527 	EXP 	grid_lines_2: autoDraw = False
85.4527 	EXP 	fixation_3: autoDraw = False
85.4527 	EXP 	grid_lines_2: autoDraw = False
85.4527 	EXP 	target_square_2: autoDraw = False
85.4527 	EXP 	fixation_3: autoDraw = False
85.4609 	EXP 	grid_lines_2: autoDraw = True
85.4609 	EXP 	target_square_2: autoDraw = True
86.4534 	EXP 	target_square_2: autoDraw = False
86.4617 	EXP 	fixation_3: autoDraw = True
87.4455 	EXP 	New trial (rep=0, index=29): <Trial 29 (29 in rep 0) data={'location': [0.2, 0], 'corrAns': 'space', 'thisN': 29, 'thisTrialN': 29, 'thisRepN': 0}>
87.4545 	EXP 	grid_lines_2: autoDraw = False
87.4545 	EXP 	fixation_3: autoDraw = False
87.4545 	EXP 	grid_lines_2: autoDraw = False
87.4545 	EXP 	target_square_2: autoDraw = False
87.4545 	EXP 	fixation_3: autoDraw = False
87.4622 	EXP 	grid_lines_2: autoDraw = True
87.4622 	EXP 	target_square_2: autoDraw = True
88.1219 	EXP 	Device response: <KeyPress from None: t=88.11490900022909, value=space, duration=None>
88.1225 	DATA 	Keypress: space
88.3220 	EXP 	Device response: <KeyPress from None: t=88.11490900022909, value=space, duration=0.20469419984146953>
88.4550 	EXP 	target_square_2: autoDraw = False
88.4634 	EXP 	fixation_3: autoDraw = True
89.4474 	EXP 	New trial (rep=0, index=30): <Trial 30 (30 in rep 0) data={'location': [-0.2, -0.2], 'corrAns': None, 'thisN': 30, 'thisTrialN': 30, 'thisRepN': 0}>
89.4558 	EXP 	grid_lines_2: autoDraw = False
89.4558 	EXP 	fixation_3: autoDraw = False
89.4558 	EXP 	grid_lines_2: autoDraw = False
89.4558 	EXP 	target_square_2: autoDraw = False
89.4558 	EXP 	fixation_3: autoDraw = False
89.4644 	EXP 	grid_lines_2: autoDraw = True
89.4644 	EXP 	target_square_2: autoDraw = True
90.4572 	EXP 	target_square_2: autoDraw = False
90.4651 	EXP 	fixation_3: autoDraw = True
91.4491 	EXP 	New trial (rep=0, index=31): <Trial 31 (31 in rep 0) data={'location': [0, -0.2], 'corrAns': None, 'thisN': 31, 'thisTrialN': 31, 'thisRepN': 0}>
91.4574 	EXP 	grid_lines_2: autoDraw = False
91.4574 	EXP 	fixation_3: autoDraw = False
91.4574 	EXP 	grid_lines_2: autoDraw = False
91.4574 	EXP 	target_square_2: autoDraw = False
91.4574 	EXP 	fixation_3: autoDraw = False
91.4657 	EXP 	grid_lines_2: autoDraw = True
91.4657 	EXP 	target_square_2: autoDraw = True
92.4582 	EXP 	target_square_2: autoDraw = False
92.4582 	EXP 	fixation_3: autoDraw = True
93.4506 	EXP 	fixation_3: autoDraw = False
93.4510 	EXP 	New trial (rep=0, index=32): <Trial 32 (32 in rep 0) data={'location': [0, 0.2], 'corrAns': None, 'thisN': 32, 'thisTrialN': 32, 'thisRepN': 0}>
93.4593 	EXP 	grid_lines_2: autoDraw = False
93.4593 	EXP 	grid_lines_2: autoDraw = False
93.4593 	EXP 	target_square_2: autoDraw = False
93.4593 	EXP 	fixation_3: autoDraw = False
93.4593 	EXP 	grid_lines_2: autoDraw = True
93.4593 	EXP 	target_square_2: autoDraw = True
94.4520 	EXP 	target_square_2: autoDraw = False
94.4596 	EXP 	fixation_3: autoDraw = True
95.4441 	EXP 	New trial (rep=0, index=33): <Trial 33 (33 in rep 0) data={'location': [0.2, 0.2], 'corrAns': None, 'thisN': 33, 'thisTrialN': 33, 'thisRepN': 0}>
95.4522 	EXP 	grid_lines_2: autoDraw = False
95.4522 	EXP 	fixation_3: autoDraw = False
95.4522 	EXP 	grid_lines_2: autoDraw = False
95.4522 	EXP 	target_square_2: autoDraw = False
95.4522 	EXP 	fixation_3: autoDraw = False
95.4608 	EXP 	grid_lines_2: autoDraw = True
95.4608 	EXP 	target_square_2: autoDraw = True
96.4537 	EXP 	target_square_2: autoDraw = False
96.4612 	EXP 	fixation_3: autoDraw = True
97.4467 	EXP 	New trial (rep=0, index=34): <Trial 34 (34 in rep 0) data={'location': [0, 0], 'corrAns': None, 'thisN': 34, 'thisTrialN': 34, 'thisRepN': 0}>
97.4537 	EXP 	grid_lines_2: autoDraw = False
97.4537 	EXP 	fixation_3: autoDraw = False
97.4537 	EXP 	grid_lines_2: autoDraw = False
97.4537 	EXP 	target_square_2: autoDraw = False
97.4537 	EXP 	fixation_3: autoDraw = False
97.4625 	EXP 	grid_lines_2: autoDraw = True
97.4625 	EXP 	target_square_2: autoDraw = True
97.8627 	EXP 	Device response: <KeyPress from None: t=97.85821070009843, value=space, duration=None>
97.8633 	DATA 	Keypress: space
98.1049 	EXP 	Device response: <KeyPress from None: t=97.85821070009843, value=space, duration=0.2418228001333773>
98.4548 	EXP 	target_square_2: autoDraw = False
98.4636 	EXP 	fixation_3: autoDraw = True
99.4479 	EXP 	New trial (rep=0, index=35): <Trial 35 (35 in rep 0) data={'location': [0.2, -0.2], 'corrAns': None, 'thisN': 35, 'thisTrialN': 35, 'thisRepN': 0}>
99.4557 	EXP 	grid_lines_2: autoDraw = False
99.4557 	EXP 	fixation_3: autoDraw = False
99.4557 	EXP 	grid_lines_2: autoDraw = False
99.4557 	EXP 	target_square_2: autoDraw = False
99.4557 	EXP 	fixation_3: autoDraw = False
99.4641 	EXP 	grid_lines_2: autoDraw = True
99.4641 	EXP 	target_square_2: autoDraw = True
100.4569 	EXP 	target_square_2: autoDraw = False
100.4645 	EXP 	fixation_3: autoDraw = True
101.4492 	EXP 	New trial (rep=0, index=36): <Trial 36 (36 in rep 0) data={'location': [0.2, -0.2], 'corrAns': None, 'thisN': 36, 'thisTrialN': 36, 'thisRepN': 0}>
101.4577 	EXP 	grid_lines_2: autoDraw = False
101.4577 	EXP 	fixation_3: autoDraw = False
101.4577 	EXP 	grid_lines_2: autoDraw = False
101.4577 	EXP 	target_square_2: autoDraw = False
101.4577 	EXP 	fixation_3: autoDraw = False
101.4577 	EXP 	grid_lines_2: autoDraw = True
101.4577 	EXP 	target_square_2: autoDraw = True
102.0997 	EXP 	Device response: <KeyPress from None: t=102.09861649991944, value=space, duration=None>
102.1003 	DATA 	Keypress: space
102.3174 	EXP 	Device response: <KeyPress from None: t=102.09861649991944, value=space, duration=0.21390610001981258>
102.4500 	EXP 	target_square_2: autoDraw = False
102.4584 	EXP 	fixation_3: autoDraw = True
103.4430 	EXP 	New trial (rep=0, index=37): <Trial 37 (37 in rep 0) data={'location': [0, 0.2], 'corrAns': None, 'thisN': 37, 'thisTrialN': 37, 'thisRepN': 0}>
103.4505 	EXP 	grid_lines_2: autoDraw = False
103.4505 	EXP 	fixation_3: autoDraw = False
103.4505 	EXP 	grid_lines_2: autoDraw = False
103.4505 	EXP 	target_square_2: autoDraw = False
103.4505 	EXP 	fixation_3: autoDraw = False
103.4592 	EXP 	grid_lines_2: autoDraw = True
103.4592 	EXP 	target_square_2: autoDraw = True
104.4516 	EXP 	target_square_2: autoDraw = False
104.4595 	EXP 	fixation_3: autoDraw = True
105.4439 	EXP 	New trial (rep=0, index=38): <Trial 38 (38 in rep 0) data={'location': [0.2, -0.2], 'corrAns': 'space', 'thisN': 38, 'thisTrialN': 38, 'thisRepN': 0}>
105.4523 	EXP 	grid_lines_2: autoDraw = False
105.4523 	EXP 	fixation_3: autoDraw = False
105.4523 	EXP 	grid_lines_2: autoDraw = False
105.4523 	EXP 	target_square_2: autoDraw = False
105.4523 	EXP 	fixation_3: autoDraw = False
105.4605 	EXP 	grid_lines_2: autoDraw = True
105.4605 	EXP 	target_square_2: autoDraw = True
106.4534 	EXP 	target_square_2: autoDraw = False
106.4609 	EXP 	fixation_3: autoDraw = True
107.4456 	EXP 	New trial (rep=0, index=39): <Trial 39 (39 in rep 0) data={'location': [-0.2, 0.2], 'corrAns': None, 'thisN': 39, 'thisTrialN': 39, 'thisRepN': 0}>
107.4540 	EXP 	grid_lines_2: autoDraw = False
107.4540 	EXP 	fixation_3: autoDraw = False
107.4540 	EXP 	grid_lines_2: autoDraw = False
107.4540 	EXP 	target_square_2: autoDraw = False
107.4540 	EXP 	fixation_3: autoDraw = False
107.4622 	EXP 	grid_lines_2: autoDraw = True
107.4622 	EXP 	target_square_2: autoDraw = True
108.4552 	EXP 	target_square_2: autoDraw = False
108.4627 	EXP 	fixation_3: autoDraw = True
109.4482 	EXP 	New trial (rep=0, index=40): <Trial 40 (40 in rep 0) data={'location': [0, -0.2], 'corrAns': None, 'thisN': 40, 'thisTrialN': 40, 'thisRepN': 0}>
109.4544 	EXP 	grid_lines_2: autoDraw = False
109.4544 	EXP 	fixation_3: autoDraw = False
109.4544 	EXP 	grid_lines_2: autoDraw = False
109.4544 	EXP 	target_square_2: autoDraw = False
109.4544 	EXP 	fixation_3: autoDraw = False
109.4635 	EXP 	grid_lines_2: autoDraw = True
109.4635 	EXP 	target_square_2: autoDraw = True
110.4560 	EXP 	target_square_2: autoDraw = False
110.4654 	EXP 	fixation_3: autoDraw = True
111.4492 	EXP 	New trial (rep=0, index=41): <Trial 41 (41 in rep 0) data={'location': [-0.2, 0.2], 'corrAns': 'space', 'thisN': 41, 'thisTrialN': 41, 'thisRepN': 0}>
111.4575 	EXP 	grid_lines_2: autoDraw = False
111.4575 	EXP 	fixation_3: autoDraw = False
111.4575 	EXP 	grid_lines_2: autoDraw = False
111.4575 	EXP 	target_square_2: autoDraw = False
111.4575 	EXP 	fixation_3: autoDraw = False
111.4652 	EXP 	grid_lines_2: autoDraw = True
111.4652 	EXP 	target_square_2: autoDraw = True
112.4578 	EXP 	target_square_2: autoDraw = False
112.4578 	EXP 	fixation_3: autoDraw = True
113.4504 	EXP 	fixation_3: autoDraw = False
113.4508 	EXP 	New trial (rep=0, index=42): <Trial 42 (42 in rep 0) data={'location': [0.2, 0], 'corrAns': None, 'thisN': 42, 'thisTrialN': 42, 'thisRepN': 0}>
113.4589 	EXP 	grid_lines_2: autoDraw = False
113.4589 	EXP 	grid_lines_2: autoDraw = False
113.4589 	EXP 	target_square_2: autoDraw = False
113.4589 	EXP 	fixation_3: autoDraw = False
113.4589 	EXP 	grid_lines_2: autoDraw = True
113.4589 	EXP 	target_square_2: autoDraw = True
114.4509 	EXP 	target_square_2: autoDraw = False
114.4596 	EXP 	fixation_3: autoDraw = True
115.4435 	EXP 	New trial (rep=0, index=43): <Trial 43 (43 in rep 0) data={'location': [0, 0], 'corrAns': None, 'thisN': 43, 'thisTrialN': 43, 'thisRepN': 0}>
115.4515 	EXP 	grid_lines_2: autoDraw = False
115.4515 	EXP 	fixation_3: autoDraw = False
115.4515 	EXP 	grid_lines_2: autoDraw = False
115.4515 	EXP 	target_square_2: autoDraw = False
115.4515 	EXP 	fixation_3: autoDraw = False
115.4603 	EXP 	grid_lines_2: autoDraw = True
115.4603 	EXP 	target_square_2: autoDraw = True
116.4525 	EXP 	target_square_2: autoDraw = False
116.4608 	EXP 	fixation_3: autoDraw = True
117.4451 	EXP 	New trial (rep=0, index=44): <Trial 44 (44 in rep 0) data={'location': [0.2, 0], 'corrAns': 'space', 'thisN': 44, 'thisTrialN': 44, 'thisRepN': 0}>
117.4535 	EXP 	grid_lines_2: autoDraw = False
117.4535 	EXP 	fixation_3: autoDraw = False
117.4535 	EXP 	grid_lines_2: autoDraw = False
117.4535 	EXP 	target_square_2: autoDraw = False
117.4535 	EXP 	fixation_3: autoDraw = False
117.4616 	EXP 	grid_lines_2: autoDraw = True
117.4616 	EXP 	target_square_2: autoDraw = True
118.0724 	EXP 	Device response: <KeyPress from None: t=118.0640235003084, value=space, duration=None>
118.0731 	DATA 	Keypress: space
118.2547 	EXP 	Device response: <KeyPress from None: t=118.0640235003084, value=space, duration=0.1893083998002112>
118.4542 	EXP 	target_square_2: autoDraw = False
118.4626 	EXP 	fixation_3: autoDraw = True
119.4471 	EXP 	New trial (rep=0, index=45): <Trial 45 (45 in rep 0) data={'location': [0, 0.2], 'corrAns': None, 'thisN': 45, 'thisTrialN': 45, 'thisRepN': 0}>
119.4551 	EXP 	grid_lines_2: autoDraw = False
119.4551 	EXP 	fixation_3: autoDraw = False
119.4551 	EXP 	grid_lines_2: autoDraw = False
119.4551 	EXP 	target_square_2: autoDraw = False
119.4551 	EXP 	fixation_3: autoDraw = False
119.4634 	EXP 	grid_lines_2: autoDraw = True
119.4634 	EXP 	target_square_2: autoDraw = True
120.4558 	EXP 	target_square_2: autoDraw = False
120.4647 	EXP 	fixation_3: autoDraw = True
121.4490 	EXP 	New trial (rep=0, index=46): <Trial 46 (46 in rep 0) data={'location': [0.2, 0.2], 'corrAns': None, 'thisN': 46, 'thisTrialN': 46, 'thisRepN': 0}>
121.4563 	EXP 	grid_lines_2: autoDraw = False
121.4563 	EXP 	fixation_3: autoDraw = False
121.4563 	EXP 	grid_lines_2: autoDraw = False
121.4563 	EXP 	target_square_2: autoDraw = False
121.4563 	EXP 	fixation_3: autoDraw = False
121.4649 	EXP 	grid_lines_2: autoDraw = True
121.4649 	EXP 	target_square_2: autoDraw = True
122.4573 	EXP 	target_square_2: autoDraw = False
122.4573 	EXP 	fixation_3: autoDraw = True
123.4497 	EXP 	fixation_3: autoDraw = False
123.4500 	EXP 	New trial (rep=0, index=47): <Trial 47 (47 in rep 0) data={'location': [0, 0], 'corrAns': None, 'thisN': 47, 'thisTrialN': 47, 'thisRepN': 0}>
123.4585 	EXP 	grid_lines_2: autoDraw = False
123.4585 	EXP 	grid_lines_2: autoDraw = False
123.4585 	EXP 	target_square_2: autoDraw = False
123.4585 	EXP 	fixation_3: autoDraw = False
123.4585 	EXP 	grid_lines_2: autoDraw = True
123.4585 	EXP 	target_square_2: autoDraw = True
124.4511 	EXP 	target_square_2: autoDraw = False
124.4594 	EXP 	fixation_3: autoDraw = True
125.4442 	EXP 	New trial (rep=0, index=48): <Trial 48 (48 in rep 0) data={'location': [0, -0.2], 'corrAns': None, 'thisN': 48, 'thisTrialN': 48, 'thisRepN': 0}>
125.4514 	EXP 	grid_lines_2: autoDraw = False
125.4514 	EXP 	fixation_3: autoDraw = False
125.4514 	EXP 	grid_lines_2: autoDraw = False
125.4514 	EXP 	target_square_2: autoDraw = False
125.4514 	EXP 	fixation_3: autoDraw = False
125.4595 	EXP 	grid_lines_2: autoDraw = True
125.4595 	EXP 	target_square_2: autoDraw = True
126.4528 	EXP 	target_square_2: autoDraw = False
126.4602 	EXP 	fixation_3: autoDraw = True
127.4450 	EXP 	New trial (rep=0, index=49): <Trial 49 (49 in rep 0) data={'location': [-0.2, -0.2], 'corrAns': None, 'thisN': 49, 'thisTrialN': 49, 'thisRepN': 0}>
127.4534 	EXP 	grid_lines_2: autoDraw = False
127.4534 	EXP 	fixation_3: autoDraw = False
127.4534 	EXP 	grid_lines_2: autoDraw = False
127.4534 	EXP 	target_square_2: autoDraw = False
127.4534 	EXP 	fixation_3: autoDraw = False
127.4614 	EXP 	grid_lines_2: autoDraw = True
127.4614 	EXP 	target_square_2: autoDraw = True
128.4537 	EXP 	target_square_2: autoDraw = False
128.4628 	EXP 	fixation_3: autoDraw = True
129.4473 	EXP 	New trial (rep=0, index=50): <Trial 50 (50 in rep 0) data={'location': [0, -0.2], 'corrAns': 'space', 'thisN': 50, 'thisTrialN': 50, 'thisRepN': 0}>
129.4545 	EXP 	grid_lines_2: autoDraw = False
129.4545 	EXP 	fixation_3: autoDraw = False
129.4545 	EXP 	grid_lines_2: autoDraw = False
129.4545 	EXP 	target_square_2: autoDraw = False
129.4545 	EXP 	fixation_3: autoDraw = False
129.4628 	EXP 	grid_lines_2: autoDraw = True
129.4628 	EXP 	target_square_2: autoDraw = True
129.9477 	EXP 	Device response: <KeyPress from None: t=129.94515920011327, value=space, duration=None>
129.9485 	DATA 	Keypress: space
130.2890 	EXP 	Device response: <KeyPress from None: t=129.94515920011327, value=space, duration=0.33609140012413263>
130.4556 	EXP 	target_square_2: autoDraw = False
130.4637 	EXP 	fixation_3: autoDraw = True
131.4486 	EXP 	New trial (rep=0, index=51): <Trial 51 (51 in rep 0) data={'location': [0, 0.2], 'corrAns': None, 'thisN': 51, 'thisTrialN': 51, 'thisRepN': 0}>
131.4569 	EXP 	grid_lines_2: autoDraw = False
131.4569 	EXP 	fixation_3: autoDraw = False
131.4569 	EXP 	grid_lines_2: autoDraw = False
131.4569 	EXP 	target_square_2: autoDraw = False
131.4569 	EXP 	fixation_3: autoDraw = False
131.4650 	EXP 	grid_lines_2: autoDraw = True
131.4650 	EXP 	target_square_2: autoDraw = True
132.4576 	EXP 	target_square_2: autoDraw = False
132.4576 	EXP 	fixation_3: autoDraw = True
133.4498 	EXP 	fixation_3: autoDraw = False
133.4501 	EXP 	New trial (rep=0, index=52): <Trial 52 (52 in rep 0) data={'location': [0, 0.2], 'corrAns': None, 'thisN': 52, 'thisTrialN': 52, 'thisRepN': 0}>
133.4578 	EXP 	grid_lines_2: autoDraw = False
133.4578 	EXP 	grid_lines_2: autoDraw = False
133.4578 	EXP 	target_square_2: autoDraw = False
133.4578 	EXP 	fixation_3: autoDraw = False
133.4578 	EXP 	grid_lines_2: autoDraw = True
133.4578 	EXP 	target_square_2: autoDraw = True
134.4504 	EXP 	target_square_2: autoDraw = False
134.4587 	EXP 	fixation_3: autoDraw = True
134.4672 	EXP 	Device response: <KeyPress from None: t=134.4628658001311, value=space, duration=None>
134.4678 	DATA 	Keypress: space
134.7426 	EXP 	Device response: <KeyPress from None: t=134.4628658001311, value=space, duration=0.27827859995886683>
135.4433 	EXP 	New trial (rep=0, index=53): <Trial 53 (53 in rep 0) data={'location': [-0.2, -0.2], 'corrAns': None, 'thisN': 53, 'thisTrialN': 53, 'thisRepN': 0}>
135.4512 	EXP 	grid_lines_2: autoDraw = False
135.4512 	EXP 	fixation_3: autoDraw = False
135.4512 	EXP 	grid_lines_2: autoDraw = False
135.4512 	EXP 	target_square_2: autoDraw = False
135.4512 	EXP 	fixation_3: autoDraw = False
135.4595 	EXP 	grid_lines_2: autoDraw = True
135.4595 	EXP 	target_square_2: autoDraw = True
136.4523 	EXP 	target_square_2: autoDraw = False
136.4602 	EXP 	fixation_3: autoDraw = True
137.4453 	EXP 	New trial (rep=0, index=54): <Trial 54 (54 in rep 0) data={'location': [0, 0], 'corrAns': None, 'thisN': 54, 'thisTrialN': 54, 'thisRepN': 0}>
137.4531 	EXP 	grid_lines_2: autoDraw = False
137.4531 	EXP 	fixation_3: autoDraw = False
137.4531 	EXP 	grid_lines_2: autoDraw = False
137.4531 	EXP 	target_square_2: autoDraw = False
137.4531 	EXP 	fixation_3: autoDraw = False
137.4620 	EXP 	grid_lines_2: autoDraw = True
137.4620 	EXP 	target_square_2: autoDraw = True
138.4536 	EXP 	target_square_2: autoDraw = False
138.4619 	EXP 	fixation_3: autoDraw = True
139.4469 	EXP 	New trial (rep=0, index=55): <Trial 55 (55 in rep 0) data={'location': [-0.2, -0.2], 'corrAns': 'space', 'thisN': 55, 'thisTrialN': 55, 'thisRepN': 0}>
139.4543 	EXP 	grid_lines_2: autoDraw = False
139.4543 	EXP 	fixation_3: autoDraw = False
139.4543 	EXP 	grid_lines_2: autoDraw = False
139.4543 	EXP 	target_square_2: autoDraw = False
139.4543 	EXP 	fixation_3: autoDraw = False
139.4625 	EXP 	grid_lines_2: autoDraw = True
139.4625 	EXP 	target_square_2: autoDraw = True
140.4556 	EXP 	target_square_2: autoDraw = False
140.4635 	EXP 	fixation_3: autoDraw = True
141.4488 	EXP 	New trial (rep=0, index=56): <Trial 56 (56 in rep 0) data={'location': [0, 0], 'corrAns': 'space', 'thisN': 56, 'thisTrialN': 56, 'thisRepN': 0}>
141.4562 	EXP 	grid_lines_2: autoDraw = False
141.4562 	EXP 	fixation_3: autoDraw = False
141.4562 	EXP 	grid_lines_2: autoDraw = False
141.4562 	EXP 	target_square_2: autoDraw = False
141.4562 	EXP 	fixation_3: autoDraw = False
141.4648 	EXP 	grid_lines_2: autoDraw = True
141.4648 	EXP 	target_square_2: autoDraw = True
142.4569 	EXP 	target_square_2: autoDraw = False
142.4569 	EXP 	fixation_3: autoDraw = True
143.4499 	EXP 	fixation_3: autoDraw = False
143.4503 	EXP 	New trial (rep=0, index=57): <Trial 57 (57 in rep 0) data={'location': [-0.2, 0], 'corrAns': None, 'thisN': 57, 'thisTrialN': 57, 'thisRepN': 0}>
143.4573 	EXP 	grid_lines_2: autoDraw = False
143.4573 	EXP 	grid_lines_2: autoDraw = False
143.4573 	EXP 	target_square_2: autoDraw = False
143.4573 	EXP 	fixation_3: autoDraw = False
143.4573 	EXP 	grid_lines_2: autoDraw = True
143.4573 	EXP 	target_square_2: autoDraw = True
144.4501 	EXP 	target_square_2: autoDraw = False
144.4587 	EXP 	fixation_3: autoDraw = True
145.4428 	EXP 	New trial (rep=0, index=58): <Trial 58 (58 in rep 0) data={'location': [0.2, 0], 'corrAns': None, 'thisN': 58, 'thisTrialN': 58, 'thisRepN': 0}>
145.4509 	EXP 	grid_lines_2: autoDraw = False
145.4509 	EXP 	fixation_3: autoDraw = False
145.4509 	EXP 	grid_lines_2: autoDraw = False
145.4509 	EXP 	target_square_2: autoDraw = False
145.4509 	EXP 	fixation_3: autoDraw = False
145.4589 	EXP 	grid_lines_2: autoDraw = True
145.4589 	EXP 	target_square_2: autoDraw = True
146.4516 	EXP 	target_square_2: autoDraw = False
146.4600 	EXP 	fixation_3: autoDraw = True
147.4452 	EXP 	New trial (rep=0, index=59): <Trial 59 (59 in rep 0) data={'location': [0, -0.2], 'corrAns': None, 'thisN': 59, 'thisTrialN': 59, 'thisRepN': 0}>
147.4531 	EXP 	grid_lines_2: autoDraw = False
147.4531 	EXP 	fixation_3: autoDraw = False
147.4531 	EXP 	grid_lines_2: autoDraw = False
147.4531 	EXP 	target_square_2: autoDraw = False
147.4531 	EXP 	fixation_3: autoDraw = False
147.4610 	EXP 	grid_lines_2: autoDraw = True
147.4610 	EXP 	target_square_2: autoDraw = True
148.4533 	EXP 	target_square_2: autoDraw = False
148.4618 	EXP 	fixation_3: autoDraw = True
149.4462 	EXP 	New trial (rep=0, index=60): <Trial 60 (60 in rep 0) data={'location': [0.2, 0], 'corrAns': 'space', 'thisN': 60, 'thisTrialN': 60, 'thisRepN': 0}>
149.4541 	EXP 	grid_lines_2: autoDraw = False
149.4541 	EXP 	fixation_3: autoDraw = False
149.4541 	EXP 	grid_lines_2: autoDraw = False
149.4541 	EXP 	target_square_2: autoDraw = False
149.4541 	EXP 	fixation_3: autoDraw = False
149.4627 	EXP 	grid_lines_2: autoDraw = True
149.4627 	EXP 	target_square_2: autoDraw = True
150.0215 	EXP 	Device response: <KeyPress from None: t=150.01955260010436, value=space, duration=None>
150.0220 	DATA 	Keypress: space
150.2800 	EXP 	Device response: <KeyPress from None: t=150.01955260010436, value=space, duration=0.25549930008128285>
150.4551 	EXP 	target_square_2: autoDraw = False
150.4634 	EXP 	fixation_3: autoDraw = True
151.4479 	EXP 	New trial (rep=0, index=61): <Trial 61 (61 in rep 0) data={'location': [-0.2, 0], 'corrAns': None, 'thisN': 61, 'thisTrialN': 61, 'thisRepN': 0}>
151.4558 	EXP 	grid_lines_2: autoDraw = False
151.4558 	EXP 	fixation_3: autoDraw = False
151.4558 	EXP 	grid_lines_2: autoDraw = False
151.4558 	EXP 	target_square_2: autoDraw = False
151.4558 	EXP 	fixation_3: autoDraw = False
151.4642 	EXP 	grid_lines_2: autoDraw = True
151.4642 	EXP 	target_square_2: autoDraw = True
152.4568 	EXP 	target_square_2: autoDraw = False
152.4650 	EXP 	fixation_3: autoDraw = True
153.4495 	EXP 	New trial (rep=0, index=62): <Trial 62 (62 in rep 0) data={'location': [0, 0.2], 'corrAns': None, 'thisN': 62, 'thisTrialN': 62, 'thisRepN': 0}>
153.4574 	EXP 	grid_lines_2: autoDraw = False
153.4574 	EXP 	fixation_3: autoDraw = False
153.4574 	EXP 	grid_lines_2: autoDraw = False
153.4574 	EXP 	target_square_2: autoDraw = False
153.4574 	EXP 	fixation_3: autoDraw = False
153.4574 	EXP 	grid_lines_2: autoDraw = True
153.4574 	EXP 	target_square_2: autoDraw = True
154.2922 	EXP 	Device response: <KeyPress from None: t=154.28828140022233, value=space, duration=None>
154.2929 	DATA 	Keypress: space
154.4339 	EXP 	Device response: <KeyPress from None: t=154.28828140022233, value=space, duration=0.13960610004141927>
154.4497 	EXP 	target_square_2: autoDraw = False
154.4583 	EXP 	fixation_3: autoDraw = True
155.4431 	EXP 	New trial (rep=0, index=63): <Trial 63 (63 in rep 0) data={'location': [0, -0.2], 'corrAns': None, 'thisN': 63, 'thisTrialN': 63, 'thisRepN': 0}>
155.4508 	EXP 	grid_lines_2: autoDraw = False
155.4508 	EXP 	fixation_3: autoDraw = False
155.4508 	EXP 	grid_lines_2: autoDraw = False
155.4508 	EXP 	target_square_2: autoDraw = False
155.4508 	EXP 	fixation_3: autoDraw = False
155.4618 	EXP 	grid_lines_2: autoDraw = True
155.4618 	EXP 	target_square_2: autoDraw = True
156.4519 	EXP 	target_square_2: autoDraw = False
156.4600 	EXP 	fixation_3: autoDraw = True
157.4447 	EXP 	New trial (rep=0, index=64): <Trial 64 (64 in rep 0) data={'location': [0, 0], 'corrAns': None, 'thisN': 64, 'thisTrialN': 64, 'thisRepN': 0}>
157.4531 	EXP 	grid_lines_2: autoDraw = False
157.4531 	EXP 	fixation_3: autoDraw = False
157.4531 	EXP 	grid_lines_2: autoDraw = False
157.4531 	EXP 	target_square_2: autoDraw = False
157.4531 	EXP 	fixation_3: autoDraw = False
157.4621 	EXP 	grid_lines_2: autoDraw = True
157.4621 	EXP 	target_square_2: autoDraw = True
158.4531 	EXP 	target_square_2: autoDraw = False
158.4616 	EXP 	fixation_3: autoDraw = True
159.4463 	EXP 	New trial (rep=0, index=65): <Trial 65 (65 in rep 0) data={'location': [0, -0.2], 'corrAns': 'space', 'thisN': 65, 'thisTrialN': 65, 'thisRepN': 0}>
159.4549 	EXP 	grid_lines_2: autoDraw = False
159.4549 	EXP 	fixation_3: autoDraw = False
159.4549 	EXP 	grid_lines_2: autoDraw = False
159.4549 	EXP 	target_square_2: autoDraw = False
159.4549 	EXP 	fixation_3: autoDraw = False
159.4628 	EXP 	grid_lines_2: autoDraw = True
159.4628 	EXP 	target_square_2: autoDraw = True
160.4551 	EXP 	target_square_2: autoDraw = False
160.4630 	EXP 	fixation_3: autoDraw = True
161.4531 	EXP 	New trial (rep=0, index=66): <Trial 66 (66 in rep 0) data={'location': [0, -0.2], 'corrAns': None, 'thisN': 66, 'thisTrialN': 66, 'thisRepN': 0}>
161.4568 	EXP 	grid_lines_2: autoDraw = False
161.4568 	EXP 	fixation_3: autoDraw = False
161.4568 	EXP 	grid_lines_2: autoDraw = False
161.4568 	EXP 	target_square_2: autoDraw = False
161.4568 	EXP 	fixation_3: autoDraw = False
161.4568 	EXP 	grid_lines_2: autoDraw = True
161.4568 	EXP 	target_square_2: autoDraw = True
162.0986 	EXP 	Device response: <KeyPress from None: t=162.09252170007676, value=space, duration=None>
162.0996 	DATA 	Keypress: space
162.3651 	EXP 	Device response: <KeyPress from None: t=162.09252170007676, value=space, duration=0.2648104000836611>
162.4485 	EXP 	target_square_2: autoDraw = False
162.4647 	EXP 	fixation_3: autoDraw = True
163.4494 	EXP 	grid_lines_2: autoDraw = False
163.4499 	EXP 	New trial (rep=0, index=67): <Trial 67 (67 in rep 0) data={'location': [0, -0.2], 'corrAns': 'space', 'thisN': 67, 'thisTrialN': 67, 'thisRepN': 0}>
163.4576 	EXP 	fixation_3: autoDraw = False
163.4576 	EXP 	grid_lines_2: autoDraw = False
163.4576 	EXP 	target_square_2: autoDraw = False
163.4576 	EXP 	fixation_3: autoDraw = False
163.4576 	EXP 	grid_lines_2: autoDraw = True
163.4576 	EXP 	target_square_2: autoDraw = True
164.4499 	EXP 	target_square_2: autoDraw = False
164.4583 	EXP 	fixation_3: autoDraw = True
165.4425 	EXP 	New trial (rep=0, index=68): <Trial 68 (68 in rep 0) data={'location': [0, 0.2], 'corrAns': None, 'thisN': 68, 'thisTrialN': 68, 'thisRepN': 0}>
165.4507 	EXP 	grid_lines_2: autoDraw = False
165.4507 	EXP 	fixation_3: autoDraw = False
165.4507 	EXP 	grid_lines_2: autoDraw = False
165.4507 	EXP 	target_square_2: autoDraw = False
165.4507 	EXP 	fixation_3: autoDraw = False
165.4588 	EXP 	grid_lines_2: autoDraw = True
165.4588 	EXP 	target_square_2: autoDraw = True
166.4513 	EXP 	target_square_2: autoDraw = False
166.4598 	EXP 	fixation_3: autoDraw = True
167.4443 	EXP 	New trial (rep=0, index=69): <Trial 69 (69 in rep 0) data={'location': [-0.2, 0], 'corrAns': None, 'thisN': 69, 'thisTrialN': 69, 'thisRepN': 0}>
167.4523 	EXP 	grid_lines_2: autoDraw = False
167.4523 	EXP 	fixation_3: autoDraw = False
167.4523 	EXP 	grid_lines_2: autoDraw = False
167.4523 	EXP 	target_square_2: autoDraw = False
167.4523 	EXP 	fixation_3: autoDraw = False
167.4606 	EXP 	grid_lines_2: autoDraw = True
167.4606 	EXP 	target_square_2: autoDraw = True
168.4530 	EXP 	target_square_2: autoDraw = False
168.4611 	EXP 	fixation_3: autoDraw = True
169.4459 	EXP 	New trial (rep=0, index=70): <Trial 70 (70 in rep 0) data={'location': [0, 0], 'corrAns': None, 'thisN': 70, 'thisTrialN': 70, 'thisRepN': 0}>
169.4538 	EXP 	grid_lines_2: autoDraw = False
169.4538 	EXP 	fixation_3: autoDraw = False
169.4538 	EXP 	grid_lines_2: autoDraw = False
169.4538 	EXP 	target_square_2: autoDraw = False
169.4538 	EXP 	fixation_3: autoDraw = False
169.4620 	EXP 	grid_lines_2: autoDraw = True
169.4620 	EXP 	target_square_2: autoDraw = True
170.3127 	EXP 	Device response: <KeyPress from None: t=170.30873539997265, value=space, duration=None>
170.3133 	DATA 	Keypress: space
170.4553 	EXP 	target_square_2: autoDraw = False
170.4627 	EXP 	fixation_3: autoDraw = True
170.4883 	EXP 	Device response: <KeyPress from None: t=170.30873539997265, value=space, duration=0.17794020008295774>
171.4473 	EXP 	New trial (rep=0, index=71): <Trial 71 (71 in rep 0) data={'location': [0, 0.2], 'corrAns': None, 'thisN': 71, 'thisTrialN': 71, 'thisRepN': 0}>
171.4556 	EXP 	grid_lines_2: autoDraw = False
171.4556 	EXP 	fixation_3: autoDraw = False
171.4556 	EXP 	grid_lines_2: autoDraw = False
171.4556 	EXP 	target_square_2: autoDraw = False
171.4556 	EXP 	fixation_3: autoDraw = False
171.4643 	EXP 	grid_lines_2: autoDraw = True
171.4643 	EXP 	target_square_2: autoDraw = True
172.4561 	EXP 	target_square_2: autoDraw = False
172.4561 	EXP 	fixation_3: autoDraw = True
173.4486 	EXP 	fixation_3: autoDraw = False
173.4490 	EXP 	New trial (rep=0, index=72): <Trial 72 (72 in rep 0) data={'location': [0, -0.2], 'corrAns': None, 'thisN': 72, 'thisTrialN': 72, 'thisRepN': 0}>
173.4574 	EXP 	grid_lines_2: autoDraw = False
173.4574 	EXP 	grid_lines_2: autoDraw = False
173.4574 	EXP 	target_square_2: autoDraw = False
173.4574 	EXP 	fixation_3: autoDraw = False
173.4654 	EXP 	grid_lines_2: autoDraw = True
173.4654 	EXP 	target_square_2: autoDraw = True
174.4579 	EXP 	target_square_2: autoDraw = False
174.4579 	EXP 	fixation_3: autoDraw = True
175.4503 	EXP 	fixation_3: autoDraw = False
175.4507 	EXP 	New trial (rep=0, index=73): <Trial 73 (73 in rep 0) data={'location': [0.2, 0.2], 'corrAns': None, 'thisN': 73, 'thisTrialN': 73, 'thisRepN': 0}>
175.4589 	EXP 	grid_lines_2: autoDraw = False
175.4589 	EXP 	grid_lines_2: autoDraw = False
175.4589 	EXP 	target_square_2: autoDraw = False
175.4589 	EXP 	fixation_3: autoDraw = False
175.4589 	EXP 	grid_lines_2: autoDraw = True
175.4589 	EXP 	target_square_2: autoDraw = True
176.4514 	EXP 	target_square_2: autoDraw = False
176.4645 	EXP 	fixation_3: autoDraw = True
177.4525 	EXP 	grid_lines_2: autoDraw = False
177.4537 	EXP 	New trial (rep=0, index=74): <Trial 74 (74 in rep 0) data={'location': [0.2, 0], 'corrAns': None, 'thisN': 74, 'thisTrialN': 74, 'thisRepN': 0}>
177.4599 	EXP 	fixation_3: autoDraw = False
177.4599 	EXP 	grid_lines_2: autoDraw = False
177.4599 	EXP 	target_square_2: autoDraw = False
177.4599 	EXP 	fixation_3: autoDraw = False
177.4599 	EXP 	grid_lines_2: autoDraw = True
177.4599 	EXP 	target_square_2: autoDraw = True
178.4527 	EXP 	target_square_2: autoDraw = False
178.4615 	EXP 	fixation_3: autoDraw = True
179.4454 	EXP 	New trial (rep=0, index=75): <Trial 75 (75 in rep 0) data={'location': [-0.2, -0.2], 'corrAns': None, 'thisN': 75, 'thisTrialN': 75, 'thisRepN': 0}>
179.4533 	EXP 	grid_lines_2: autoDraw = False
179.4533 	EXP 	fixation_3: autoDraw = False
179.4533 	EXP 	grid_lines_2: autoDraw = False
179.4533 	EXP 	target_square_2: autoDraw = False
179.4533 	EXP 	fixation_3: autoDraw = False
179.4611 	EXP 	grid_lines_2: autoDraw = True
179.4611 	EXP 	target_square_2: autoDraw = True
180.4540 	EXP 	target_square_2: autoDraw = False
180.4623 	EXP 	fixation_3: autoDraw = True
181.4463 	EXP 	New trial (rep=0, index=76): <Trial 76 (76 in rep 0) data={'location': [0.2, 0], 'corrAns': 'space', 'thisN': 76, 'thisTrialN': 76, 'thisRepN': 0}>
181.4549 	EXP 	grid_lines_2: autoDraw = False
181.4549 	EXP 	fixation_3: autoDraw = False
181.4549 	EXP 	grid_lines_2: autoDraw = False
181.4549 	EXP 	target_square_2: autoDraw = False
181.4549 	EXP 	fixation_3: autoDraw = False
181.4633 	EXP 	grid_lines_2: autoDraw = True
181.4633 	EXP 	target_square_2: autoDraw = True
182.1726 	EXP 	Device response: <KeyPress from None: t=182.17186550004408, value=space, duration=None>
182.1731 	DATA 	Keypress: space
182.4318 	EXP 	Device response: <KeyPress from None: t=182.17186550004408, value=space, duration=0.2578405998647213>
182.4555 	EXP 	target_square_2: autoDraw = False
182.4642 	EXP 	fixation_3: autoDraw = True
183.4488 	EXP 	New trial (rep=0, index=77): <Trial 77 (77 in rep 0) data={'location': [-0.2, -0.2], 'corrAns': 'space', 'thisN': 77, 'thisTrialN': 77, 'thisRepN': 0}>
183.4567 	EXP 	grid_lines_2: autoDraw = False
183.4567 	EXP 	fixation_3: autoDraw = False
183.4567 	EXP 	grid_lines_2: autoDraw = False
183.4567 	EXP 	target_square_2: autoDraw = False
183.4567 	EXP 	fixation_3: autoDraw = False
183.4665 	EXP 	grid_lines_2: autoDraw = True
183.4665 	EXP 	target_square_2: autoDraw = True
184.4575 	EXP 	target_square_2: autoDraw = False
184.4575 	EXP 	fixation_3: autoDraw = True
185.4501 	EXP 	fixation_3: autoDraw = False
185.4506 	EXP 	New trial (rep=0, index=78): <Trial 78 (78 in rep 0) data={'location': [0, 0], 'corrAns': None, 'thisN': 78, 'thisTrialN': 78, 'thisRepN': 0}>
185.4581 	EXP 	grid_lines_2: autoDraw = False
185.4581 	EXP 	grid_lines_2: autoDraw = False
185.4581 	EXP 	target_square_2: autoDraw = False
185.4581 	EXP 	fixation_3: autoDraw = False
185.4581 	EXP 	grid_lines_2: autoDraw = True
185.4581 	EXP 	target_square_2: autoDraw = True
186.4510 	EXP 	target_square_2: autoDraw = False
186.4586 	EXP 	fixation_3: autoDraw = True
187.4435 	EXP 	New trial (rep=0, index=79): <Trial 79 (79 in rep 0) data={'location': [0, -0.2], 'corrAns': None, 'thisN': 79, 'thisTrialN': 79, 'thisRepN': 0}>
187.4516 	EXP 	grid_lines_2: autoDraw = False
187.4516 	EXP 	fixation_3: autoDraw = False
187.4516 	EXP 	grid_lines_2: autoDraw = False
187.4516 	EXP 	target_square_2: autoDraw = False
187.4516 	EXP 	fixation_3: autoDraw = False
187.4598 	EXP 	grid_lines_2: autoDraw = True
187.4598 	EXP 	target_square_2: autoDraw = True
188.4526 	EXP 	target_square_2: autoDraw = False
188.4605 	EXP 	fixation_3: autoDraw = True
189.4456 	EXP 	New trial (rep=0, index=80): <Trial 80 (80 in rep 0) data={'location': [0.2, 0], 'corrAns': None, 'thisN': 80, 'thisTrialN': 80, 'thisRepN': 0}>
189.4533 	EXP 	grid_lines_2: autoDraw = False
189.4533 	EXP 	fixation_3: autoDraw = False
189.4533 	EXP 	grid_lines_2: autoDraw = False
189.4533 	EXP 	target_square_2: autoDraw = False
189.4533 	EXP 	fixation_3: autoDraw = False
189.4614 	EXP 	grid_lines_2: autoDraw = True
189.4614 	EXP 	target_square_2: autoDraw = True
190.4545 	EXP 	target_square_2: autoDraw = False
190.4623 	EXP 	fixation_3: autoDraw = True
191.4471 	EXP 	New trial (rep=0, index=81): <Trial 81 (81 in rep 0) data={'location': [0, -0.2], 'corrAns': 'space', 'thisN': 81, 'thisTrialN': 81, 'thisRepN': 0}>
191.4553 	EXP 	grid_lines_2: autoDraw = False
191.4553 	EXP 	fixation_3: autoDraw = False
191.4553 	EXP 	grid_lines_2: autoDraw = False
191.4553 	EXP 	target_square_2: autoDraw = False
191.4553 	EXP 	fixation_3: autoDraw = False
191.4629 	EXP 	grid_lines_2: autoDraw = True
191.4629 	EXP 	target_square_2: autoDraw = True
192.4554 	EXP 	target_square_2: autoDraw = False
192.4639 	EXP 	fixation_3: autoDraw = True
193.4484 	EXP 	New trial (rep=0, index=82): <Trial 82 (82 in rep 0) data={'location': [0, 0], 'corrAns': None, 'thisN': 82, 'thisTrialN': 82, 'thisRepN': 0}>
193.4564 	EXP 	grid_lines_2: autoDraw = False
193.4564 	EXP 	fixation_3: autoDraw = False
193.4564 	EXP 	grid_lines_2: autoDraw = False
193.4564 	EXP 	target_square_2: autoDraw = False
193.4564 	EXP 	fixation_3: autoDraw = False
193.4647 	EXP 	grid_lines_2: autoDraw = True
193.4647 	EXP 	target_square_2: autoDraw = True
194.4568 	EXP 	target_square_2: autoDraw = False
194.4568 	EXP 	fixation_3: autoDraw = True
195.4499 	EXP 	fixation_3: autoDraw = False
195.4503 	EXP 	New trial (rep=0, index=83): <Trial 83 (83 in rep 0) data={'location': [0.2, 0.2], 'corrAns': None, 'thisN': 83, 'thisTrialN': 83, 'thisRepN': 0}>
195.4583 	EXP 	grid_lines_2: autoDraw = False
195.4583 	EXP 	grid_lines_2: autoDraw = False
195.4583 	EXP 	target_square_2: autoDraw = False
195.4583 	EXP 	fixation_3: autoDraw = False
195.4583 	EXP 	grid_lines_2: autoDraw = True
195.4583 	EXP 	target_square_2: autoDraw = True
196.4504 	EXP 	target_square_2: autoDraw = False
196.4587 	EXP 	fixation_3: autoDraw = True
197.4432 	EXP 	New trial (rep=0, index=84): <Trial 84 (84 in rep 0) data={'location': [0, -0.2], 'corrAns': None, 'thisN': 84, 'thisTrialN': 84, 'thisRepN': 0}>
197.4512 	EXP 	grid_lines_2: autoDraw = False
197.4512 	EXP 	fixation_3: autoDraw = False
197.4512 	EXP 	grid_lines_2: autoDraw = False
197.4512 	EXP 	target_square_2: autoDraw = False
197.4512 	EXP 	fixation_3: autoDraw = False
197.4594 	EXP 	grid_lines_2: autoDraw = True
197.4594 	EXP 	target_square_2: autoDraw = True
198.4520 	EXP 	target_square_2: autoDraw = False
198.4604 	EXP 	fixation_3: autoDraw = True
199.4447 	EXP 	New trial (rep=0, index=85): <Trial 85 (85 in rep 0) data={'location': [0.2, 0], 'corrAns': None, 'thisN': 85, 'thisTrialN': 85, 'thisRepN': 0}>
199.4528 	EXP 	grid_lines_2: autoDraw = False
199.4528 	EXP 	fixation_3: autoDraw = False
199.4528 	EXP 	grid_lines_2: autoDraw = False
199.4528 	EXP 	target_square_2: autoDraw = False
199.4528 	EXP 	fixation_3: autoDraw = False
199.4612 	EXP 	grid_lines_2: autoDraw = True
199.4612 	EXP 	target_square_2: autoDraw = True
200.4535 	EXP 	target_square_2: autoDraw = False
200.4619 	EXP 	fixation_3: autoDraw = True
201.4469 	EXP 	New trial (rep=0, index=86): <Trial 86 (86 in rep 0) data={'location': [0, 0.2], 'corrAns': None, 'thisN': 86, 'thisTrialN': 86, 'thisRepN': 0}>
201.4543 	EXP 	grid_lines_2: autoDraw = False
201.4543 	EXP 	fixation_3: autoDraw = False
201.4543 	EXP 	grid_lines_2: autoDraw = False
201.4543 	EXP 	target_square_2: autoDraw = False
201.4543 	EXP 	fixation_3: autoDraw = False
201.4632 	EXP 	grid_lines_2: autoDraw = True
201.4632 	EXP 	target_square_2: autoDraw = True
202.4552 	EXP 	target_square_2: autoDraw = False
202.4633 	EXP 	fixation_3: autoDraw = True
203.4484 	EXP 	New trial (rep=0, index=87): <Trial 87 (87 in rep 0) data={'location': [0.2, 0], 'corrAns': 'space', 'thisN': 87, 'thisTrialN': 87, 'thisRepN': 0}>
203.4563 	EXP 	grid_lines_2: autoDraw = False
203.4563 	EXP 	fixation_3: autoDraw = False
203.4563 	EXP 	grid_lines_2: autoDraw = False
203.4563 	EXP 	target_square_2: autoDraw = False
203.4563 	EXP 	fixation_3: autoDraw = False
203.4651 	EXP 	grid_lines_2: autoDraw = True
203.4651 	EXP 	target_square_2: autoDraw = True
204.4568 	EXP 	target_square_2: autoDraw = False
204.4568 	EXP 	fixation_3: autoDraw = True
205.4496 	EXP 	fixation_3: autoDraw = False
205.4501 	EXP 	New trial (rep=0, index=88): <Trial 88 (88 in rep 0) data={'location': [0, -0.2], 'corrAns': None, 'thisN': 88, 'thisTrialN': 88, 'thisRepN': 0}>
205.4578 	EXP 	grid_lines_2: autoDraw = False
205.4578 	EXP 	grid_lines_2: autoDraw = False
205.4578 	EXP 	target_square_2: autoDraw = False
205.4578 	EXP 	fixation_3: autoDraw = False
205.4578 	EXP 	grid_lines_2: autoDraw = True
205.4578 	EXP 	target_square_2: autoDraw = True
206.4517 	EXP 	target_square_2: autoDraw = False
206.4586 	EXP 	fixation_3: autoDraw = True
207.4436 	EXP 	New trial (rep=0, index=89): <Trial 89 (89 in rep 0) data={'location': [0.2, 0.2], 'corrAns': None, 'thisN': 89, 'thisTrialN': 89, 'thisRepN': 0}>
207.4510 	EXP 	grid_lines_2: autoDraw = False
207.4510 	EXP 	fixation_3: autoDraw = False
207.4510 	EXP 	grid_lines_2: autoDraw = False
207.4510 	EXP 	target_square_2: autoDraw = False
207.4510 	EXP 	fixation_3: autoDraw = False
207.4596 	EXP 	grid_lines_2: autoDraw = True
207.4596 	EXP 	target_square_2: autoDraw = True
208.4525 	EXP 	target_square_2: autoDraw = False
208.4600 	EXP 	fixation_3: autoDraw = True
209.4448 	EXP 	New trial (rep=0, index=90): <Trial 90 (90 in rep 0) data={'location': [0.2, 0], 'corrAns': None, 'thisN': 90, 'thisTrialN': 90, 'thisRepN': 0}>
209.4532 	EXP 	grid_lines_2: autoDraw = False
209.4532 	EXP 	fixation_3: autoDraw = False
209.4532 	EXP 	grid_lines_2: autoDraw = False
209.4532 	EXP 	target_square_2: autoDraw = False
209.4532 	EXP 	fixation_3: autoDraw = False
209.4613 	EXP 	grid_lines_2: autoDraw = True
209.4613 	EXP 	target_square_2: autoDraw = True
210.4536 	EXP 	target_square_2: autoDraw = False
210.4619 	EXP 	fixation_3: autoDraw = True
211.4469 	EXP 	New trial (rep=0, index=91): <Trial 91 (91 in rep 0) data={'location': [0, 0], 'corrAns': None, 'thisN': 91, 'thisTrialN': 91, 'thisRepN': 0}>
211.4544 	EXP 	grid_lines_2: autoDraw = False
211.4544 	EXP 	fixation_3: autoDraw = False
211.4544 	EXP 	grid_lines_2: autoDraw = False
211.4544 	EXP 	target_square_2: autoDraw = False
211.4544 	EXP 	fixation_3: autoDraw = False
211.4638 	EXP 	grid_lines_2: autoDraw = True
211.4638 	EXP 	target_square_2: autoDraw = True
212.4551 	EXP 	target_square_2: autoDraw = False
212.4639 	EXP 	fixation_3: autoDraw = True
213.4484 	EXP 	New trial (rep=0, index=92): <Trial 92 (92 in rep 0) data={'location': [0, -0.2], 'corrAns': None, 'thisN': 92, 'thisTrialN': 92, 'thisRepN': 0}>
213.4559 	EXP 	grid_lines_2: autoDraw = False
213.4559 	EXP 	fixation_3: autoDraw = False
213.4559 	EXP 	grid_lines_2: autoDraw = False
213.4559 	EXP 	target_square_2: autoDraw = False
213.4559 	EXP 	fixation_3: autoDraw = False
213.4646 	EXP 	grid_lines_2: autoDraw = True
213.4646 	EXP 	target_square_2: autoDraw = True
214.4564 	EXP 	target_square_2: autoDraw = False
214.4564 	EXP 	fixation_3: autoDraw = True
215.4490 	EXP 	fixation_3: autoDraw = False
215.4495 	EXP 	New trial (rep=0, index=93): <Trial 93 (93 in rep 0) data={'location': [0, 0], 'corrAns': 'space', 'thisN': 93, 'thisTrialN': 93, 'thisRepN': 0}>
215.4572 	EXP 	grid_lines_2: autoDraw = False
215.4572 	EXP 	grid_lines_2: autoDraw = False
215.4572 	EXP 	target_square_2: autoDraw = False
215.4572 	EXP 	fixation_3: autoDraw = False
215.4572 	EXP 	grid_lines_2: autoDraw = True
215.4572 	EXP 	target_square_2: autoDraw = True
216.4499 	EXP 	target_square_2: autoDraw = False
216.4583 	EXP 	fixation_3: autoDraw = True
217.4426 	EXP 	New trial (rep=0, index=94): <Trial 94 (94 in rep 0) data={'location': [0.2, 0.2], 'corrAns': None, 'thisN': 94, 'thisTrialN': 94, 'thisRepN': 0}>
217.4508 	EXP 	grid_lines_2: autoDraw = False
217.4508 	EXP 	fixation_3: autoDraw = False
217.4508 	EXP 	grid_lines_2: autoDraw = False
217.4508 	EXP 	target_square_2: autoDraw = False
217.4508 	EXP 	fixation_3: autoDraw = False
217.4592 	EXP 	grid_lines_2: autoDraw = True
217.4592 	EXP 	target_square_2: autoDraw = True
218.4516 	EXP 	target_square_2: autoDraw = False
218.4604 	EXP 	fixation_3: autoDraw = True
219.4448 	EXP 	New trial (rep=0, index=95): <Trial 95 (95 in rep 0) data={'location': [0.2, 0.2], 'corrAns': None, 'thisN': 95, 'thisTrialN': 95, 'thisRepN': 0}>
219.4525 	EXP 	grid_lines_2: autoDraw = False
219.4525 	EXP 	fixation_3: autoDraw = False
219.4525 	EXP 	grid_lines_2: autoDraw = False
219.4525 	EXP 	target_square_2: autoDraw = False
219.4525 	EXP 	fixation_3: autoDraw = False
219.4608 	EXP 	grid_lines_2: autoDraw = True
219.4608 	EXP 	target_square_2: autoDraw = True
220.2371 	EXP 	Device response: <KeyPress from None: t=220.23603700008243, value=space, duration=None>
220.2376 	DATA 	Keypress: space
220.4536 	EXP 	target_square_2: autoDraw = False
220.4618 	EXP 	fixation_3: autoDraw = True
220.4706 	EXP 	Device response: <KeyPress from None: t=220.23603700008243, value=space, duration=0.2263854001648724>
221.4458 	EXP 	New trial (rep=0, index=96): <Trial 96 (96 in rep 0) data={'location': [0.2, 0], 'corrAns': None, 'thisN': 96, 'thisTrialN': 96, 'thisRepN': 0}>
221.4542 	EXP 	grid_lines_2: autoDraw = False
221.4542 	EXP 	fixation_3: autoDraw = False
221.4542 	EXP 	grid_lines_2: autoDraw = False
221.4542 	EXP 	target_square_2: autoDraw = False
221.4542 	EXP 	fixation_3: autoDraw = False
221.4626 	EXP 	grid_lines_2: autoDraw = True
221.4626 	EXP 	target_square_2: autoDraw = True
222.4549 	EXP 	target_square_2: autoDraw = False
222.4636 	EXP 	fixation_3: autoDraw = True
223.4474 	EXP 	New trial (rep=0, index=97): <Trial 97 (97 in rep 0) data={'location': [-0.2, 0], 'corrAns': None, 'thisN': 97, 'thisTrialN': 97, 'thisRepN': 0}>
223.4556 	EXP 	grid_lines_2: autoDraw = False
223.4556 	EXP 	fixation_3: autoDraw = False
223.4556 	EXP 	grid_lines_2: autoDraw = False
223.4556 	EXP 	target_square_2: autoDraw = False
223.4556 	EXP 	fixation_3: autoDraw = False
223.4643 	EXP 	grid_lines_2: autoDraw = True
223.4643 	EXP 	target_square_2: autoDraw = True
224.4570 	EXP 	target_square_2: autoDraw = False
224.4646 	EXP 	fixation_3: autoDraw = True
225.4499 	EXP 	New trial (rep=0, index=98): <Trial 98 (98 in rep 0) data={'location': [-0.2, -0.2], 'corrAns': None, 'thisN': 98, 'thisTrialN': 98, 'thisRepN': 0}>
225.4574 	EXP 	grid_lines_2: autoDraw = False
225.4574 	EXP 	fixation_3: autoDraw = False
225.4574 	EXP 	grid_lines_2: autoDraw = False
225.4574 	EXP 	target_square_2: autoDraw = False
225.4574 	EXP 	fixation_3: autoDraw = False
225.4574 	EXP 	grid_lines_2: autoDraw = True
225.4574 	EXP 	target_square_2: autoDraw = True
226.4499 	EXP 	target_square_2: autoDraw = False
226.4583 	EXP 	fixation_3: autoDraw = True
227.4431 	EXP 	New trial (rep=0, index=99): <Trial 99 (99 in rep 0) data={'location': [0, -0.2], 'corrAns': None, 'thisN': 99, 'thisTrialN': 99, 'thisRepN': 0}>
227.4509 	EXP 	grid_lines_2: autoDraw = False
227.4509 	EXP 	fixation_3: autoDraw = False
227.4509 	EXP 	grid_lines_2: autoDraw = False
227.4509 	EXP 	target_square_2: autoDraw = False
227.4509 	EXP 	fixation_3: autoDraw = False
227.4591 	EXP 	grid_lines_2: autoDraw = True
227.4591 	EXP 	target_square_2: autoDraw = True
228.4516 	EXP 	target_square_2: autoDraw = False
228.4598 	EXP 	fixation_3: autoDraw = True
229.4523 	EXP 	grid_lines_2: autoDraw = False
229.4523 	EXP 	fixation_3: autoDraw = False
229.4523 	EXP 	grid_lines_2: autoDraw = False
229.4523 	EXP 	target_square_2: autoDraw = False
229.4523 	EXP 	fixation_3: autoDraw = False
229.4605 	EXP 	thank_you: autoDraw = True
232.4547 	EXP 	thank_you: autoDraw = False
232.4547 	EXP 	thank_you: autoDraw = False
232.4549 	EXP 	untitled: status = STOPPED
