24.4012 	WARNING 	User requested fullscreen with size [1024  768], but screen is actually [1920, 1200]. Using actual size
24.8079 	EXP 	Created window1 = Window(allowGUI=False, allowStencil=False, autoLog=True, backendConf=UNKNOWN, backgroundFit=<method-wrapper '__getattribute__' of attributeSetter object at 0x000002A4BEA11FF0>, backgroundImage=<method-wrapper '__getattribute__' of attributeSetter object at 0x000002A4BEA11F90>, bitsMode=UNKNOWN, blendMode='avg', bpc=(8, 8, 8), color=array([0, 0, 0]), colorSpace='rgb', depthBits=8, fullscr=True, gamma=None, gammaErrorPolicy='raise', infoMsg=UNKNOWN, lms=UNKNOWN, monitor=<psychopy.monitors.calibTools.Monitor object at 0x000002A4BEAC7A90>, multiSample=False, name='window1', numSamples=2, pos=[np.float64(0.0), np.float64(0.0)], screen=0, size=array([1920, 1200]), stencilBits=0, stereo=False, title='PsychoPy', units='height', useFBO=True, useRetina=False, viewOri=0.0, viewPos=None, viewScale=None, waitBlanking=True, winType='pyglet')
24.8079 	EXP 	window1: backgroundImage = ''
24.8079 	EXP 	window1: backgroundFit = 'none'
25.1169 	EXP 	window1: Attempting to measure frame rate of screen (0) ...
25.1170 	EXP 	window1: recordFrameIntervals = False
25.2693 	EXP 	window1: recordFrameIntervals = True
26.1028 	EXP 	window1: recordFrameIntervals = False
26.1029 	EXP 	Screen (0) actual frame rate measured at 119.95Hz
26.2318 	EXP 	untitled: status = STARTED
26.2948 	EXP 	Created instructions_2 = TextStim(__class__=<class 'psychopy.visual.text.TextStim'>, alignHoriz=method-wrapper(...), alignText='center', alignVert=method-wrapper(...), anchorHoriz='center', anchorVert='center', antialias=True, autoDraw=False, autoLog=True, bold=False, color=array([1., 1., 1.]), colorSpace='rgb', contrast=1.0, depth=0.0, draggable=False, flipHoriz=False, flipVert=False, font='Arial', fontFiles=[], height=np.float64(0.05), italic=False, languageStyle='LTR', name='instructions_2', opacity=1, ori=0, pos=array([0., 0.]), rgb=UNKNOWN, text=str(...), units='height', win=Window(...), wrapWidth=1)
26.2978 	EXP 	Created fixation_1 = TextStim(__class__=<class 'psychopy.visual.text.TextStim'>, alignHoriz=method-wrapper(...), alignText='center', alignVert=method-wrapper(...), anchorHoriz='center', anchorVert='center', antialias=True, autoDraw=False, autoLog=True, bold=False, color=array([1., 1., 1.]), colorSpace='rgb', contrast=1.0, depth=0.0, draggable=False, flipHoriz=False, flipVert=False, font='Arial', fontFiles=[], height=np.float64(0.05), italic=False, languageStyle='LTR', name='fixation_1', opacity=1, ori=0, pos=array([0., 0.]), rgb=UNKNOWN, text='+', units='height', win=Window(...), wrapWidth=1)
26.2985 	WARNING 	Requested image 'grid' not found but similar filename 'grid.png' exists. This will be used instead but changing the filename is advised.
26.3353 	EXP 	Created grid_lines_2 = ImageStim(__class__=<class 'psychopy.visual.image.ImageStim'>, anchor=('center', 'center'), autoLog=True, color=array([1., 1., 1.]), colorSpace='rgb', contrast=1.0, depth=0.0, draggable=False, flipHoriz=np.False_, flipVert=np.False_, image='grid', interpolate=True, mask=None, maskParams=None, name='grid_lines_2', opacity=1, ori=0.0, pos=array([0., 0.]), size=array([0.6, 0.6]), texRes=128, units='height', win=Window(...))
26.3367 	EXP 	Created target_square_2 = Rect(__class__=<class 'psychopy.visual.rect.Rect'>, anchor=('center', 'center'), autoDraw=False, autoLog=True, closeShape=True, color=method-wrapper(...), colorSpace='rgb', contrast=None, depth=-1.0, draggable=False, fillColor=array([1., 1., 1.]), fillColorSpace='rgb', fillRGB=array([1., 1., 1.]), interpolate=True, lineColor=array([0., 0., 0.]), lineColorSpace='rgb', lineRGB=array([0, 0, 0]), lineWidth=1, name='target_square_2', opacity=1, ori=0.0, pos=array([0., 0.]), size=array([0.15, 0.15]), units='height', vertices=ndarray(...), win=Window(...))
26.3388 	EXP 	Created fixation_3 = TextStim(__class__=<class 'psychopy.visual.text.TextStim'>, alignHoriz=method-wrapper(...), alignText='center', alignVert=method-wrapper(...), anchorHoriz='center', anchorVert='center', antialias=True, autoDraw=False, autoLog=True, bold=False, color=array([1., 1., 1.]), colorSpace='rgb', contrast=1.0, depth=-2.0, draggable=False, flipHoriz=False, flipVert=False, font='Arial', fontFiles=[], height=np.float64(0.05), italic=False, languageStyle='LTR', name='fixation_3', opacity=1, ori=0, pos=array([0., 0.]), rgb=UNKNOWN, text='+', units='height', win=Window(...), wrapWidth=1)
26.3970 	EXP 	Created thank_you = TextStim(__class__=<class 'psychopy.visual.text.TextStim'>, alignHoriz=method-wrapper(...), alignText='center', alignVert=method-wrapper(...), anchorHoriz='center', anchorVert='center', antialias=True, autoDraw=False, autoLog=True, bold=False, color=array([1., 1., 1.]), colorSpace='rgb', contrast=1.0, depth=0.0, draggable=False, flipHoriz=False, flipVert=False, font='Arial', fontFiles=[], height=np.float64(0.1), italic=False, languageStyle='LTR', name='thank_you', opacity=1, ori=0, pos=array([0., 0.]), rgb=UNKNOWN, text=str(...), units='height', win=Window(...), wrapWidth=1)
0.0158 	EXP 	instructions_2: autoDraw = True
9.4005 	DATA 	Mouse: Left button down, pos=(1120,783)
9.4013 	DATA 	Mouse:  Left button up, pos=(1120,783)
9.9496 	EXP 	Device response: <KeyPress from None: t=9.935878499876708, value=space, duration=None>
9.9519 	DATA 	Keypress: space
9.9558 	EXP 	instructions_2: autoDraw = False
9.9558 	EXP 	fixation_1: autoDraw = True
9.9979 	EXP 	Device response: <KeyPress from None: t=9.935878499876708, value=space, duration=0.056137300096452236>
10.9564 	EXP 	Imported trial_2.xlsx as conditions, 100 conditions, 2 params
10.9584 	EXP 	New trial (rep=0, index=0): <Trial 0 (0 in rep 0) data={'location': [0, 0], 'corrAns': None, 'thisN': 0, 'thisTrialN': 0, 'thisRepN': 0}>
10.9693 	EXP 	fixation_1: autoDraw = False
10.9693 	EXP 	fixation_1: autoDraw = False
10.9693 	EXP 	grid_lines_2: autoDraw = True
10.9693 	EXP 	target_square_2: autoDraw = True
11.9407 	EXP 	fixation_3: autoDraw = True
11.9660 	EXP 	target_square_2: autoDraw = False
12.9326 	EXP 	fixation_3: autoDraw = False
12.9502 	EXP 	New trial (rep=0, index=1): <Trial 1 (1 in rep 0) data={'location': [0.2, 0], 'corrAns': None, 'thisN': 1, 'thisTrialN': 1, 'thisRepN': 0}>
12.9580 	EXP 	grid_lines_2: autoDraw = False
12.9580 	EXP 	target_square_2: autoDraw = False
12.9580 	EXP 	fixation_3: autoDraw = False
12.9580 	EXP 	grid_lines_2: autoDraw = True
12.9580 	EXP 	target_square_2: autoDraw = True
13.9421 	EXP 	fixation_3: autoDraw = True
13.9504 	EXP 	target_square_2: autoDraw = False
14.9344 	EXP 	fixation_3: autoDraw = False
14.9435 	EXP 	New trial (rep=0, index=2): <Trial 2 (2 in rep 0) data={'location': [-0.2, 0.2], 'corrAns': None, 'thisN': 2, 'thisTrialN': 2, 'thisRepN': 0}>
14.9510 	EXP 	grid_lines_2: autoDraw = False
14.9510 	EXP 	grid_lines_2: autoDraw = False
14.9510 	EXP 	target_square_2: autoDraw = False
14.9510 	EXP 	fixation_3: autoDraw = False
14.9510 	EXP 	grid_lines_2: autoDraw = True
14.9510 	EXP 	target_square_2: autoDraw = True
15.9436 	EXP 	target_square_2: autoDraw = False
15.9436 	EXP 	fixation_3: autoDraw = True
16.9358 	EXP 	fixation_3: autoDraw = False
16.9362 	EXP 	New trial (rep=0, index=3): <Trial 3 (3 in rep 0) data={'location': [-0.2, 0], 'corrAns': None, 'thisN': 3, 'thisTrialN': 3, 'thisRepN': 0}>
16.9442 	EXP 	grid_lines_2: autoDraw = False
16.9442 	EXP 	grid_lines_2: autoDraw = False
16.9442 	EXP 	target_square_2: autoDraw = False
16.9442 	EXP 	fixation_3: autoDraw = False
16.9442 	EXP 	grid_lines_2: autoDraw = True
16.9442 	EXP 	target_square_2: autoDraw = True
17.9367 	EXP 	target_square_2: autoDraw = False
17.9449 	EXP 	fixation_3: autoDraw = True
18.9301 	EXP 	New trial (rep=0, index=4): <Trial 4 (4 in rep 0) data={'location': [-0.2, 0.2], 'corrAns': 'space', 'thisN': 4, 'thisTrialN': 4, 'thisRepN': 0}>
18.9374 	EXP 	grid_lines_2: autoDraw = False
18.9374 	EXP 	fixation_3: autoDraw = False
18.9374 	EXP 	grid_lines_2: autoDraw = False
18.9374 	EXP 	target_square_2: autoDraw = False
18.9374 	EXP 	fixation_3: autoDraw = False
18.9466 	EXP 	grid_lines_2: autoDraw = True
18.9466 	EXP 	target_square_2: autoDraw = True
19.9389 	EXP 	target_square_2: autoDraw = False
19.9472 	EXP 	fixation_3: autoDraw = True
20.9311 	EXP 	New trial (rep=0, index=5): <Trial 5 (5 in rep 0) data={'location': [0.2, -0.2], 'corrAns': None, 'thisN': 5, 'thisTrialN': 5, 'thisRepN': 0}>
20.9391 	EXP 	grid_lines_2: autoDraw = False
20.9391 	EXP 	fixation_3: autoDraw = False
20.9391 	EXP 	grid_lines_2: autoDraw = False
20.9391 	EXP 	target_square_2: autoDraw = False
20.9391 	EXP 	fixation_3: autoDraw = False
20.9474 	EXP 	grid_lines_2: autoDraw = True
20.9474 	EXP 	target_square_2: autoDraw = True
21.9399 	EXP 	target_square_2: autoDraw = False
21.9399 	EXP 	fixation_3: autoDraw = True
22.9330 	EXP 	fixation_3: autoDraw = False
22.9334 	EXP 	New trial (rep=0, index=6): <Trial 6 (6 in rep 0) data={'location': [0, -0.2], 'corrAns': None, 'thisN': 6, 'thisTrialN': 6, 'thisRepN': 0}>
22.9411 	EXP 	grid_lines_2: autoDraw = False
22.9411 	EXP 	grid_lines_2: autoDraw = False
22.9411 	EXP 	target_square_2: autoDraw = False
22.9411 	EXP 	fixation_3: autoDraw = False
22.9411 	EXP 	grid_lines_2: autoDraw = True
22.9411 	EXP 	target_square_2: autoDraw = True
23.9334 	EXP 	target_square_2: autoDraw = False
23.9418 	EXP 	fixation_3: autoDraw = True
24.9260 	EXP 	New trial (rep=0, index=7): <Trial 7 (7 in rep 0) data={'location': [0.2, 0.2], 'corrAns': None, 'thisN': 7, 'thisTrialN': 7, 'thisRepN': 0}>
24.9339 	EXP 	grid_lines_2: autoDraw = False
24.9339 	EXP 	fixation_3: autoDraw = False
24.9339 	EXP 	grid_lines_2: autoDraw = False
24.9339 	EXP 	target_square_2: autoDraw = False
24.9339 	EXP 	fixation_3: autoDraw = False
24.9424 	EXP 	grid_lines_2: autoDraw = True
24.9424 	EXP 	target_square_2: autoDraw = True
25.9348 	EXP 	target_square_2: autoDraw = False
25.9433 	EXP 	fixation_3: autoDraw = True
26.9276 	EXP 	New trial (rep=0, index=8): <Trial 8 (8 in rep 0) data={'location': [0, -0.2], 'corrAns': 'space', 'thisN': 8, 'thisTrialN': 8, 'thisRepN': 0}>
26.9356 	EXP 	grid_lines_2: autoDraw = False
26.9356 	EXP 	fixation_3: autoDraw = False
26.9356 	EXP 	grid_lines_2: autoDraw = False
26.9356 	EXP 	target_square_2: autoDraw = False
26.9356 	EXP 	fixation_3: autoDraw = False
26.9439 	EXP 	grid_lines_2: autoDraw = True
26.9439 	EXP 	target_square_2: autoDraw = True
27.9363 	EXP 	target_square_2: autoDraw = False
27.9447 	EXP 	fixation_3: autoDraw = True
28.9299 	EXP 	New trial (rep=0, index=9): <Trial 9 (9 in rep 0) data={'location': [0.2, 0.2], 'corrAns': 'space', 'thisN': 9, 'thisTrialN': 9, 'thisRepN': 0}>
28.9371 	EXP 	grid_lines_2: autoDraw = False
28.9371 	EXP 	fixation_3: autoDraw = False
28.9371 	EXP 	grid_lines_2: autoDraw = False
28.9371 	EXP 	target_square_2: autoDraw = False
28.9371 	EXP 	fixation_3: autoDraw = False
28.9455 	EXP 	grid_lines_2: autoDraw = True
28.9455 	EXP 	target_square_2: autoDraw = True
29.9384 	EXP 	target_square_2: autoDraw = False
29.9461 	EXP 	fixation_3: autoDraw = True
30.9309 	EXP 	New trial (rep=0, index=10): <Trial 10 (10 in rep 0) data={'location': [0.2, 0], 'corrAns': None, 'thisN': 10, 'thisTrialN': 10, 'thisRepN': 0}>
30.9390 	EXP 	grid_lines_2: autoDraw = False
30.9390 	EXP 	fixation_3: autoDraw = False
30.9390 	EXP 	grid_lines_2: autoDraw = False
30.9390 	EXP 	target_square_2: autoDraw = False
30.9390 	EXP 	fixation_3: autoDraw = False
30.9473 	EXP 	grid_lines_2: autoDraw = True
30.9473 	EXP 	target_square_2: autoDraw = True
31.9397 	EXP 	target_square_2: autoDraw = False
31.9480 	EXP 	fixation_3: autoDraw = True
32.9332 	EXP 	New trial (rep=0, index=11): <Trial 11 (11 in rep 0) data={'location': [0, 0], 'corrAns': None, 'thisN': 11, 'thisTrialN': 11, 'thisRepN': 0}>
32.9404 	EXP 	grid_lines_2: autoDraw = False
32.9404 	EXP 	fixation_3: autoDraw = False
32.9404 	EXP 	grid_lines_2: autoDraw = False
32.9404 	EXP 	target_square_2: autoDraw = False
32.9404 	EXP 	fixation_3: autoDraw = False
32.9404 	EXP 	grid_lines_2: autoDraw = True
32.9404 	EXP 	target_square_2: autoDraw = True
33.9329 	EXP 	target_square_2: autoDraw = False
33.9412 	EXP 	fixation_3: autoDraw = True
34.9257 	EXP 	New trial (rep=0, index=12): <Trial 12 (12 in rep 0) data={'location': [0.2, -0.2], 'corrAns': None, 'thisN': 12, 'thisTrialN': 12, 'thisRepN': 0}>
34.9337 	EXP 	grid_lines_2: autoDraw = False
34.9337 	EXP 	fixation_3: autoDraw = False
34.9337 	EXP 	grid_lines_2: autoDraw = False
34.9337 	EXP 	target_square_2: autoDraw = False
34.9337 	EXP 	fixation_3: autoDraw = False
34.9420 	EXP 	grid_lines_2: autoDraw = True
34.9420 	EXP 	target_square_2: autoDraw = True
35.9346 	EXP 	target_square_2: autoDraw = False
35.9428 	EXP 	fixation_3: autoDraw = True
36.9272 	EXP 	New trial (rep=0, index=13): <Trial 13 (13 in rep 0) data={'location': [-0.2, -0.2], 'corrAns': None, 'thisN': 13, 'thisTrialN': 13, 'thisRepN': 0}>
36.9354 	EXP 	grid_lines_2: autoDraw = False
36.9354 	EXP 	fixation_3: autoDraw = False
36.9354 	EXP 	grid_lines_2: autoDraw = False
36.9354 	EXP 	target_square_2: autoDraw = False
36.9354 	EXP 	fixation_3: autoDraw = False
36.9437 	EXP 	grid_lines_2: autoDraw = True
36.9437 	EXP 	target_square_2: autoDraw = True
37.9528 	EXP 	target_square_2: autoDraw = False
37.9528 	EXP 	fixation_3: autoDraw = True
38.9367 	EXP 	grid_lines_2: autoDraw = False
38.9371 	EXP 	New trial (rep=0, index=14): <Trial 14 (14 in rep 0) data={'location': [0.2, -0.2], 'corrAns': 'space', 'thisN': 14, 'thisTrialN': 14, 'thisRepN': 0}>
38.9453 	EXP 	fixation_3: autoDraw = False
38.9453 	EXP 	grid_lines_2: autoDraw = False
38.9453 	EXP 	target_square_2: autoDraw = False
38.9453 	EXP 	fixation_3: autoDraw = False
38.9453 	EXP 	grid_lines_2: autoDraw = True
38.9453 	EXP 	target_square_2: autoDraw = True
39.9376 	EXP 	target_square_2: autoDraw = False
39.9461 	EXP 	fixation_3: autoDraw = True
40.9323 	EXP 	New trial (rep=0, index=15): <Trial 15 (15 in rep 0) data={'location': [0, 0.2], 'corrAns': None, 'thisN': 15, 'thisTrialN': 15, 'thisRepN': 0}>
40.9384 	EXP 	grid_lines_2: autoDraw = False
40.9384 	EXP 	fixation_3: autoDraw = False
40.9384 	EXP 	grid_lines_2: autoDraw = False
40.9384 	EXP 	target_square_2: autoDraw = False
40.9384 	EXP 	fixation_3: autoDraw = False
40.9473 	EXP 	grid_lines_2: autoDraw = True
40.9473 	EXP 	target_square_2: autoDraw = True
41.9392 	EXP 	target_square_2: autoDraw = False
41.9476 	EXP 	fixation_3: autoDraw = True
42.9336 	EXP 	New trial (rep=0, index=16): <Trial 16 (16 in rep 0) data={'location': [0.2, 0.2], 'corrAns': None, 'thisN': 16, 'thisTrialN': 16, 'thisRepN': 0}>
42.9411 	EXP 	grid_lines_2: autoDraw = False
42.9411 	EXP 	fixation_3: autoDraw = False
42.9411 	EXP 	grid_lines_2: autoDraw = False
42.9411 	EXP 	target_square_2: autoDraw = False
42.9411 	EXP 	fixation_3: autoDraw = False
42.9411 	EXP 	grid_lines_2: autoDraw = True
42.9411 	EXP 	target_square_2: autoDraw = True
43.9329 	EXP 	target_square_2: autoDraw = False
43.9408 	EXP 	fixation_3: autoDraw = True
44.9273 	EXP 	New trial (rep=0, index=17): <Trial 17 (17 in rep 0) data={'location': [0, 0], 'corrAns': None, 'thisN': 17, 'thisTrialN': 17, 'thisRepN': 0}>
44.9338 	EXP 	grid_lines_2: autoDraw = False
44.9338 	EXP 	fixation_3: autoDraw = False
44.9338 	EXP 	grid_lines_2: autoDraw = False
44.9338 	EXP 	target_square_2: autoDraw = False
44.9338 	EXP 	fixation_3: autoDraw = False
44.9417 	EXP 	grid_lines_2: autoDraw = True
44.9417 	EXP 	target_square_2: autoDraw = True
45.9348 	EXP 	target_square_2: autoDraw = False
45.9431 	EXP 	fixation_3: autoDraw = True
46.9270 	EXP 	New trial (rep=0, index=18): <Trial 18 (18 in rep 0) data={'location': [0, -0.2], 'corrAns': None, 'thisN': 18, 'thisTrialN': 18, 'thisRepN': 0}>
46.9350 	EXP 	grid_lines_2: autoDraw = False
46.9350 	EXP 	fixation_3: autoDraw = False
46.9350 	EXP 	grid_lines_2: autoDraw = False
46.9350 	EXP 	target_square_2: autoDraw = False
46.9350 	EXP 	fixation_3: autoDraw = False
46.9446 	EXP 	grid_lines_2: autoDraw = True
46.9446 	EXP 	target_square_2: autoDraw = True
47.9359 	EXP 	target_square_2: autoDraw = False
47.9443 	EXP 	fixation_3: autoDraw = True
48.9287 	EXP 	New trial (rep=0, index=19): <Trial 19 (19 in rep 0) data={'location': [0.2, 0], 'corrAns': None, 'thisN': 19, 'thisTrialN': 19, 'thisRepN': 0}>
48.9366 	EXP 	grid_lines_2: autoDraw = False
48.9366 	EXP 	fixation_3: autoDraw = False
48.9366 	EXP 	grid_lines_2: autoDraw = False
48.9366 	EXP 	target_square_2: autoDraw = False
48.9366 	EXP 	fixation_3: autoDraw = False
48.9449 	EXP 	grid_lines_2: autoDraw = True
48.9449 	EXP 	target_square_2: autoDraw = True
49.9376 	EXP 	target_square_2: autoDraw = False
49.9458 	EXP 	fixation_3: autoDraw = True
50.9302 	EXP 	New trial (rep=0, index=20): <Trial 20 (20 in rep 0) data={'location': [0, -0.2], 'corrAns': 'space', 'thisN': 20, 'thisTrialN': 20, 'thisRepN': 0}>
50.9381 	EXP 	grid_lines_2: autoDraw = False
50.9381 	EXP 	fixation_3: autoDraw = False
50.9381 	EXP 	grid_lines_2: autoDraw = False
50.9381 	EXP 	target_square_2: autoDraw = False
50.9381 	EXP 	fixation_3: autoDraw = False
50.9465 	EXP 	grid_lines_2: autoDraw = True
50.9465 	EXP 	target_square_2: autoDraw = True
51.9391 	EXP 	target_square_2: autoDraw = False
51.9475 	EXP 	fixation_3: autoDraw = True
52.8741 	DATA 	Keypress: lctrl
52.9321 	EXP 	New trial (rep=0, index=21): <Trial 21 (21 in rep 0) data={'location': [-0.2, 0.2], 'corrAns': None, 'thisN': 21, 'thisTrialN': 21, 'thisRepN': 0}>
52.9399 	EXP 	grid_lines_2: autoDraw = False
52.9399 	EXP 	fixation_3: autoDraw = False
52.9399 	EXP 	grid_lines_2: autoDraw = False
52.9399 	EXP 	target_square_2: autoDraw = False
52.9399 	EXP 	fixation_3: autoDraw = False
52.9483 	EXP 	grid_lines_2: autoDraw = True
52.9483 	EXP 	target_square_2: autoDraw = True
53.9412 	EXP 	target_square_2: autoDraw = False
53.9504 	EXP 	fixation_3: autoDraw = True
54.9336 	EXP 	New trial (rep=0, index=22): <Trial 22 (22 in rep 0) data={'location': [0.2, -0.2], 'corrAns': None, 'thisN': 22, 'thisTrialN': 22, 'thisRepN': 0}>
54.9415 	EXP 	grid_lines_2: autoDraw = False
54.9415 	EXP 	fixation_3: autoDraw = False
54.9415 	EXP 	grid_lines_2: autoDraw = False
54.9415 	EXP 	target_square_2: autoDraw = False
54.9415 	EXP 	fixation_3: autoDraw = False
54.9415 	EXP 	grid_lines_2: autoDraw = True
54.9415 	EXP 	target_square_2: autoDraw = True
55.9342 	EXP 	target_square_2: autoDraw = False
55.9422 	EXP 	fixation_3: autoDraw = True
56.9269 	EXP 	New trial (rep=0, index=23): <Trial 23 (23 in rep 0) data={'location': [-0.2, 0.2], 'corrAns': 'space', 'thisN': 23, 'thisTrialN': 23, 'thisRepN': 0}>
56.9348 	EXP 	grid_lines_2: autoDraw = False
56.9348 	EXP 	fixation_3: autoDraw = False
56.9348 	EXP 	grid_lines_2: autoDraw = False
56.9348 	EXP 	target_square_2: autoDraw = False
56.9348 	EXP 	fixation_3: autoDraw = False
56.9431 	EXP 	grid_lines_2: autoDraw = True
56.9431 	EXP 	target_square_2: autoDraw = True
57.9357 	EXP 	target_square_2: autoDraw = False
57.9439 	EXP 	fixation_3: autoDraw = True
58.9285 	EXP 	New trial (rep=0, index=24): <Trial 24 (24 in rep 0) data={'location': [0, 0], 'corrAns': None, 'thisN': 24, 'thisTrialN': 24, 'thisRepN': 0}>
58.9363 	EXP 	grid_lines_2: autoDraw = False
58.9363 	EXP 	fixation_3: autoDraw = False
58.9363 	EXP 	grid_lines_2: autoDraw = False
58.9363 	EXP 	target_square_2: autoDraw = False
58.9363 	EXP 	fixation_3: autoDraw = False
58.9445 	EXP 	grid_lines_2: autoDraw = True
58.9445 	EXP 	target_square_2: autoDraw = True
59.9372 	EXP 	target_square_2: autoDraw = False
59.9455 	EXP 	fixation_3: autoDraw = True
60.9301 	EXP 	New trial (rep=0, index=25): <Trial 25 (25 in rep 0) data={'location': [0.2, 0.2], 'corrAns': None, 'thisN': 25, 'thisTrialN': 25, 'thisRepN': 0}>
60.9380 	EXP 	grid_lines_2: autoDraw = False
60.9380 	EXP 	fixation_3: autoDraw = False
60.9380 	EXP 	grid_lines_2: autoDraw = False
60.9380 	EXP 	target_square_2: autoDraw = False
60.9380 	EXP 	fixation_3: autoDraw = False
60.9464 	EXP 	grid_lines_2: autoDraw = True
60.9464 	EXP 	target_square_2: autoDraw = True
61.9388 	EXP 	target_square_2: autoDraw = False
61.9471 	EXP 	fixation_3: autoDraw = True
62.9316 	EXP 	New trial (rep=0, index=26): <Trial 26 (26 in rep 0) data={'location': [-0.2, -0.2], 'corrAns': None, 'thisN': 26, 'thisTrialN': 26, 'thisRepN': 0}>
62.9396 	EXP 	grid_lines_2: autoDraw = False
62.9396 	EXP 	fixation_3: autoDraw = False
62.9396 	EXP 	grid_lines_2: autoDraw = False
62.9396 	EXP 	target_square_2: autoDraw = False
62.9396 	EXP 	fixation_3: autoDraw = False
62.9481 	EXP 	grid_lines_2: autoDraw = True
62.9481 	EXP 	target_square_2: autoDraw = True
63.9404 	EXP 	target_square_2: autoDraw = False
63.9488 	EXP 	fixation_3: autoDraw = True
64.9335 	EXP 	New trial (rep=0, index=27): <Trial 27 (27 in rep 0) data={'location': [0.2, 0], 'corrAns': None, 'thisN': 27, 'thisTrialN': 27, 'thisRepN': 0}>
64.9413 	EXP 	grid_lines_2: autoDraw = False
64.9413 	EXP 	fixation_3: autoDraw = False
64.9413 	EXP 	grid_lines_2: autoDraw = False
64.9413 	EXP 	target_square_2: autoDraw = False
64.9413 	EXP 	fixation_3: autoDraw = False
64.9413 	EXP 	grid_lines_2: autoDraw = True
64.9413 	EXP 	target_square_2: autoDraw = True
65.2868 	EXP 	untitled: status = STOPPED
65.2916 	EXP 	grid_lines_2: autoDraw = False
65.2916 	EXP 	target_square_2: autoDraw = False
65.2923 	EXP 	untitled: status = STOPPED
