6.9318 	WARNING 	User requested fullscreen with size [1024  768], but screen is actually [1920, 1200]. Using actual size
7.5998 	EXP 	Created window1 = Window(allowGUI=False, allowStencil=False, autoLog=True, backendConf=UNKNOWN, backgroundFit=<method-wrapper '__getattribute__' of attributeSetter object at 0x0000018F4BE44FA0>, backgroundImage=<method-wrapper '__getattribute__' of attributeSetter object at 0x0000018F4BE44F40>, bitsMode=UNKNOWN, blendMode='avg', bpc=(8, 8, 8), color=array([0, 0, 0]), colorSpace='rgb', depthBits=8, fullscr=True, gamma=None, gammaErrorPolicy='raise', infoMsg=UNKNOWN, lms=UNKNOWN, monitor=<psychopy.monitors.calibTools.Monitor object at 0x0000018F4BEFAA40>, multiSample=False, name='window1', numSamples=2, pos=[np.float64(0.0), np.float64(0.0)], screen=0, size=array([1920, 1200]), stencilBits=0, stereo=False, title='PsychoPy', units='height', useFBO=True, useRetina=False, viewOri=0.0, viewPos=None, viewScale=None, waitBlanking=True, winType='pyglet')
7.5999 	EXP 	window1: backgroundImage = ''
7.5999 	EXP 	window1: backgroundFit = 'none'
7.9233 	EXP 	window1: Attempting to measure frame rate of screen (0) ...
7.9234 	EXP 	window1: recordFrameIntervals = False
8.0651 	EXP 	window1: recordFrameIntervals = True
8.8993 	EXP 	window1: recordFrameIntervals = False
8.8994 	EXP 	Screen (0) actual frame rate measured at 119.63Hz
9.0568 	EXP 	untitled: status = STARTED
9.1631 	EXP 	Created instructions_2 = TextStim(__class__=<class 'psychopy.visual.text.TextStim'>, alignHoriz=method-wrapper(...), alignText='center', alignVert=method-wrapper(...), anchorHoriz='center', anchorVert='center', antialias=True, autoDraw=False, autoLog=True, bold=False, color=array([1., 1., 1.]), colorSpace='rgb', contrast=1.0, depth=0.0, draggable=False, flipHoriz=False, flipVert=False, font='Arial', fontFiles=[], height=np.float64(0.05), italic=False, languageStyle='LTR', name='instructions_2', opacity=1, ori=0, pos=array([0., 0.]), rgb=UNKNOWN, text=str(...), units='height', win=Window(...), wrapWidth=1)
9.1657 	EXP 	Created fixation_1 = TextStim(__class__=<class 'psychopy.visual.text.TextStim'>, alignHoriz=method-wrapper(...), alignText='center', alignVert=method-wrapper(...), anchorHoriz='center', anchorVert='center', antialias=True, autoDraw=False, autoLog=True, bold=False, color=array([1., 1., 1.]), colorSpace='rgb', contrast=1.0, depth=0.0, draggable=False, flipHoriz=False, flipVert=False, font='Arial', fontFiles=[], height=np.float64(0.05), italic=False, languageStyle='LTR', name='fixation_1', opacity=1, ori=0, pos=array([0., 0.]), rgb=UNKNOWN, text='+', units='height', win=Window(...), wrapWidth=1)
9.1663 	WARNING 	Requested image 'grid' not found but similar filename 'grid.png' exists. This will be used instead but changing the filename is advised.
9.2195 	EXP 	Created grid_lines_2 = ImageStim(__class__=<class 'psychopy.visual.image.ImageStim'>, anchor=('center', 'center'), autoLog=True, color=array([1., 1., 1.]), colorSpace='rgb', contrast=1.0, depth=0.0, draggable=False, flipHoriz=np.False_, flipVert=np.False_, image='grid', interpolate=True, mask=None, maskParams=None, name='grid_lines_2', opacity=1, ori=0.0, pos=array([0., 0.]), size=array([0.6, 0.6]), texRes=128, units='height', win=Window(...))
9.2208 	EXP 	Created target_square_2 = Rect(__class__=<class 'psychopy.visual.rect.Rect'>, anchor=('center', 'center'), autoDraw=False, autoLog=True, closeShape=True, color=method-wrapper(...), colorSpace='rgb', contrast=None, depth=-1.0, draggable=False, fillColor=array([1., 1., 1.]), fillColorSpace='rgb', fillRGB=array([1., 1., 1.]), interpolate=True, lineColor=array([0., 0., 0.]), lineColorSpace='rgb', lineRGB=array([0, 0, 0]), lineWidth=1, name='target_square_2', opacity=1, ori=0.0, pos=array([0., 0.]), size=array([0.15, 0.15]), units='height', vertices=ndarray(...), win=Window(...))
9.2252 	EXP 	Created fixation_3 = TextStim(__class__=<class 'psychopy.visual.text.TextStim'>, alignHoriz=method-wrapper(...), alignText='center', alignVert=method-wrapper(...), anchorHoriz='center', anchorVert='center', antialias=True, autoDraw=False, autoLog=True, bold=False, color=array([1., 1., 1.]), colorSpace='rgb', contrast=1.0, depth=-2.0, draggable=False, flipHoriz=False, flipVert=False, font='Arial', fontFiles=[], height=np.float64(0.05), italic=False, languageStyle='LTR', name='fixation_3', opacity=1, ori=0, pos=array([0., 0.]), rgb=UNKNOWN, text='+', units='height', win=Window(...), wrapWidth=1)
9.3046 	EXP 	Created thank_you = TextStim(__class__=<class 'psychopy.visual.text.TextStim'>, alignHoriz=method-wrapper(...), alignText='center', alignVert=method-wrapper(...), anchorHoriz='center', anchorVert='center', antialias=True, autoDraw=False, autoLog=True, bold=False, color=array([1., 1., 1.]), colorSpace='rgb', contrast=1.0, depth=0.0, draggable=False, flipHoriz=False, flipVert=False, font='Arial', fontFiles=[], height=np.float64(0.1), italic=False, languageStyle='LTR', name='thank_you', opacity=1, ori=0, pos=array([0., 0.]), rgb=UNKNOWN, text=str(...), units='height', win=Window(...), wrapWidth=1)
0.0123 	EXP 	instructions_2: autoDraw = True
111.4017 	DATA 	Mouse: Left button down, pos=(1729,577)
111.4032 	DATA 	Mouse:  Left button up, pos=(1729,577)
112.5460 	DATA 	Mouse: Left button down, pos=(1733,579)
112.5462 	DATA 	Mouse:  Left button up, pos=(1733,579)
113.7033 	EXP 	Device response: <KeyPress from None: t=113.69647119985893, value=space, duration=None>
113.7049 	DATA 	Keypress: space
113.7105 	EXP 	instructions_2: autoDraw = False
113.7105 	EXP 	fixation_1: autoDraw = True
113.8280 	EXP 	Device response: <KeyPress from None: t=113.69647119985893, value=space, duration=0.13087530015036464>
114.7030 	EXP 	Imported trial_2.xlsx as conditions, 100 conditions, 2 params
114.7046 	EXP 	New trial (rep=0, index=0): <Trial 0 (0 in rep 0) data={'location': [0, 0], 'corrAns': None, 'thisN': 0, 'thisTrialN': 0, 'thisRepN': 0}>
114.7148 	EXP 	fixation_1: autoDraw = False
114.7148 	EXP 	fixation_1: autoDraw = False
114.7148 	EXP 	grid_lines_2: autoDraw = True
114.7148 	EXP 	target_square_2: autoDraw = True
115.6965 	EXP 	fixation_3: autoDraw = True
115.7131 	EXP 	target_square_2: autoDraw = False
116.6880 	EXP 	fixation_3: autoDraw = False
116.7055 	EXP 	New trial (rep=0, index=1): <Trial 1 (1 in rep 0) data={'location': [0.2, 0], 'corrAns': None, 'thisN': 1, 'thisTrialN': 1, 'thisRepN': 0}>
116.7137 	EXP 	grid_lines_2: autoDraw = False
116.7137 	EXP 	target_square_2: autoDraw = False
116.7137 	EXP 	fixation_3: autoDraw = False
116.7137 	EXP 	grid_lines_2: autoDraw = True
116.7137 	EXP 	target_square_2: autoDraw = True
117.6980 	EXP 	fixation_3: autoDraw = True
117.7062 	EXP 	target_square_2: autoDraw = False
118.6901 	EXP 	fixation_3: autoDraw = False
118.6989 	EXP 	New trial (rep=0, index=2): <Trial 2 (2 in rep 0) data={'location': [-0.2, 0.2], 'corrAns': None, 'thisN': 2, 'thisTrialN': 2, 'thisRepN': 0}>
118.7064 	EXP 	grid_lines_2: autoDraw = False
118.7064 	EXP 	grid_lines_2: autoDraw = False
118.7064 	EXP 	target_square_2: autoDraw = False
118.7064 	EXP 	fixation_3: autoDraw = False
118.7064 	EXP 	grid_lines_2: autoDraw = True
118.7064 	EXP 	target_square_2: autoDraw = True
119.7000 	EXP 	target_square_2: autoDraw = False
119.7000 	EXP 	fixation_3: autoDraw = True
120.6919 	EXP 	fixation_3: autoDraw = False
120.6922 	EXP 	New trial (rep=0, index=3): <Trial 3 (3 in rep 0) data={'location': [-0.2, 0], 'corrAns': None, 'thisN': 3, 'thisTrialN': 3, 'thisRepN': 0}>
120.6999 	EXP 	grid_lines_2: autoDraw = False
120.6999 	EXP 	grid_lines_2: autoDraw = False
120.6999 	EXP 	target_square_2: autoDraw = False
120.6999 	EXP 	fixation_3: autoDraw = False
120.6999 	EXP 	grid_lines_2: autoDraw = True
120.6999 	EXP 	target_square_2: autoDraw = True
121.6928 	EXP 	target_square_2: autoDraw = False
121.7013 	EXP 	fixation_3: autoDraw = True
122.6855 	EXP 	New trial (rep=0, index=4): <Trial 4 (4 in rep 0) data={'location': [-0.2, 0.2], 'corrAns': 'space', 'thisN': 4, 'thisTrialN': 4, 'thisRepN': 0}>
122.6938 	EXP 	grid_lines_2: autoDraw = False
122.6938 	EXP 	fixation_3: autoDraw = False
122.6938 	EXP 	grid_lines_2: autoDraw = False
122.6938 	EXP 	target_square_2: autoDraw = False
122.6938 	EXP 	fixation_3: autoDraw = False
122.7018 	EXP 	grid_lines_2: autoDraw = True
122.7018 	EXP 	target_square_2: autoDraw = True
123.3105 	EXP 	Device response: <KeyPress from None: t=123.30668519996107, value=space, duration=None>
123.3110 	DATA 	Keypress: space
123.4939 	EXP 	Device response: <KeyPress from None: t=123.30668519996107, value=space, duration=0.18266199994832277>
123.6948 	EXP 	target_square_2: autoDraw = False
123.6948 	EXP 	fixation_3: autoDraw = True
124.6868 	EXP 	fixation_3: autoDraw = False
124.6873 	EXP 	New trial (rep=0, index=5): <Trial 5 (5 in rep 0) data={'location': [0.2, -0.2], 'corrAns': None, 'thisN': 5, 'thisTrialN': 5, 'thisRepN': 0}>
124.6949 	EXP 	grid_lines_2: autoDraw = False
124.6949 	EXP 	grid_lines_2: autoDraw = False
124.6949 	EXP 	target_square_2: autoDraw = False
124.6949 	EXP 	fixation_3: autoDraw = False
124.6949 	EXP 	grid_lines_2: autoDraw = True
124.6949 	EXP 	target_square_2: autoDraw = True
125.6880 	EXP 	target_square_2: autoDraw = False
125.6955 	EXP 	fixation_3: autoDraw = True
126.6807 	EXP 	New trial (rep=0, index=6): <Trial 6 (6 in rep 0) data={'location': [0, -0.2], 'corrAns': None, 'thisN': 6, 'thisTrialN': 6, 'thisRepN': 0}>
126.6884 	EXP 	grid_lines_2: autoDraw = False
126.6884 	EXP 	fixation_3: autoDraw = False
126.6884 	EXP 	grid_lines_2: autoDraw = False
126.6884 	EXP 	target_square_2: autoDraw = False
126.6884 	EXP 	fixation_3: autoDraw = False
126.6965 	EXP 	grid_lines_2: autoDraw = True
126.6965 	EXP 	target_square_2: autoDraw = True
127.6897 	EXP 	target_square_2: autoDraw = False
127.6974 	EXP 	fixation_3: autoDraw = True
128.6821 	EXP 	New trial (rep=0, index=7): <Trial 7 (7 in rep 0) data={'location': [0.2, 0.2], 'corrAns': None, 'thisN': 7, 'thisTrialN': 7, 'thisRepN': 0}>
128.6904 	EXP 	grid_lines_2: autoDraw = False
128.6904 	EXP 	fixation_3: autoDraw = False
128.6904 	EXP 	grid_lines_2: autoDraw = False
128.6904 	EXP 	target_square_2: autoDraw = False
128.6904 	EXP 	fixation_3: autoDraw = False
128.6983 	EXP 	grid_lines_2: autoDraw = True
128.6983 	EXP 	target_square_2: autoDraw = True
129.6916 	EXP 	target_square_2: autoDraw = False
129.6998 	EXP 	fixation_3: autoDraw = True
130.6843 	EXP 	New trial (rep=0, index=8): <Trial 8 (8 in rep 0) data={'location': [0, -0.2], 'corrAns': 'space', 'thisN': 8, 'thisTrialN': 8, 'thisRepN': 0}>
130.6919 	EXP 	grid_lines_2: autoDraw = False
130.6919 	EXP 	fixation_3: autoDraw = False
130.6919 	EXP 	grid_lines_2: autoDraw = False
130.6919 	EXP 	target_square_2: autoDraw = False
130.6919 	EXP 	fixation_3: autoDraw = False
130.6997 	EXP 	grid_lines_2: autoDraw = True
130.6997 	EXP 	target_square_2: autoDraw = True
131.2506 	EXP 	Device response: <KeyPress from None: t=131.24466740014032, value=space, duration=None>
131.2512 	DATA 	Keypress: space
131.4672 	EXP 	Device response: <KeyPress from None: t=131.24466740014032, value=space, duration=0.2176206996664405>
131.6930 	EXP 	target_square_2: autoDraw = False
131.7009 	EXP 	fixation_3: autoDraw = True
132.6854 	EXP 	New trial (rep=0, index=9): <Trial 9 (9 in rep 0) data={'location': [0.2, 0.2], 'corrAns': 'space', 'thisN': 9, 'thisTrialN': 9, 'thisRepN': 0}>
132.6947 	EXP 	grid_lines_2: autoDraw = False
132.6947 	EXP 	fixation_3: autoDraw = False
132.6947 	EXP 	grid_lines_2: autoDraw = False
132.6947 	EXP 	target_square_2: autoDraw = False
132.6947 	EXP 	fixation_3: autoDraw = False
132.7013 	EXP 	grid_lines_2: autoDraw = True
132.7013 	EXP 	target_square_2: autoDraw = True
133.6940 	EXP 	target_square_2: autoDraw = False
133.7019 	EXP 	fixation_3: autoDraw = True
134.6865 	EXP 	New trial (rep=0, index=10): <Trial 10 (10 in rep 0) data={'location': [0.2, 0], 'corrAns': None, 'thisN': 10, 'thisTrialN': 10, 'thisRepN': 0}>
134.6951 	EXP 	grid_lines_2: autoDraw = False
134.6951 	EXP 	fixation_3: autoDraw = False
134.6951 	EXP 	grid_lines_2: autoDraw = False
134.6951 	EXP 	target_square_2: autoDraw = False
134.6951 	EXP 	fixation_3: autoDraw = False
134.6951 	EXP 	grid_lines_2: autoDraw = True
134.6951 	EXP 	target_square_2: autoDraw = True
135.6872 	EXP 	target_square_2: autoDraw = False
135.6958 	EXP 	fixation_3: autoDraw = True
136.6802 	EXP 	New trial (rep=0, index=11): <Trial 11 (11 in rep 0) data={'location': [0, 0], 'corrAns': None, 'thisN': 11, 'thisTrialN': 11, 'thisRepN': 0}>
136.6885 	EXP 	grid_lines_2: autoDraw = False
136.6885 	EXP 	fixation_3: autoDraw = False
136.6885 	EXP 	grid_lines_2: autoDraw = False
136.6885 	EXP 	target_square_2: autoDraw = False
136.6885 	EXP 	fixation_3: autoDraw = False
136.6963 	EXP 	grid_lines_2: autoDraw = True
136.6963 	EXP 	target_square_2: autoDraw = True
137.6889 	EXP 	target_square_2: autoDraw = False
137.6972 	EXP 	fixation_3: autoDraw = True
138.6823 	EXP 	New trial (rep=0, index=12): <Trial 12 (12 in rep 0) data={'location': [0.2, -0.2], 'corrAns': None, 'thisN': 12, 'thisTrialN': 12, 'thisRepN': 0}>
138.6896 	EXP 	grid_lines_2: autoDraw = False
138.6896 	EXP 	fixation_3: autoDraw = False
138.6896 	EXP 	grid_lines_2: autoDraw = False
138.6896 	EXP 	target_square_2: autoDraw = False
138.6896 	EXP 	fixation_3: autoDraw = False
138.6978 	EXP 	grid_lines_2: autoDraw = True
138.6978 	EXP 	target_square_2: autoDraw = True
139.6905 	EXP 	target_square_2: autoDraw = False
139.6989 	EXP 	fixation_3: autoDraw = True
140.6837 	EXP 	New trial (rep=0, index=13): <Trial 13 (13 in rep 0) data={'location': [-0.2, -0.2], 'corrAns': None, 'thisN': 13, 'thisTrialN': 13, 'thisRepN': 0}>
140.6913 	EXP 	grid_lines_2: autoDraw = False
140.6913 	EXP 	fixation_3: autoDraw = False
140.6913 	EXP 	grid_lines_2: autoDraw = False
140.6913 	EXP 	target_square_2: autoDraw = False
140.6913 	EXP 	fixation_3: autoDraw = False
140.6997 	EXP 	grid_lines_2: autoDraw = True
140.6997 	EXP 	target_square_2: autoDraw = True
141.6918 	EXP 	target_square_2: autoDraw = False
141.7004 	EXP 	fixation_3: autoDraw = True
142.6848 	EXP 	New trial (rep=0, index=14): <Trial 14 (14 in rep 0) data={'location': [0.2, -0.2], 'corrAns': 'space', 'thisN': 14, 'thisTrialN': 14, 'thisRepN': 0}>
142.6927 	EXP 	grid_lines_2: autoDraw = False
142.6927 	EXP 	fixation_3: autoDraw = False
142.6927 	EXP 	grid_lines_2: autoDraw = False
142.6927 	EXP 	target_square_2: autoDraw = False
142.6927 	EXP 	fixation_3: autoDraw = False
142.7010 	EXP 	grid_lines_2: autoDraw = True
142.7010 	EXP 	target_square_2: autoDraw = True
143.6938 	EXP 	target_square_2: autoDraw = False
143.7025 	EXP 	fixation_3: autoDraw = True
144.6863 	EXP 	New trial (rep=0, index=15): <Trial 15 (15 in rep 0) data={'location': [0, 0.2], 'corrAns': None, 'thisN': 15, 'thisTrialN': 15, 'thisRepN': 0}>
144.6941 	EXP 	grid_lines_2: autoDraw = False
144.6941 	EXP 	fixation_3: autoDraw = False
144.6941 	EXP 	grid_lines_2: autoDraw = False
144.6941 	EXP 	target_square_2: autoDraw = False
144.6941 	EXP 	fixation_3: autoDraw = False
144.6941 	EXP 	grid_lines_2: autoDraw = True
144.6941 	EXP 	target_square_2: autoDraw = True
145.6872 	EXP 	target_square_2: autoDraw = False
145.6966 	EXP 	fixation_3: autoDraw = True
146.6809 	EXP 	New trial (rep=0, index=16): <Trial 16 (16 in rep 0) data={'location': [0.2, 0.2], 'corrAns': None, 'thisN': 16, 'thisTrialN': 16, 'thisRepN': 0}>
146.6877 	EXP 	grid_lines_2: autoDraw = False
146.6877 	EXP 	fixation_3: autoDraw = False
146.6877 	EXP 	grid_lines_2: autoDraw = False
146.6877 	EXP 	target_square_2: autoDraw = False
146.6877 	EXP 	fixation_3: autoDraw = False
146.6962 	EXP 	grid_lines_2: autoDraw = True
146.6962 	EXP 	target_square_2: autoDraw = True
147.6882 	EXP 	target_square_2: autoDraw = False
147.6964 	EXP 	fixation_3: autoDraw = True
148.6812 	EXP 	New trial (rep=0, index=17): <Trial 17 (17 in rep 0) data={'location': [0, 0], 'corrAns': None, 'thisN': 17, 'thisTrialN': 17, 'thisRepN': 0}>
148.6892 	EXP 	grid_lines_2: autoDraw = False
148.6892 	EXP 	fixation_3: autoDraw = False
148.6892 	EXP 	grid_lines_2: autoDraw = False
148.6892 	EXP 	target_square_2: autoDraw = False
148.6892 	EXP 	fixation_3: autoDraw = False
148.6970 	EXP 	grid_lines_2: autoDraw = True
148.6970 	EXP 	target_square_2: autoDraw = True
149.6898 	EXP 	target_square_2: autoDraw = False
149.6983 	EXP 	fixation_3: autoDraw = True
150.6827 	EXP 	New trial (rep=0, index=18): <Trial 18 (18 in rep 0) data={'location': [0, -0.2], 'corrAns': None, 'thisN': 18, 'thisTrialN': 18, 'thisRepN': 0}>
150.6911 	EXP 	grid_lines_2: autoDraw = False
150.6911 	EXP 	fixation_3: autoDraw = False
150.6911 	EXP 	grid_lines_2: autoDraw = False
150.6911 	EXP 	target_square_2: autoDraw = False
150.6911 	EXP 	fixation_3: autoDraw = False
150.6989 	EXP 	grid_lines_2: autoDraw = True
150.6989 	EXP 	target_square_2: autoDraw = True
151.6916 	EXP 	target_square_2: autoDraw = False
151.7012 	EXP 	fixation_3: autoDraw = True
152.6845 	EXP 	New trial (rep=0, index=19): <Trial 19 (19 in rep 0) data={'location': [0.2, 0], 'corrAns': None, 'thisN': 19, 'thisTrialN': 19, 'thisRepN': 0}>
152.6926 	EXP 	grid_lines_2: autoDraw = False
152.6926 	EXP 	fixation_3: autoDraw = False
152.6926 	EXP 	grid_lines_2: autoDraw = False
152.6926 	EXP 	target_square_2: autoDraw = False
152.6926 	EXP 	fixation_3: autoDraw = False
152.7005 	EXP 	grid_lines_2: autoDraw = True
152.7005 	EXP 	target_square_2: autoDraw = True
153.6935 	EXP 	target_square_2: autoDraw = False
153.7016 	EXP 	fixation_3: autoDraw = True
154.6862 	EXP 	New trial (rep=0, index=20): <Trial 20 (20 in rep 0) data={'location': [0, -0.2], 'corrAns': 'space', 'thisN': 20, 'thisTrialN': 20, 'thisRepN': 0}>
154.6941 	EXP 	grid_lines_2: autoDraw = False
154.6941 	EXP 	fixation_3: autoDraw = False
154.6941 	EXP 	grid_lines_2: autoDraw = False
154.6941 	EXP 	target_square_2: autoDraw = False
154.6941 	EXP 	fixation_3: autoDraw = False
154.6941 	EXP 	grid_lines_2: autoDraw = True
154.6941 	EXP 	target_square_2: autoDraw = True
155.6869 	EXP 	target_square_2: autoDraw = False
155.6953 	EXP 	fixation_3: autoDraw = True
156.6792 	EXP 	New trial (rep=0, index=21): <Trial 21 (21 in rep 0) data={'location': [-0.2, 0.2], 'corrAns': None, 'thisN': 21, 'thisTrialN': 21, 'thisRepN': 0}>
156.6874 	EXP 	grid_lines_2: autoDraw = False
156.6874 	EXP 	fixation_3: autoDraw = False
156.6874 	EXP 	grid_lines_2: autoDraw = False
156.6874 	EXP 	target_square_2: autoDraw = False
156.6874 	EXP 	fixation_3: autoDraw = False
156.6961 	EXP 	grid_lines_2: autoDraw = True
156.6961 	EXP 	target_square_2: autoDraw = True
157.6886 	EXP 	target_square_2: autoDraw = False
157.6971 	EXP 	fixation_3: autoDraw = True
158.6809 	EXP 	New trial (rep=0, index=22): <Trial 22 (22 in rep 0) data={'location': [0.2, -0.2], 'corrAns': None, 'thisN': 22, 'thisTrialN': 22, 'thisRepN': 0}>
158.6894 	EXP 	grid_lines_2: autoDraw = False
158.6894 	EXP 	fixation_3: autoDraw = False
158.6894 	EXP 	grid_lines_2: autoDraw = False
158.6894 	EXP 	target_square_2: autoDraw = False
158.6894 	EXP 	fixation_3: autoDraw = False
158.6970 	EXP 	grid_lines_2: autoDraw = True
158.6970 	EXP 	target_square_2: autoDraw = True
159.6897 	EXP 	target_square_2: autoDraw = False
159.6981 	EXP 	fixation_3: autoDraw = True
160.6824 	EXP 	New trial (rep=0, index=23): <Trial 23 (23 in rep 0) data={'location': [-0.2, 0.2], 'corrAns': 'space', 'thisN': 23, 'thisTrialN': 23, 'thisRepN': 0}>
160.6904 	EXP 	grid_lines_2: autoDraw = False
160.6904 	EXP 	fixation_3: autoDraw = False
160.6904 	EXP 	grid_lines_2: autoDraw = False
160.6904 	EXP 	target_square_2: autoDraw = False
160.6904 	EXP 	fixation_3: autoDraw = False
160.6988 	EXP 	grid_lines_2: autoDraw = True
160.6988 	EXP 	target_square_2: autoDraw = True
161.5078 	EXP 	Device response: <KeyPress from None: t=161.50608009984717, value=space, duration=None>
161.5084 	DATA 	Keypress: space
161.6916 	EXP 	target_square_2: autoDraw = False
161.6919 	EXP 	Device response: <KeyPress from None: t=161.50608009984717, value=space, duration=0.17932299990206957>
161.6998 	EXP 	fixation_3: autoDraw = True
162.6837 	EXP 	New trial (rep=0, index=24): <Trial 24 (24 in rep 0) data={'location': [0, 0], 'corrAns': None, 'thisN': 24, 'thisTrialN': 24, 'thisRepN': 0}>
162.6924 	EXP 	grid_lines_2: autoDraw = False
162.6924 	EXP 	fixation_3: autoDraw = False
162.6924 	EXP 	grid_lines_2: autoDraw = False
162.6924 	EXP 	target_square_2: autoDraw = False
162.6924 	EXP 	fixation_3: autoDraw = False
162.7005 	EXP 	grid_lines_2: autoDraw = True
162.7005 	EXP 	target_square_2: autoDraw = True
163.6934 	EXP 	target_square_2: autoDraw = False
163.7012 	EXP 	fixation_3: autoDraw = True
164.6855 	EXP 	New trial (rep=0, index=25): <Trial 25 (25 in rep 0) data={'location': [0.2, 0.2], 'corrAns': None, 'thisN': 25, 'thisTrialN': 25, 'thisRepN': 0}>
164.6938 	EXP 	grid_lines_2: autoDraw = False
164.6938 	EXP 	fixation_3: autoDraw = False
164.6938 	EXP 	grid_lines_2: autoDraw = False
164.6938 	EXP 	target_square_2: autoDraw = False
164.6938 	EXP 	fixation_3: autoDraw = False
164.7025 	EXP 	grid_lines_2: autoDraw = True
164.7025 	EXP 	target_square_2: autoDraw = True
165.6957 	EXP 	target_square_2: autoDraw = False
165.6957 	EXP 	fixation_3: autoDraw = True
166.6869 	EXP 	fixation_3: autoDraw = False
166.6872 	EXP 	New trial (rep=0, index=26): <Trial 26 (26 in rep 0) data={'location': [-0.2, -0.2], 'corrAns': None, 'thisN': 26, 'thisTrialN': 26, 'thisRepN': 0}>
166.6955 	EXP 	grid_lines_2: autoDraw = False
166.6955 	EXP 	grid_lines_2: autoDraw = False
166.6955 	EXP 	target_square_2: autoDraw = False
166.6955 	EXP 	fixation_3: autoDraw = False
166.6955 	EXP 	grid_lines_2: autoDraw = True
166.6955 	EXP 	target_square_2: autoDraw = True
167.6880 	EXP 	target_square_2: autoDraw = False
167.6962 	EXP 	fixation_3: autoDraw = True
168.6808 	EXP 	New trial (rep=0, index=27): <Trial 27 (27 in rep 0) data={'location': [0.2, 0], 'corrAns': None, 'thisN': 27, 'thisTrialN': 27, 'thisRepN': 0}>
168.6889 	EXP 	grid_lines_2: autoDraw = False
168.6889 	EXP 	fixation_3: autoDraw = False
168.6889 	EXP 	grid_lines_2: autoDraw = False
168.6889 	EXP 	target_square_2: autoDraw = False
168.6889 	EXP 	fixation_3: autoDraw = False
168.6968 	EXP 	grid_lines_2: autoDraw = True
168.6968 	EXP 	target_square_2: autoDraw = True
169.6894 	EXP 	target_square_2: autoDraw = False
169.6986 	EXP 	fixation_3: autoDraw = True
170.6827 	EXP 	New trial (rep=0, index=28): <Trial 28 (28 in rep 0) data={'location': [0, 0.2], 'corrAns': None, 'thisN': 28, 'thisTrialN': 28, 'thisRepN': 0}>
170.6902 	EXP 	grid_lines_2: autoDraw = False
170.6902 	EXP 	fixation_3: autoDraw = False
170.6902 	EXP 	grid_lines_2: autoDraw = False
170.6902 	EXP 	target_square_2: autoDraw = False
170.6902 	EXP 	fixation_3: autoDraw = False
170.6986 	EXP 	grid_lines_2: autoDraw = True
170.6986 	EXP 	target_square_2: autoDraw = True
171.6908 	EXP 	target_square_2: autoDraw = False
171.6995 	EXP 	fixation_3: autoDraw = True
172.6839 	EXP 	New trial (rep=0, index=29): <Trial 29 (29 in rep 0) data={'location': [0.2, 0], 'corrAns': 'space', 'thisN': 29, 'thisTrialN': 29, 'thisRepN': 0}>
172.6920 	EXP 	grid_lines_2: autoDraw = False
172.6920 	EXP 	fixation_3: autoDraw = False
172.6920 	EXP 	grid_lines_2: autoDraw = False
172.6920 	EXP 	target_square_2: autoDraw = False
172.6920 	EXP 	fixation_3: autoDraw = False
172.7009 	EXP 	grid_lines_2: autoDraw = True
172.7009 	EXP 	target_square_2: autoDraw = True
173.6926 	EXP 	target_square_2: autoDraw = False
173.7012 	EXP 	fixation_3: autoDraw = True
174.6856 	EXP 	New trial (rep=0, index=30): <Trial 30 (30 in rep 0) data={'location': [-0.2, -0.2], 'corrAns': None, 'thisN': 30, 'thisTrialN': 30, 'thisRepN': 0}>
174.6942 	EXP 	grid_lines_2: autoDraw = False
174.6942 	EXP 	fixation_3: autoDraw = False
174.6942 	EXP 	grid_lines_2: autoDraw = False
174.6942 	EXP 	target_square_2: autoDraw = False
174.6942 	EXP 	fixation_3: autoDraw = False
174.7016 	EXP 	grid_lines_2: autoDraw = True
174.7016 	EXP 	target_square_2: autoDraw = True
175.6948 	EXP 	target_square_2: autoDraw = False
175.6948 	EXP 	fixation_3: autoDraw = True
176.6871 	EXP 	fixation_3: autoDraw = False
176.6874 	EXP 	New trial (rep=0, index=31): <Trial 31 (31 in rep 0) data={'location': [0, -0.2], 'corrAns': None, 'thisN': 31, 'thisTrialN': 31, 'thisRepN': 0}>
176.6950 	EXP 	grid_lines_2: autoDraw = False
176.6950 	EXP 	grid_lines_2: autoDraw = False
176.6950 	EXP 	target_square_2: autoDraw = False
176.6950 	EXP 	fixation_3: autoDraw = False
176.6950 	EXP 	grid_lines_2: autoDraw = True
176.6950 	EXP 	target_square_2: autoDraw = True
177.6872 	EXP 	target_square_2: autoDraw = False
177.6963 	EXP 	fixation_3: autoDraw = True
178.6805 	EXP 	New trial (rep=0, index=32): <Trial 32 (32 in rep 0) data={'location': [0, 0.2], 'corrAns': None, 'thisN': 32, 'thisTrialN': 32, 'thisRepN': 0}>
178.6890 	EXP 	grid_lines_2: autoDraw = False
178.6890 	EXP 	fixation_3: autoDraw = False
178.6890 	EXP 	grid_lines_2: autoDraw = False
178.6890 	EXP 	target_square_2: autoDraw = False
178.6890 	EXP 	fixation_3: autoDraw = False
178.6974 	EXP 	grid_lines_2: autoDraw = True
178.6974 	EXP 	target_square_2: autoDraw = True
179.6890 	EXP 	target_square_2: autoDraw = False
179.6976 	EXP 	fixation_3: autoDraw = True
180.6822 	EXP 	New trial (rep=0, index=33): <Trial 33 (33 in rep 0) data={'location': [0.2, 0.2], 'corrAns': None, 'thisN': 33, 'thisTrialN': 33, 'thisRepN': 0}>
180.6902 	EXP 	grid_lines_2: autoDraw = False
180.6902 	EXP 	fixation_3: autoDraw = False
180.6902 	EXP 	grid_lines_2: autoDraw = False
180.6902 	EXP 	target_square_2: autoDraw = False
180.6902 	EXP 	fixation_3: autoDraw = False
180.6986 	EXP 	grid_lines_2: autoDraw = True
180.6986 	EXP 	target_square_2: autoDraw = True
181.6907 	EXP 	target_square_2: autoDraw = False
181.6997 	EXP 	fixation_3: autoDraw = True
182.6840 	EXP 	New trial (rep=0, index=34): <Trial 34 (34 in rep 0) data={'location': [0, 0], 'corrAns': None, 'thisN': 34, 'thisTrialN': 34, 'thisRepN': 0}>
182.6915 	EXP 	grid_lines_2: autoDraw = False
182.6915 	EXP 	fixation_3: autoDraw = False
182.6915 	EXP 	grid_lines_2: autoDraw = False
182.6915 	EXP 	target_square_2: autoDraw = False
182.6915 	EXP 	fixation_3: autoDraw = False
182.7004 	EXP 	grid_lines_2: autoDraw = True
182.7004 	EXP 	target_square_2: autoDraw = True
183.1506 	EXP 	Device response: <KeyPress from None: t=183.14744139974937, value=space, duration=None>
183.1511 	DATA 	Keypress: space
183.3177 	EXP 	Device response: <KeyPress from None: t=183.14744139974937, value=space, duration=0.16706560039892793>
183.6930 	EXP 	target_square_2: autoDraw = False
183.7012 	EXP 	fixation_3: autoDraw = True
184.6851 	EXP 	New trial (rep=0, index=35): <Trial 35 (35 in rep 0) data={'location': [0.2, -0.2], 'corrAns': None, 'thisN': 35, 'thisTrialN': 35, 'thisRepN': 0}>
184.6935 	EXP 	grid_lines_2: autoDraw = False
184.6935 	EXP 	fixation_3: autoDraw = False
184.6935 	EXP 	grid_lines_2: autoDraw = False
184.6935 	EXP 	target_square_2: autoDraw = False
184.6935 	EXP 	fixation_3: autoDraw = False
184.7022 	EXP 	grid_lines_2: autoDraw = True
184.7022 	EXP 	target_square_2: autoDraw = True
185.6943 	EXP 	target_square_2: autoDraw = False
185.6943 	EXP 	fixation_3: autoDraw = True
186.6863 	EXP 	fixation_3: autoDraw = False
186.6867 	EXP 	New trial (rep=0, index=36): <Trial 36 (36 in rep 0) data={'location': [0.2, -0.2], 'corrAns': None, 'thisN': 36, 'thisTrialN': 36, 'thisRepN': 0}>
186.6950 	EXP 	grid_lines_2: autoDraw = False
186.6950 	EXP 	grid_lines_2: autoDraw = False
186.6950 	EXP 	target_square_2: autoDraw = False
186.6950 	EXP 	fixation_3: autoDraw = False
186.6950 	EXP 	grid_lines_2: autoDraw = True
186.6950 	EXP 	target_square_2: autoDraw = True
187.6875 	EXP 	target_square_2: autoDraw = False
187.6954 	EXP 	fixation_3: autoDraw = True
187.8460 	EXP 	Device response: <KeyPress from None: t=187.84270810009912, value=space, duration=None>
187.8465 	DATA 	Keypress: space
188.0043 	EXP 	Device response: <KeyPress from None: t=187.84270810009912, value=space, duration=0.1551045998930931>
188.6799 	EXP 	New trial (rep=0, index=37): <Trial 37 (37 in rep 0) data={'location': [0, 0.2], 'corrAns': None, 'thisN': 37, 'thisTrialN': 37, 'thisRepN': 0}>
188.6884 	EXP 	grid_lines_2: autoDraw = False
188.6884 	EXP 	fixation_3: autoDraw = False
188.6884 	EXP 	grid_lines_2: autoDraw = False
188.6884 	EXP 	target_square_2: autoDraw = False
188.6884 	EXP 	fixation_3: autoDraw = False
188.6970 	EXP 	grid_lines_2: autoDraw = True
188.6970 	EXP 	target_square_2: autoDraw = True
189.6890 	EXP 	target_square_2: autoDraw = False
189.6978 	EXP 	fixation_3: autoDraw = True
190.6819 	EXP 	New trial (rep=0, index=38): <Trial 38 (38 in rep 0) data={'location': [0.2, -0.2], 'corrAns': 'space', 'thisN': 38, 'thisTrialN': 38, 'thisRepN': 0}>
190.6903 	EXP 	grid_lines_2: autoDraw = False
190.6903 	EXP 	fixation_3: autoDraw = False
190.6903 	EXP 	grid_lines_2: autoDraw = False
190.6903 	EXP 	target_square_2: autoDraw = False
190.6903 	EXP 	fixation_3: autoDraw = False
190.6988 	EXP 	grid_lines_2: autoDraw = True
190.6988 	EXP 	target_square_2: autoDraw = True
191.2575 	EXP 	Device response: <KeyPress from None: t=191.25513639999554, value=space, duration=None>
191.2581 	DATA 	Keypress: space
191.4239 	EXP 	Device response: <KeyPress from None: t=191.25513639999554, value=space, duration=0.16513699991628528>
191.6913 	EXP 	target_square_2: autoDraw = False
191.6994 	EXP 	fixation_3: autoDraw = True
192.6839 	EXP 	New trial (rep=0, index=39): <Trial 39 (39 in rep 0) data={'location': [-0.2, 0.2], 'corrAns': None, 'thisN': 39, 'thisTrialN': 39, 'thisRepN': 0}>
192.6916 	EXP 	grid_lines_2: autoDraw = False
192.6916 	EXP 	fixation_3: autoDraw = False
192.6916 	EXP 	grid_lines_2: autoDraw = False
192.6916 	EXP 	target_square_2: autoDraw = False
192.6916 	EXP 	fixation_3: autoDraw = False
192.7003 	EXP 	grid_lines_2: autoDraw = True
192.7003 	EXP 	target_square_2: autoDraw = True
193.6922 	EXP 	target_square_2: autoDraw = False
193.7003 	EXP 	fixation_3: autoDraw = True
194.6856 	EXP 	New trial (rep=0, index=40): <Trial 40 (40 in rep 0) data={'location': [0, -0.2], 'corrAns': None, 'thisN': 40, 'thisTrialN': 40, 'thisRepN': 0}>
194.6939 	EXP 	grid_lines_2: autoDraw = False
194.6939 	EXP 	fixation_3: autoDraw = False
194.6939 	EXP 	grid_lines_2: autoDraw = False
194.6939 	EXP 	target_square_2: autoDraw = False
194.6939 	EXP 	fixation_3: autoDraw = False
194.7018 	EXP 	grid_lines_2: autoDraw = True
194.7018 	EXP 	target_square_2: autoDraw = True
195.6939 	EXP 	target_square_2: autoDraw = False
195.7022 	EXP 	fixation_3: autoDraw = True
196.6872 	EXP 	New trial (rep=0, index=41): <Trial 41 (41 in rep 0) data={'location': [-0.2, 0.2], 'corrAns': 'space', 'thisN': 41, 'thisTrialN': 41, 'thisRepN': 0}>
196.6950 	EXP 	grid_lines_2: autoDraw = False
196.6950 	EXP 	fixation_3: autoDraw = False
196.6950 	EXP 	grid_lines_2: autoDraw = False
196.6950 	EXP 	target_square_2: autoDraw = False
196.6950 	EXP 	fixation_3: autoDraw = False
196.6950 	EXP 	grid_lines_2: autoDraw = True
196.6950 	EXP 	target_square_2: autoDraw = True
197.3959 	EXP 	Device response: <KeyPress from None: t=197.39069580007344, value=space, duration=None>
197.3967 	DATA 	Keypress: space
197.4790 	EXP 	Device response: <KeyPress from None: t=197.39069580007344, value=space, duration=0.08627389976754785>
197.6880 	EXP 	target_square_2: autoDraw = False
197.6969 	EXP 	fixation_3: autoDraw = True
198.6804 	EXP 	New trial (rep=0, index=42): <Trial 42 (42 in rep 0) data={'location': [0.2, 0], 'corrAns': None, 'thisN': 42, 'thisTrialN': 42, 'thisRepN': 0}>
198.6881 	EXP 	grid_lines_2: autoDraw = False
198.6881 	EXP 	fixation_3: autoDraw = False
198.6881 	EXP 	grid_lines_2: autoDraw = False
198.6881 	EXP 	target_square_2: autoDraw = False
198.6881 	EXP 	fixation_3: autoDraw = False
198.6978 	EXP 	grid_lines_2: autoDraw = True
198.6978 	EXP 	target_square_2: autoDraw = True
199.6887 	EXP 	target_square_2: autoDraw = False
199.6972 	EXP 	fixation_3: autoDraw = True
200.6824 	EXP 	New trial (rep=0, index=43): <Trial 43 (43 in rep 0) data={'location': [0, 0], 'corrAns': None, 'thisN': 43, 'thisTrialN': 43, 'thisRepN': 0}>
200.6897 	EXP 	grid_lines_2: autoDraw = False
200.6897 	EXP 	fixation_3: autoDraw = False
200.6897 	EXP 	grid_lines_2: autoDraw = False
200.6897 	EXP 	target_square_2: autoDraw = False
200.6897 	EXP 	fixation_3: autoDraw = False
200.6984 	EXP 	grid_lines_2: autoDraw = True
200.6984 	EXP 	target_square_2: autoDraw = True
201.6903 	EXP 	target_square_2: autoDraw = False
201.6993 	EXP 	fixation_3: autoDraw = True
202.6830 	EXP 	New trial (rep=0, index=44): <Trial 44 (44 in rep 0) data={'location': [0.2, 0], 'corrAns': 'space', 'thisN': 44, 'thisTrialN': 44, 'thisRepN': 0}>
202.6913 	EXP 	grid_lines_2: autoDraw = False
202.6913 	EXP 	fixation_3: autoDraw = False
202.6913 	EXP 	grid_lines_2: autoDraw = False
202.6913 	EXP 	target_square_2: autoDraw = False
202.6913 	EXP 	fixation_3: autoDraw = False
202.6997 	EXP 	grid_lines_2: autoDraw = True
202.6997 	EXP 	target_square_2: autoDraw = True
203.4591 	EXP 	Device response: <KeyPress from None: t=203.4534674999304, value=space, duration=None>
203.4600 	DATA 	Keypress: space
203.5254 	EXP 	Device response: <KeyPress from None: t=203.4534674999304, value=space, duration=0.06406839983537793>
203.6924 	EXP 	target_square_2: autoDraw = False
203.7004 	EXP 	fixation_3: autoDraw = True
204.6850 	EXP 	New trial (rep=0, index=45): <Trial 45 (45 in rep 0) data={'location': [0, 0.2], 'corrAns': None, 'thisN': 45, 'thisTrialN': 45, 'thisRepN': 0}>
204.6929 	EXP 	grid_lines_2: autoDraw = False
204.6929 	EXP 	fixation_3: autoDraw = False
204.6929 	EXP 	grid_lines_2: autoDraw = False
204.6929 	EXP 	target_square_2: autoDraw = False
204.6929 	EXP 	fixation_3: autoDraw = False
204.7010 	EXP 	grid_lines_2: autoDraw = True
204.7010 	EXP 	target_square_2: autoDraw = True
205.6940 	EXP 	target_square_2: autoDraw = False
205.7023 	EXP 	fixation_3: autoDraw = True
206.6864 	EXP 	New trial (rep=0, index=46): <Trial 46 (46 in rep 0) data={'location': [0.2, 0.2], 'corrAns': None, 'thisN': 46, 'thisTrialN': 46, 'thisRepN': 0}>
206.6945 	EXP 	grid_lines_2: autoDraw = False
206.6945 	EXP 	fixation_3: autoDraw = False
206.6945 	EXP 	grid_lines_2: autoDraw = False
206.6945 	EXP 	target_square_2: autoDraw = False
206.6945 	EXP 	fixation_3: autoDraw = False
206.6945 	EXP 	grid_lines_2: autoDraw = True
206.6945 	EXP 	target_square_2: autoDraw = True
207.6874 	EXP 	target_square_2: autoDraw = False
207.6954 	EXP 	fixation_3: autoDraw = True
208.6803 	EXP 	New trial (rep=0, index=47): <Trial 47 (47 in rep 0) data={'location': [0, 0], 'corrAns': None, 'thisN': 47, 'thisTrialN': 47, 'thisRepN': 0}>
208.6882 	EXP 	grid_lines_2: autoDraw = False
208.6882 	EXP 	fixation_3: autoDraw = False
208.6882 	EXP 	grid_lines_2: autoDraw = False
208.6882 	EXP 	target_square_2: autoDraw = False
208.6882 	EXP 	fixation_3: autoDraw = False
208.6961 	EXP 	grid_lines_2: autoDraw = True
208.6961 	EXP 	target_square_2: autoDraw = True
209.2051 	EXP 	Device response: <KeyPress from None: t=209.19837349979207, value=space, duration=None>
209.2057 	DATA 	Keypress: space
209.3716 	EXP 	Device response: <KeyPress from None: t=209.19837349979207, value=space, duration=0.1685796999372542>
209.6882 	EXP 	target_square_2: autoDraw = False
209.6969 	EXP 	fixation_3: autoDraw = True
210.6814 	EXP 	New trial (rep=0, index=48): <Trial 48 (48 in rep 0) data={'location': [0, -0.2], 'corrAns': None, 'thisN': 48, 'thisTrialN': 48, 'thisRepN': 0}>
210.6896 	EXP 	grid_lines_2: autoDraw = False
210.6896 	EXP 	fixation_3: autoDraw = False
210.6896 	EXP 	grid_lines_2: autoDraw = False
210.6896 	EXP 	target_square_2: autoDraw = False
210.6896 	EXP 	fixation_3: autoDraw = False
210.6975 	EXP 	grid_lines_2: autoDraw = True
210.6975 	EXP 	target_square_2: autoDraw = True
211.6907 	EXP 	target_square_2: autoDraw = False
211.6985 	EXP 	fixation_3: autoDraw = True
212.6829 	EXP 	New trial (rep=0, index=49): <Trial 49 (49 in rep 0) data={'location': [-0.2, -0.2], 'corrAns': None, 'thisN': 49, 'thisTrialN': 49, 'thisRepN': 0}>
212.6911 	EXP 	grid_lines_2: autoDraw = False
212.6911 	EXP 	fixation_3: autoDraw = False
212.6911 	EXP 	grid_lines_2: autoDraw = False
212.6911 	EXP 	target_square_2: autoDraw = False
212.6911 	EXP 	fixation_3: autoDraw = False
212.6993 	EXP 	grid_lines_2: autoDraw = True
212.6993 	EXP 	target_square_2: autoDraw = True
213.6920 	EXP 	target_square_2: autoDraw = False
213.7002 	EXP 	fixation_3: autoDraw = True
214.6850 	EXP 	New trial (rep=0, index=50): <Trial 50 (50 in rep 0) data={'location': [0, -0.2], 'corrAns': 'space', 'thisN': 50, 'thisTrialN': 50, 'thisRepN': 0}>
214.6925 	EXP 	grid_lines_2: autoDraw = False
214.6925 	EXP 	fixation_3: autoDraw = False
214.6925 	EXP 	grid_lines_2: autoDraw = False
214.6925 	EXP 	target_square_2: autoDraw = False
214.6925 	EXP 	fixation_3: autoDraw = False
214.7009 	EXP 	grid_lines_2: autoDraw = True
214.7009 	EXP 	target_square_2: autoDraw = True
215.2437 	EXP 	Device response: <KeyPress from None: t=215.23871089983732, value=space, duration=None>
215.2446 	DATA 	Keypress: space
215.4436 	EXP 	Device response: <KeyPress from None: t=215.23871089983732, value=space, duration=0.19775560032576323>
215.6940 	EXP 	target_square_2: autoDraw = False
215.7021 	EXP 	fixation_3: autoDraw = True
216.6857 	EXP 	New trial (rep=0, index=51): <Trial 51 (51 in rep 0) data={'location': [0, 0.2], 'corrAns': None, 'thisN': 51, 'thisTrialN': 51, 'thisRepN': 0}>
216.6941 	EXP 	grid_lines_2: autoDraw = False
216.6941 	EXP 	fixation_3: autoDraw = False
216.6941 	EXP 	grid_lines_2: autoDraw = False
216.6941 	EXP 	target_square_2: autoDraw = False
216.6941 	EXP 	fixation_3: autoDraw = False
216.7026 	EXP 	grid_lines_2: autoDraw = True
216.7026 	EXP 	target_square_2: autoDraw = True
217.6953 	EXP 	target_square_2: autoDraw = False
217.6953 	EXP 	fixation_3: autoDraw = True
218.6874 	EXP 	fixation_3: autoDraw = False
218.6879 	EXP 	New trial (rep=0, index=52): <Trial 52 (52 in rep 0) data={'location': [0, 0.2], 'corrAns': None, 'thisN': 52, 'thisTrialN': 52, 'thisRepN': 0}>
218.6958 	EXP 	grid_lines_2: autoDraw = False
218.6958 	EXP 	grid_lines_2: autoDraw = False
218.6958 	EXP 	target_square_2: autoDraw = False
218.6958 	EXP 	fixation_3: autoDraw = False
218.6958 	EXP 	grid_lines_2: autoDraw = True
218.6958 	EXP 	target_square_2: autoDraw = True
219.6881 	EXP 	target_square_2: autoDraw = False
219.6964 	EXP 	fixation_3: autoDraw = True
220.6814 	EXP 	New trial (rep=0, index=53): <Trial 53 (53 in rep 0) data={'location': [-0.2, -0.2], 'corrAns': None, 'thisN': 53, 'thisTrialN': 53, 'thisRepN': 0}>
220.6888 	EXP 	grid_lines_2: autoDraw = False
220.6888 	EXP 	fixation_3: autoDraw = False
220.6888 	EXP 	grid_lines_2: autoDraw = False
220.6888 	EXP 	target_square_2: autoDraw = False
220.6888 	EXP 	fixation_3: autoDraw = False
220.6970 	EXP 	grid_lines_2: autoDraw = True
220.6970 	EXP 	target_square_2: autoDraw = True
221.6903 	EXP 	target_square_2: autoDraw = False
221.6977 	EXP 	fixation_3: autoDraw = True
222.6831 	EXP 	New trial (rep=0, index=54): <Trial 54 (54 in rep 0) data={'location': [0, 0], 'corrAns': None, 'thisN': 54, 'thisTrialN': 54, 'thisRepN': 0}>
222.6902 	EXP 	grid_lines_2: autoDraw = False
222.6902 	EXP 	fixation_3: autoDraw = False
222.6902 	EXP 	grid_lines_2: autoDraw = False
222.6902 	EXP 	target_square_2: autoDraw = False
222.6902 	EXP 	fixation_3: autoDraw = False
222.6996 	EXP 	grid_lines_2: autoDraw = True
222.6996 	EXP 	target_square_2: autoDraw = True
223.6920 	EXP 	target_square_2: autoDraw = False
223.6995 	EXP 	fixation_3: autoDraw = True
224.6844 	EXP 	New trial (rep=0, index=55): <Trial 55 (55 in rep 0) data={'location': [-0.2, -0.2], 'corrAns': 'space', 'thisN': 55, 'thisTrialN': 55, 'thisRepN': 0}>
224.6928 	EXP 	grid_lines_2: autoDraw = False
224.6928 	EXP 	fixation_3: autoDraw = False
224.6928 	EXP 	grid_lines_2: autoDraw = False
224.6928 	EXP 	target_square_2: autoDraw = False
224.6928 	EXP 	fixation_3: autoDraw = False
224.7005 	EXP 	grid_lines_2: autoDraw = True
224.7005 	EXP 	target_square_2: autoDraw = True
225.0601 	DATA 	Keypress: space
225.0688 	EXP 	Device response: <KeyPress from None: t=225.059569099918, value=space, duration=None>
225.2932 	EXP 	Device response: <KeyPress from None: t=225.059569099918, value=space, duration=0.22600159980356693>
225.6933 	EXP 	target_square_2: autoDraw = False
225.7017 	EXP 	fixation_3: autoDraw = True
226.6858 	EXP 	New trial (rep=0, index=56): <Trial 56 (56 in rep 0) data={'location': [0, 0], 'corrAns': 'space', 'thisN': 56, 'thisTrialN': 56, 'thisRepN': 0}>
226.6940 	EXP 	grid_lines_2: autoDraw = False
226.6940 	EXP 	fixation_3: autoDraw = False
226.6940 	EXP 	grid_lines_2: autoDraw = False
226.6940 	EXP 	target_square_2: autoDraw = False
226.6940 	EXP 	fixation_3: autoDraw = False
226.7022 	EXP 	grid_lines_2: autoDraw = True
226.7022 	EXP 	target_square_2: autoDraw = True
227.6947 	EXP 	target_square_2: autoDraw = False
227.6947 	EXP 	fixation_3: autoDraw = True
228.6869 	EXP 	fixation_3: autoDraw = False
228.6873 	EXP 	New trial (rep=0, index=57): <Trial 57 (57 in rep 0) data={'location': [-0.2, 0], 'corrAns': None, 'thisN': 57, 'thisTrialN': 57, 'thisRepN': 0}>
228.6960 	EXP 	grid_lines_2: autoDraw = False
228.6960 	EXP 	grid_lines_2: autoDraw = False
228.6960 	EXP 	target_square_2: autoDraw = False
228.6960 	EXP 	fixation_3: autoDraw = False
228.6960 	EXP 	grid_lines_2: autoDraw = True
228.6960 	EXP 	target_square_2: autoDraw = True
229.6876 	EXP 	target_square_2: autoDraw = False
229.6963 	EXP 	fixation_3: autoDraw = True
230.6809 	EXP 	New trial (rep=0, index=58): <Trial 58 (58 in rep 0) data={'location': [0.2, 0], 'corrAns': None, 'thisN': 58, 'thisTrialN': 58, 'thisRepN': 0}>
230.6887 	EXP 	grid_lines_2: autoDraw = False
230.6887 	EXP 	fixation_3: autoDraw = False
230.6887 	EXP 	grid_lines_2: autoDraw = False
230.6887 	EXP 	target_square_2: autoDraw = False
230.6887 	EXP 	fixation_3: autoDraw = False
230.6975 	EXP 	grid_lines_2: autoDraw = True
230.6975 	EXP 	target_square_2: autoDraw = True
231.6901 	EXP 	target_square_2: autoDraw = False
231.6976 	EXP 	fixation_3: autoDraw = True
232.6828 	EXP 	New trial (rep=0, index=59): <Trial 59 (59 in rep 0) data={'location': [0, -0.2], 'corrAns': None, 'thisN': 59, 'thisTrialN': 59, 'thisRepN': 0}>
232.6901 	EXP 	grid_lines_2: autoDraw = False
232.6901 	EXP 	fixation_3: autoDraw = False
232.6901 	EXP 	grid_lines_2: autoDraw = False
232.6901 	EXP 	target_square_2: autoDraw = False
232.6901 	EXP 	fixation_3: autoDraw = False
232.6988 	EXP 	grid_lines_2: autoDraw = True
232.6988 	EXP 	target_square_2: autoDraw = True
233.6909 	EXP 	target_square_2: autoDraw = False
233.6996 	EXP 	fixation_3: autoDraw = True
234.6843 	EXP 	New trial (rep=0, index=60): <Trial 60 (60 in rep 0) data={'location': [0.2, 0], 'corrAns': 'space', 'thisN': 60, 'thisTrialN': 60, 'thisRepN': 0}>
234.6919 	EXP 	grid_lines_2: autoDraw = False
234.6919 	EXP 	fixation_3: autoDraw = False
234.6919 	EXP 	grid_lines_2: autoDraw = False
234.6919 	EXP 	target_square_2: autoDraw = False
234.6919 	EXP 	fixation_3: autoDraw = False
234.7006 	EXP 	grid_lines_2: autoDraw = True
234.7006 	EXP 	target_square_2: autoDraw = True
235.3010 	EXP 	Device response: <KeyPress from None: t=235.29884399985895, value=space, duration=None>
235.3015 	DATA 	Keypress: space
235.5439 	EXP 	Device response: <KeyPress from None: t=235.29884399985895, value=space, duration=0.24006420001387596>
235.6931 	EXP 	target_square_2: autoDraw = False
235.7010 	EXP 	fixation_3: autoDraw = True
236.6863 	EXP 	New trial (rep=0, index=61): <Trial 61 (61 in rep 0) data={'location': [-0.2, 0], 'corrAns': None, 'thisN': 61, 'thisTrialN': 61, 'thisRepN': 0}>
236.6940 	EXP 	grid_lines_2: autoDraw = False
236.6940 	EXP 	fixation_3: autoDraw = False
236.6940 	EXP 	grid_lines_2: autoDraw = False
236.6940 	EXP 	target_square_2: autoDraw = False
236.6940 	EXP 	fixation_3: autoDraw = False
236.7024 	EXP 	grid_lines_2: autoDraw = True
236.7024 	EXP 	target_square_2: autoDraw = True
237.6940 	EXP 	target_square_2: autoDraw = False
237.6940 	EXP 	fixation_3: autoDraw = True
238.6867 	EXP 	fixation_3: autoDraw = False
238.6870 	EXP 	New trial (rep=0, index=62): <Trial 62 (62 in rep 0) data={'location': [0, 0.2], 'corrAns': None, 'thisN': 62, 'thisTrialN': 62, 'thisRepN': 0}>
238.6952 	EXP 	grid_lines_2: autoDraw = False
238.6952 	EXP 	grid_lines_2: autoDraw = False
238.6952 	EXP 	target_square_2: autoDraw = False
238.6952 	EXP 	fixation_3: autoDraw = False
238.6952 	EXP 	grid_lines_2: autoDraw = True
238.6952 	EXP 	target_square_2: autoDraw = True
239.6876 	EXP 	target_square_2: autoDraw = False
239.6961 	EXP 	fixation_3: autoDraw = True
240.6806 	EXP 	New trial (rep=0, index=63): <Trial 63 (63 in rep 0) data={'location': [0, -0.2], 'corrAns': None, 'thisN': 63, 'thisTrialN': 63, 'thisRepN': 0}>
240.6885 	EXP 	grid_lines_2: autoDraw = False
240.6885 	EXP 	fixation_3: autoDraw = False
240.6885 	EXP 	grid_lines_2: autoDraw = False
240.6885 	EXP 	target_square_2: autoDraw = False
240.6885 	EXP 	fixation_3: autoDraw = False
240.6968 	EXP 	grid_lines_2: autoDraw = True
240.6968 	EXP 	target_square_2: autoDraw = True
241.6896 	EXP 	target_square_2: autoDraw = False
241.6982 	EXP 	fixation_3: autoDraw = True
242.6820 	EXP 	New trial (rep=0, index=64): <Trial 64 (64 in rep 0) data={'location': [0, 0], 'corrAns': None, 'thisN': 64, 'thisTrialN': 64, 'thisRepN': 0}>
242.6900 	EXP 	grid_lines_2: autoDraw = False
242.6900 	EXP 	fixation_3: autoDraw = False
242.6900 	EXP 	grid_lines_2: autoDraw = False
242.6900 	EXP 	target_square_2: autoDraw = False
242.6900 	EXP 	fixation_3: autoDraw = False
242.6990 	EXP 	grid_lines_2: autoDraw = True
242.6990 	EXP 	target_square_2: autoDraw = True
243.6909 	EXP 	target_square_2: autoDraw = False
243.6992 	EXP 	fixation_3: autoDraw = True
244.6846 	EXP 	New trial (rep=0, index=65): <Trial 65 (65 in rep 0) data={'location': [0, -0.2], 'corrAns': 'space', 'thisN': 65, 'thisTrialN': 65, 'thisRepN': 0}>
244.6924 	EXP 	grid_lines_2: autoDraw = False
244.6924 	EXP 	fixation_3: autoDraw = False
244.6924 	EXP 	grid_lines_2: autoDraw = False
244.6924 	EXP 	target_square_2: autoDraw = False
244.6924 	EXP 	fixation_3: autoDraw = False
244.7004 	EXP 	grid_lines_2: autoDraw = True
244.7004 	EXP 	target_square_2: autoDraw = True
245.3173 	EXP 	Device response: <KeyPress from None: t=245.311235900037, value=space, duration=None>
245.3179 	DATA 	Keypress: space
245.5258 	EXP 	Device response: <KeyPress from None: t=245.311235900037, value=space, duration=0.20862009981647134>
245.6931 	EXP 	target_square_2: autoDraw = False
245.7015 	EXP 	fixation_3: autoDraw = True
246.6861 	EXP 	New trial (rep=0, index=66): <Trial 66 (66 in rep 0) data={'location': [0, -0.2], 'corrAns': None, 'thisN': 66, 'thisTrialN': 66, 'thisRepN': 0}>
246.6938 	EXP 	grid_lines_2: autoDraw = False
246.6938 	EXP 	fixation_3: autoDraw = False
246.6938 	EXP 	grid_lines_2: autoDraw = False
246.6938 	EXP 	target_square_2: autoDraw = False
246.6938 	EXP 	fixation_3: autoDraw = False
246.7016 	EXP 	grid_lines_2: autoDraw = True
246.7016 	EXP 	target_square_2: autoDraw = True
247.6944 	EXP 	target_square_2: autoDraw = False
247.6944 	EXP 	fixation_3: autoDraw = True
248.6866 	EXP 	fixation_3: autoDraw = False
248.6871 	EXP 	New trial (rep=0, index=67): <Trial 67 (67 in rep 0) data={'location': [0, -0.2], 'corrAns': 'space', 'thisN': 67, 'thisTrialN': 67, 'thisRepN': 0}>
248.6951 	EXP 	grid_lines_2: autoDraw = False
248.6951 	EXP 	grid_lines_2: autoDraw = False
248.6951 	EXP 	target_square_2: autoDraw = False
248.6951 	EXP 	fixation_3: autoDraw = False
248.6951 	EXP 	grid_lines_2: autoDraw = True
248.6951 	EXP 	target_square_2: autoDraw = True
249.1798 	EXP 	Device response: <KeyPress from None: t=249.17453439999372, value=space, duration=None>
249.1806 	DATA 	Keypress: space
249.3705 	EXP 	Device response: <KeyPress from None: t=249.17453439999372, value=space, duration=0.19220170006155968>
249.6880 	EXP 	target_square_2: autoDraw = False
249.6958 	EXP 	fixation_3: autoDraw = True
250.6809 	EXP 	New trial (rep=0, index=68): <Trial 68 (68 in rep 0) data={'location': [0, 0.2], 'corrAns': None, 'thisN': 68, 'thisTrialN': 68, 'thisRepN': 0}>
250.6882 	EXP 	grid_lines_2: autoDraw = False
250.6882 	EXP 	fixation_3: autoDraw = False
250.6882 	EXP 	grid_lines_2: autoDraw = False
250.6882 	EXP 	target_square_2: autoDraw = False
250.6882 	EXP 	fixation_3: autoDraw = False
250.6974 	EXP 	grid_lines_2: autoDraw = True
250.6974 	EXP 	target_square_2: autoDraw = True
251.6891 	EXP 	target_square_2: autoDraw = False
251.6979 	EXP 	fixation_3: autoDraw = True
252.6815 	EXP 	New trial (rep=0, index=69): <Trial 69 (69 in rep 0) data={'location': [-0.2, 0], 'corrAns': None, 'thisN': 69, 'thisTrialN': 69, 'thisRepN': 0}>
252.6900 	EXP 	grid_lines_2: autoDraw = False
252.6900 	EXP 	fixation_3: autoDraw = False
252.6900 	EXP 	grid_lines_2: autoDraw = False
252.6900 	EXP 	target_square_2: autoDraw = False
252.6900 	EXP 	fixation_3: autoDraw = False
252.6983 	EXP 	grid_lines_2: autoDraw = True
252.6983 	EXP 	target_square_2: autoDraw = True
253.6910 	EXP 	target_square_2: autoDraw = False
253.6993 	EXP 	fixation_3: autoDraw = True
254.6835 	EXP 	New trial (rep=0, index=70): <Trial 70 (70 in rep 0) data={'location': [0, 0], 'corrAns': None, 'thisN': 70, 'thisTrialN': 70, 'thisRepN': 0}>
254.6921 	EXP 	grid_lines_2: autoDraw = False
254.6921 	EXP 	fixation_3: autoDraw = False
254.6921 	EXP 	grid_lines_2: autoDraw = False
254.6921 	EXP 	target_square_2: autoDraw = False
254.6921 	EXP 	fixation_3: autoDraw = False
254.7000 	EXP 	grid_lines_2: autoDraw = True
254.7000 	EXP 	target_square_2: autoDraw = True
255.6930 	EXP 	target_square_2: autoDraw = False
255.7013 	EXP 	fixation_3: autoDraw = True
256.6857 	EXP 	New trial (rep=0, index=71): <Trial 71 (71 in rep 0) data={'location': [0, 0.2], 'corrAns': None, 'thisN': 71, 'thisTrialN': 71, 'thisRepN': 0}>
256.6940 	EXP 	grid_lines_2: autoDraw = False
256.6940 	EXP 	fixation_3: autoDraw = False
256.6940 	EXP 	grid_lines_2: autoDraw = False
256.6940 	EXP 	target_square_2: autoDraw = False
256.6940 	EXP 	fixation_3: autoDraw = False
256.7027 	EXP 	grid_lines_2: autoDraw = True
256.7027 	EXP 	target_square_2: autoDraw = True
257.0777 	EXP 	Device response: <KeyPress from None: t=257.0758504001424, value=space, duration=None>
257.0783 	DATA 	Keypress: space
257.2851 	EXP 	Device response: <KeyPress from None: t=257.0758504001424, value=space, duration=0.2055881996639073>
257.6940 	EXP 	target_square_2: autoDraw = False
257.7023 	EXP 	fixation_3: autoDraw = True
258.6869 	EXP 	New trial (rep=0, index=72): <Trial 72 (72 in rep 0) data={'location': [0, -0.2], 'corrAns': None, 'thisN': 72, 'thisTrialN': 72, 'thisRepN': 0}>
258.6949 	EXP 	grid_lines_2: autoDraw = False
258.6949 	EXP 	fixation_3: autoDraw = False
258.6949 	EXP 	grid_lines_2: autoDraw = False
258.6949 	EXP 	target_square_2: autoDraw = False
258.6949 	EXP 	fixation_3: autoDraw = False
258.6949 	EXP 	grid_lines_2: autoDraw = True
258.6949 	EXP 	target_square_2: autoDraw = True
259.6873 	EXP 	target_square_2: autoDraw = False
259.6958 	EXP 	fixation_3: autoDraw = True
260.6801 	EXP 	New trial (rep=0, index=73): <Trial 73 (73 in rep 0) data={'location': [0.2, 0.2], 'corrAns': None, 'thisN': 73, 'thisTrialN': 73, 'thisRepN': 0}>
260.6885 	EXP 	grid_lines_2: autoDraw = False
260.6885 	EXP 	fixation_3: autoDraw = False
260.6885 	EXP 	grid_lines_2: autoDraw = False
260.6885 	EXP 	target_square_2: autoDraw = False
260.6885 	EXP 	fixation_3: autoDraw = False
260.6970 	EXP 	grid_lines_2: autoDraw = True
260.6970 	EXP 	target_square_2: autoDraw = True
261.6892 	EXP 	target_square_2: autoDraw = False
261.6970 	EXP 	fixation_3: autoDraw = True
262.6832 	EXP 	New trial (rep=0, index=74): <Trial 74 (74 in rep 0) data={'location': [0.2, 0], 'corrAns': None, 'thisN': 74, 'thisTrialN': 74, 'thisRepN': 0}>
262.6901 	EXP 	grid_lines_2: autoDraw = False
262.6901 	EXP 	fixation_3: autoDraw = False
262.6901 	EXP 	grid_lines_2: autoDraw = False
262.6901 	EXP 	target_square_2: autoDraw = False
262.6901 	EXP 	fixation_3: autoDraw = False
262.6982 	EXP 	grid_lines_2: autoDraw = True
262.6982 	EXP 	target_square_2: autoDraw = True
263.6907 	EXP 	target_square_2: autoDraw = False
263.6990 	EXP 	fixation_3: autoDraw = True
264.6834 	EXP 	New trial (rep=0, index=75): <Trial 75 (75 in rep 0) data={'location': [-0.2, -0.2], 'corrAns': None, 'thisN': 75, 'thisTrialN': 75, 'thisRepN': 0}>
264.6919 	EXP 	grid_lines_2: autoDraw = False
264.6919 	EXP 	fixation_3: autoDraw = False
264.6919 	EXP 	grid_lines_2: autoDraw = False
264.6919 	EXP 	target_square_2: autoDraw = False
264.6919 	EXP 	fixation_3: autoDraw = False
264.6999 	EXP 	grid_lines_2: autoDraw = True
264.6999 	EXP 	target_square_2: autoDraw = True
265.6923 	EXP 	target_square_2: autoDraw = False
265.7012 	EXP 	fixation_3: autoDraw = True
266.6850 	EXP 	New trial (rep=0, index=76): <Trial 76 (76 in rep 0) data={'location': [0.2, 0], 'corrAns': 'space', 'thisN': 76, 'thisTrialN': 76, 'thisRepN': 0}>
266.6934 	EXP 	grid_lines_2: autoDraw = False
266.6934 	EXP 	fixation_3: autoDraw = False
266.6934 	EXP 	grid_lines_2: autoDraw = False
266.6934 	EXP 	target_square_2: autoDraw = False
266.6934 	EXP 	fixation_3: autoDraw = False
266.7014 	EXP 	grid_lines_2: autoDraw = True
266.7014 	EXP 	target_square_2: autoDraw = True
267.4356 	EXP 	Device response: <KeyPress from None: t=267.4330951999873, value=space, duration=None>
267.4362 	DATA 	Keypress: space
267.6355 	EXP 	Device response: <KeyPress from None: t=267.4330951999873, value=space, duration=0.20169090013951063>
267.6939 	EXP 	target_square_2: autoDraw = False
267.7024 	EXP 	fixation_3: autoDraw = True
268.6867 	EXP 	New trial (rep=0, index=77): <Trial 77 (77 in rep 0) data={'location': [-0.2, -0.2], 'corrAns': 'space', 'thisN': 77, 'thisTrialN': 77, 'thisRepN': 0}>
268.6945 	EXP 	grid_lines_2: autoDraw = False
268.6945 	EXP 	fixation_3: autoDraw = False
268.6945 	EXP 	grid_lines_2: autoDraw = False
268.6945 	EXP 	target_square_2: autoDraw = False
268.6945 	EXP 	fixation_3: autoDraw = False
268.6945 	EXP 	grid_lines_2: autoDraw = True
268.6945 	EXP 	target_square_2: autoDraw = True
269.6869 	EXP 	target_square_2: autoDraw = False
269.6959 	EXP 	fixation_3: autoDraw = True
270.6807 	EXP 	New trial (rep=0, index=78): <Trial 78 (78 in rep 0) data={'location': [0, 0], 'corrAns': None, 'thisN': 78, 'thisTrialN': 78, 'thisRepN': 0}>
270.6884 	EXP 	grid_lines_2: autoDraw = False
270.6884 	EXP 	fixation_3: autoDraw = False
270.6884 	EXP 	grid_lines_2: autoDraw = False
270.6884 	EXP 	target_square_2: autoDraw = False
270.6884 	EXP 	fixation_3: autoDraw = False
270.6964 	EXP 	grid_lines_2: autoDraw = True
270.6964 	EXP 	target_square_2: autoDraw = True
271.6888 	EXP 	target_square_2: autoDraw = False
271.6974 	EXP 	fixation_3: autoDraw = True
272.6818 	EXP 	New trial (rep=0, index=79): <Trial 79 (79 in rep 0) data={'location': [0, -0.2], 'corrAns': None, 'thisN': 79, 'thisTrialN': 79, 'thisRepN': 0}>
272.6896 	EXP 	grid_lines_2: autoDraw = False
272.6896 	EXP 	fixation_3: autoDraw = False
272.6896 	EXP 	grid_lines_2: autoDraw = False
272.6896 	EXP 	target_square_2: autoDraw = False
272.6896 	EXP 	fixation_3: autoDraw = False
272.6983 	EXP 	grid_lines_2: autoDraw = True
272.6983 	EXP 	target_square_2: autoDraw = True
273.6902 	EXP 	target_square_2: autoDraw = False
273.6991 	EXP 	fixation_3: autoDraw = True
274.6831 	EXP 	New trial (rep=0, index=80): <Trial 80 (80 in rep 0) data={'location': [0.2, 0], 'corrAns': None, 'thisN': 80, 'thisTrialN': 80, 'thisRepN': 0}>
274.6917 	EXP 	grid_lines_2: autoDraw = False
274.6917 	EXP 	fixation_3: autoDraw = False
274.6917 	EXP 	grid_lines_2: autoDraw = False
274.6917 	EXP 	target_square_2: autoDraw = False
274.6917 	EXP 	fixation_3: autoDraw = False
274.6997 	EXP 	grid_lines_2: autoDraw = True
274.6997 	EXP 	target_square_2: autoDraw = True
275.6927 	EXP 	target_square_2: autoDraw = False
275.7004 	EXP 	fixation_3: autoDraw = True
276.6845 	EXP 	New trial (rep=0, index=81): <Trial 81 (81 in rep 0) data={'location': [0, -0.2], 'corrAns': 'space', 'thisN': 81, 'thisTrialN': 81, 'thisRepN': 0}>
276.6931 	EXP 	grid_lines_2: autoDraw = False
276.6931 	EXP 	fixation_3: autoDraw = False
276.6931 	EXP 	grid_lines_2: autoDraw = False
276.6931 	EXP 	target_square_2: autoDraw = False
276.6931 	EXP 	fixation_3: autoDraw = False
276.7011 	EXP 	grid_lines_2: autoDraw = True
276.7011 	EXP 	target_square_2: autoDraw = True
277.0348 	EXP 	Device response: <KeyPress from None: t=277.03173759998754, value=space, duration=None>
277.0354 	DATA 	Keypress: space
277.2436 	EXP 	Device response: <KeyPress from None: t=277.03173759998754, value=space, duration=0.20999909983947873>
277.6936 	EXP 	target_square_2: autoDraw = False
277.7025 	EXP 	fixation_3: autoDraw = True
278.6861 	EXP 	New trial (rep=0, index=82): <Trial 82 (82 in rep 0) data={'location': [0, 0], 'corrAns': None, 'thisN': 82, 'thisTrialN': 82, 'thisRepN': 0}>
278.6943 	EXP 	grid_lines_2: autoDraw = False
278.6943 	EXP 	fixation_3: autoDraw = False
278.6943 	EXP 	grid_lines_2: autoDraw = False
278.6943 	EXP 	target_square_2: autoDraw = False
278.6943 	EXP 	fixation_3: autoDraw = False
278.7026 	EXP 	grid_lines_2: autoDraw = True
278.7026 	EXP 	target_square_2: autoDraw = True
279.6952 	EXP 	target_square_2: autoDraw = False
279.6952 	EXP 	fixation_3: autoDraw = True
280.6874 	EXP 	fixation_3: autoDraw = False
280.6879 	EXP 	New trial (rep=0, index=83): <Trial 83 (83 in rep 0) data={'location': [0.2, 0.2], 'corrAns': None, 'thisN': 83, 'thisTrialN': 83, 'thisRepN': 0}>
280.6959 	EXP 	grid_lines_2: autoDraw = False
280.6959 	EXP 	grid_lines_2: autoDraw = False
280.6959 	EXP 	target_square_2: autoDraw = False
280.6959 	EXP 	fixation_3: autoDraw = False
280.6959 	EXP 	grid_lines_2: autoDraw = True
280.6959 	EXP 	target_square_2: autoDraw = True
281.6883 	EXP 	target_square_2: autoDraw = False
281.6968 	EXP 	fixation_3: autoDraw = True
282.6814 	EXP 	New trial (rep=0, index=84): <Trial 84 (84 in rep 0) data={'location': [0, -0.2], 'corrAns': None, 'thisN': 84, 'thisTrialN': 84, 'thisRepN': 0}>
282.6893 	EXP 	grid_lines_2: autoDraw = False
282.6893 	EXP 	fixation_3: autoDraw = False
282.6893 	EXP 	grid_lines_2: autoDraw = False
282.6893 	EXP 	target_square_2: autoDraw = False
282.6893 	EXP 	fixation_3: autoDraw = False
282.6975 	EXP 	grid_lines_2: autoDraw = True
282.6975 	EXP 	target_square_2: autoDraw = True
283.6900 	EXP 	target_square_2: autoDraw = False
283.6983 	EXP 	fixation_3: autoDraw = True
284.6835 	EXP 	New trial (rep=0, index=85): <Trial 85 (85 in rep 0) data={'location': [0.2, 0], 'corrAns': None, 'thisN': 85, 'thisTrialN': 85, 'thisRepN': 0}>
284.6913 	EXP 	grid_lines_2: autoDraw = False
284.6913 	EXP 	fixation_3: autoDraw = False
284.6913 	EXP 	grid_lines_2: autoDraw = False
284.6913 	EXP 	target_square_2: autoDraw = False
284.6913 	EXP 	fixation_3: autoDraw = False
284.6990 	EXP 	grid_lines_2: autoDraw = True
284.6990 	EXP 	target_square_2: autoDraw = True
285.6923 	EXP 	target_square_2: autoDraw = False
285.7004 	EXP 	fixation_3: autoDraw = True
286.6848 	EXP 	New trial (rep=0, index=86): <Trial 86 (86 in rep 0) data={'location': [0, 0.2], 'corrAns': None, 'thisN': 86, 'thisTrialN': 86, 'thisRepN': 0}>
286.6925 	EXP 	grid_lines_2: autoDraw = False
286.6925 	EXP 	fixation_3: autoDraw = False
286.6925 	EXP 	grid_lines_2: autoDraw = False
286.6925 	EXP 	target_square_2: autoDraw = False
286.6925 	EXP 	fixation_3: autoDraw = False
286.7008 	EXP 	grid_lines_2: autoDraw = True
286.7008 	EXP 	target_square_2: autoDraw = True
287.6933 	EXP 	target_square_2: autoDraw = False
287.7020 	EXP 	fixation_3: autoDraw = True
288.6866 	EXP 	New trial (rep=0, index=87): <Trial 87 (87 in rep 0) data={'location': [0.2, 0], 'corrAns': 'space', 'thisN': 87, 'thisTrialN': 87, 'thisRepN': 0}>
288.6941 	EXP 	grid_lines_2: autoDraw = False
288.6941 	EXP 	fixation_3: autoDraw = False
288.6941 	EXP 	grid_lines_2: autoDraw = False
288.6941 	EXP 	target_square_2: autoDraw = False
288.6941 	EXP 	fixation_3: autoDraw = False
288.7023 	EXP 	grid_lines_2: autoDraw = True
288.7023 	EXP 	target_square_2: autoDraw = True
289.4035 	EXP 	Device response: <KeyPress from None: t=289.39963309979066, value=space, duration=None>
289.4041 	DATA 	Keypress: space
289.6119 	EXP 	Device response: <KeyPress from None: t=289.39963309979066, value=space, duration=0.20848709996789694>
289.6949 	EXP 	target_square_2: autoDraw = False
289.6949 	EXP 	fixation_3: autoDraw = True
290.6870 	EXP 	fixation_3: autoDraw = False
290.6875 	EXP 	New trial (rep=0, index=88): <Trial 88 (88 in rep 0) data={'location': [0, -0.2], 'corrAns': None, 'thisN': 88, 'thisTrialN': 88, 'thisRepN': 0}>
290.6956 	EXP 	grid_lines_2: autoDraw = False
290.6956 	EXP 	grid_lines_2: autoDraw = False
290.6956 	EXP 	target_square_2: autoDraw = False
290.6956 	EXP 	fixation_3: autoDraw = False
290.6956 	EXP 	grid_lines_2: autoDraw = True
290.6956 	EXP 	target_square_2: autoDraw = True
291.6884 	EXP 	target_square_2: autoDraw = False
291.6962 	EXP 	fixation_3: autoDraw = True
292.6812 	EXP 	New trial (rep=0, index=89): <Trial 89 (89 in rep 0) data={'location': [0.2, 0.2], 'corrAns': None, 'thisN': 89, 'thisTrialN': 89, 'thisRepN': 0}>
292.6892 	EXP 	grid_lines_2: autoDraw = False
292.6892 	EXP 	fixation_3: autoDraw = False
292.6892 	EXP 	grid_lines_2: autoDraw = False
292.6892 	EXP 	target_square_2: autoDraw = False
292.6892 	EXP 	fixation_3: autoDraw = False
292.6980 	EXP 	grid_lines_2: autoDraw = True
292.6980 	EXP 	target_square_2: autoDraw = True
293.6897 	EXP 	target_square_2: autoDraw = False
293.6980 	EXP 	fixation_3: autoDraw = True
294.6823 	EXP 	New trial (rep=0, index=90): <Trial 90 (90 in rep 0) data={'location': [0.2, 0], 'corrAns': None, 'thisN': 90, 'thisTrialN': 90, 'thisRepN': 0}>
294.6906 	EXP 	grid_lines_2: autoDraw = False
294.6906 	EXP 	fixation_3: autoDraw = False
294.6906 	EXP 	grid_lines_2: autoDraw = False
294.6906 	EXP 	target_square_2: autoDraw = False
294.6906 	EXP 	fixation_3: autoDraw = False
294.6984 	EXP 	grid_lines_2: autoDraw = True
294.6984 	EXP 	target_square_2: autoDraw = True
295.0584 	EXP 	Device response: <KeyPress from None: t=295.05467149987817, value=space, duration=None>
295.0590 	DATA 	Keypress: space
295.3002 	EXP 	Device response: <KeyPress from None: t=295.05467149987817, value=space, duration=0.23773689987137914>
295.6917 	EXP 	target_square_2: autoDraw = False
295.6995 	EXP 	fixation_3: autoDraw = True
296.6841 	EXP 	New trial (rep=0, index=91): <Trial 91 (91 in rep 0) data={'location': [0, 0], 'corrAns': None, 'thisN': 91, 'thisTrialN': 91, 'thisRepN': 0}>
296.6925 	EXP 	grid_lines_2: autoDraw = False
296.6925 	EXP 	fixation_3: autoDraw = False
296.6925 	EXP 	grid_lines_2: autoDraw = False
296.6925 	EXP 	target_square_2: autoDraw = False
296.6925 	EXP 	fixation_3: autoDraw = False
296.7004 	EXP 	grid_lines_2: autoDraw = True
296.7004 	EXP 	target_square_2: autoDraw = True
297.6928 	EXP 	target_square_2: autoDraw = False
297.7011 	EXP 	fixation_3: autoDraw = True
298.6855 	EXP 	New trial (rep=0, index=92): <Trial 92 (92 in rep 0) data={'location': [0, -0.2], 'corrAns': None, 'thisN': 92, 'thisTrialN': 92, 'thisRepN': 0}>
298.6939 	EXP 	grid_lines_2: autoDraw = False
298.6939 	EXP 	fixation_3: autoDraw = False
298.6939 	EXP 	grid_lines_2: autoDraw = False
298.6939 	EXP 	target_square_2: autoDraw = False
298.6939 	EXP 	fixation_3: autoDraw = False
298.7020 	EXP 	grid_lines_2: autoDraw = True
298.7020 	EXP 	target_square_2: autoDraw = True
299.6944 	EXP 	target_square_2: autoDraw = False
299.6944 	EXP 	fixation_3: autoDraw = True
300.6869 	EXP 	fixation_3: autoDraw = False
300.6872 	EXP 	New trial (rep=0, index=93): <Trial 93 (93 in rep 0) data={'location': [0, 0], 'corrAns': 'space', 'thisN': 93, 'thisTrialN': 93, 'thisRepN': 0}>
300.6953 	EXP 	grid_lines_2: autoDraw = False
300.6953 	EXP 	grid_lines_2: autoDraw = False
300.6953 	EXP 	target_square_2: autoDraw = False
300.6953 	EXP 	fixation_3: autoDraw = False
300.6953 	EXP 	grid_lines_2: autoDraw = True
300.6953 	EXP 	target_square_2: autoDraw = True
301.6881 	EXP 	target_square_2: autoDraw = False
301.6957 	EXP 	fixation_3: autoDraw = True
302.6811 	EXP 	New trial (rep=0, index=94): <Trial 94 (94 in rep 0) data={'location': [0.2, 0.2], 'corrAns': None, 'thisN': 94, 'thisTrialN': 94, 'thisRepN': 0}>
302.6889 	EXP 	grid_lines_2: autoDraw = False
302.6889 	EXP 	fixation_3: autoDraw = False
302.6889 	EXP 	grid_lines_2: autoDraw = False
302.6889 	EXP 	target_square_2: autoDraw = False
302.6889 	EXP 	fixation_3: autoDraw = False
302.6968 	EXP 	grid_lines_2: autoDraw = True
302.6968 	EXP 	target_square_2: autoDraw = True
303.6898 	EXP 	target_square_2: autoDraw = False
303.6974 	EXP 	fixation_3: autoDraw = True
304.6822 	EXP 	New trial (rep=0, index=95): <Trial 95 (95 in rep 0) data={'location': [0.2, 0.2], 'corrAns': None, 'thisN': 95, 'thisTrialN': 95, 'thisRepN': 0}>
304.6903 	EXP 	grid_lines_2: autoDraw = False
304.6903 	EXP 	fixation_3: autoDraw = False
304.6903 	EXP 	grid_lines_2: autoDraw = False
304.6903 	EXP 	target_square_2: autoDraw = False
304.6903 	EXP 	fixation_3: autoDraw = False
304.6990 	EXP 	grid_lines_2: autoDraw = True
304.6990 	EXP 	target_square_2: autoDraw = True
305.6916 	EXP 	target_square_2: autoDraw = False
305.6993 	EXP 	fixation_3: autoDraw = True
306.6842 	EXP 	New trial (rep=0, index=96): <Trial 96 (96 in rep 0) data={'location': [0.2, 0], 'corrAns': None, 'thisN': 96, 'thisTrialN': 96, 'thisRepN': 0}>
306.6917 	EXP 	grid_lines_2: autoDraw = False
306.6917 	EXP 	fixation_3: autoDraw = False
306.6917 	EXP 	grid_lines_2: autoDraw = False
306.6917 	EXP 	target_square_2: autoDraw = False
306.6917 	EXP 	fixation_3: autoDraw = False
306.7002 	EXP 	grid_lines_2: autoDraw = True
306.7002 	EXP 	target_square_2: autoDraw = True
307.6932 	EXP 	target_square_2: autoDraw = False
307.7012 	EXP 	fixation_3: autoDraw = True
308.6853 	EXP 	New trial (rep=0, index=97): <Trial 97 (97 in rep 0) data={'location': [-0.2, 0], 'corrAns': None, 'thisN': 97, 'thisTrialN': 97, 'thisRepN': 0}>
308.6934 	EXP 	grid_lines_2: autoDraw = False
308.6934 	EXP 	fixation_3: autoDraw = False
308.6934 	EXP 	grid_lines_2: autoDraw = False
308.6934 	EXP 	target_square_2: autoDraw = False
308.6934 	EXP 	fixation_3: autoDraw = False
308.7024 	EXP 	grid_lines_2: autoDraw = True
308.7024 	EXP 	target_square_2: autoDraw = True
309.6946 	EXP 	target_square_2: autoDraw = False
309.7028 	EXP 	fixation_3: autoDraw = True
310.6873 	EXP 	New trial (rep=0, index=98): <Trial 98 (98 in rep 0) data={'location': [-0.2, -0.2], 'corrAns': None, 'thisN': 98, 'thisTrialN': 98, 'thisRepN': 0}>
310.6955 	EXP 	grid_lines_2: autoDraw = False
310.6955 	EXP 	fixation_3: autoDraw = False
310.6955 	EXP 	grid_lines_2: autoDraw = False
310.6955 	EXP 	target_square_2: autoDraw = False
310.6955 	EXP 	fixation_3: autoDraw = False
310.6955 	EXP 	grid_lines_2: autoDraw = True
310.6955 	EXP 	target_square_2: autoDraw = True
311.6878 	EXP 	target_square_2: autoDraw = False
311.6957 	EXP 	fixation_3: autoDraw = True
312.6804 	EXP 	New trial (rep=0, index=99): <Trial 99 (99 in rep 0) data={'location': [0, -0.2], 'corrAns': None, 'thisN': 99, 'thisTrialN': 99, 'thisRepN': 0}>
312.6882 	EXP 	grid_lines_2: autoDraw = False
312.6882 	EXP 	fixation_3: autoDraw = False
312.6882 	EXP 	grid_lines_2: autoDraw = False
312.6882 	EXP 	target_square_2: autoDraw = False
312.6882 	EXP 	fixation_3: autoDraw = False
312.6961 	EXP 	grid_lines_2: autoDraw = True
312.6961 	EXP 	target_square_2: autoDraw = True
313.6890 	EXP 	target_square_2: autoDraw = False
313.6980 	EXP 	fixation_3: autoDraw = True
314.6910 	EXP 	grid_lines_2: autoDraw = False
314.6910 	EXP 	fixation_3: autoDraw = False
314.6910 	EXP 	grid_lines_2: autoDraw = False
314.6910 	EXP 	target_square_2: autoDraw = False
314.6910 	EXP 	fixation_3: autoDraw = False
314.6982 	EXP 	thank_you: autoDraw = True
317.5345 	EXP 	Device response: <KeyPress from None: t=317.52733349986374, value=escape, duration=None>
317.5352 	DATA 	Keypress: escape
317.6844 	EXP 	Device response: <KeyPress from None: t=317.52733349986374, value=escape, duration=0.15418179985135794>
317.6845 	EXP 	untitled: status = STOPPED
317.6923 	EXP 	thank_you: autoDraw = False
317.6924 	EXP 	untitled: status = STOPPED
